Archive member included to satisfy reference by file (symbol)

C:/ProgramData/MATLAB/SupportPackages/R2022a/3P.instrset/cmsis.instrset/CMSIS/RTOS/RTX/LIB/GCC/libRTX_CM4.a(rt_cmsis.o)
                              RTX_Conf_CM.o (osKernelInitialize)
C:/ProgramData/MATLAB/SupportPackages/R2022a/3P.instrset/cmsis.instrset/CMSIS/RTOS/RTX/LIB/GCC/libRTX_CM4.a(hal_cm.o)
                              C:/ProgramData/MATLAB/SupportPackages/R2022a/3P.instrset/cmsis.instrset/CMSIS/RTOS/RTX/LIB/GCC/libRTX_CM4.a(rt_cmsis.o) (rt_ret_val)
C:/ProgramData/MATLAB/SupportPackages/R2022a/3P.instrset/cmsis.instrset/CMSIS/RTOS/RTX/LIB/GCC/libRTX_CM4.a(rt_memory.o)
                              C:/ProgramData/MATLAB/SupportPackages/R2022a/3P.instrset/cmsis.instrset/CMSIS/RTOS/RTX/LIB/GCC/libRTX_CM4.a(rt_cmsis.o) (rt_init_mem)
C:/ProgramData/MATLAB/SupportPackages/R2022a/3P.instrset/cmsis.instrset/CMSIS/RTOS/RTX/LIB/GCC/libRTX_CM4.a(rt_membox.o)
                              C:/ProgramData/MATLAB/SupportPackages/R2022a/3P.instrset/cmsis.instrset/CMSIS/RTOS/RTX/LIB/GCC/libRTX_CM4.a(rt_cmsis.o) (_init_box)
C:/ProgramData/MATLAB/SupportPackages/R2022a/3P.instrset/cmsis.instrset/CMSIS/RTOS/RTX/LIB/GCC/libRTX_CM4.a(rt_mutex.o)
                              C:/ProgramData/MATLAB/SupportPackages/R2022a/3P.instrset/cmsis.instrset/CMSIS/RTOS/RTX/LIB/GCC/libRTX_CM4.a(rt_cmsis.o) (rt_mut_init)
C:/ProgramData/MATLAB/SupportPackages/R2022a/3P.instrset/cmsis.instrset/CMSIS/RTOS/RTX/LIB/GCC/libRTX_CM4.a(rt_time.o)
                              C:/ProgramData/MATLAB/SupportPackages/R2022a/3P.instrset/cmsis.instrset/CMSIS/RTOS/RTX/LIB/GCC/libRTX_CM4.a(rt_cmsis.o) (os_time)
C:/ProgramData/MATLAB/SupportPackages/R2022a/3P.instrset/cmsis.instrset/CMSIS/RTOS/RTX/LIB/GCC/libRTX_CM4.a(rt_semaphore.o)
                              C:/ProgramData/MATLAB/SupportPackages/R2022a/3P.instrset/cmsis.instrset/CMSIS/RTOS/RTX/LIB/GCC/libRTX_CM4.a(rt_cmsis.o) (rt_sem_init)
C:/ProgramData/MATLAB/SupportPackages/R2022a/3P.instrset/cmsis.instrset/CMSIS/RTOS/RTX/LIB/GCC/libRTX_CM4.a(rt_mailbox.o)
                              C:/ProgramData/MATLAB/SupportPackages/R2022a/3P.instrset/cmsis.instrset/CMSIS/RTOS/RTX/LIB/GCC/libRTX_CM4.a(rt_cmsis.o) (rt_mbx_init)
C:/ProgramData/MATLAB/SupportPackages/R2022a/3P.instrset/cmsis.instrset/CMSIS/RTOS/RTX/LIB/GCC/libRTX_CM4.a(rt_list.o)
                              C:/ProgramData/MATLAB/SupportPackages/R2022a/3P.instrset/cmsis.instrset/CMSIS/RTOS/RTX/LIB/GCC/libRTX_CM4.a(rt_cmsis.o) (rt_put_prio)
C:/ProgramData/MATLAB/SupportPackages/R2022a/3P.instrset/cmsis.instrset/CMSIS/RTOS/RTX/LIB/GCC/libRTX_CM4.a(rt_event.o)
                              C:/ProgramData/MATLAB/SupportPackages/R2022a/3P.instrset/cmsis.instrset/CMSIS/RTOS/RTX/LIB/GCC/libRTX_CM4.a(rt_cmsis.o) (rt_evt_wait)
C:/ProgramData/MATLAB/SupportPackages/R2022a/3P.instrset/cmsis.instrset/CMSIS/RTOS/RTX/LIB/GCC/libRTX_CM4.a(rt_system.o)
                              C:/ProgramData/MATLAB/SupportPackages/R2022a/3P.instrset/cmsis.instrset/CMSIS/RTOS/RTX/LIB/GCC/libRTX_CM4.a(rt_cmsis.o) (rt_suspend)
C:/ProgramData/MATLAB/SupportPackages/R2022a/3P.instrset/cmsis.instrset/CMSIS/RTOS/RTX/LIB/GCC/libRTX_CM4.a(rt_task.o)
                              C:/ProgramData/MATLAB/SupportPackages/R2022a/3P.instrset/cmsis.instrset/CMSIS/RTOS/RTX/LIB/GCC/libRTX_CM4.a(rt_system.o) (rt_switch_req)
C:/ProgramData/MATLAB/SupportPackages/R2022a/3P.instrset/cmsis.instrset/CMSIS/RTOS/RTX/LIB/GCC/libRTX_CM4.a(hal_cm4.o)
                              C:/ProgramData/MATLAB/SupportPackages/R2022a/3P.instrset/cmsis.instrset/CMSIS/RTOS/RTX/LIB/GCC/libRTX_CM4.a(rt_task.o) (rt_get_PSP)
C:/ProgramData/MATLAB/SupportPackages/R2022a/3P.instrset/cmsis.instrset/CMSIS/RTOS/RTX/LIB/GCC/libRTX_CM4.a(svc_table.o)
                              C:/ProgramData/MATLAB/SupportPackages/R2022a/3P.instrset/cmsis.instrset/CMSIS/RTOS/RTX/LIB/GCC/libRTX_CM4.a(hal_cm4.o) (SVC_Table)
C:/ProgramData/MATLAB/SupportPackages/R2022a/3P.instrset/cmsis.instrset/CMSIS/RTOS/RTX/LIB/GCC/libRTX_CM4.a(rt_robin.o)
                              C:/ProgramData/MATLAB/SupportPackages/R2022a/3P.instrset/cmsis.instrset/CMSIS/RTOS/RTX/LIB/GCC/libRTX_CM4.a(rt_system.o) (os_robin)
C:/ProgramData/MATLAB/SupportPackages/R2022a/toolbox/target/supportpackages/freedomk64f/src/ksdk_armgcc_lib/bm/libksdk_platform.a(fsl_os_abstraction_bm.o)
                              MW_SCI.o (OSA_SemaPost)
C:/ProgramData/MATLAB/SupportPackages/R2022a/toolbox/target/supportpackages/freedomk64f/src/ksdk_armgcc_lib/bm/libksdk_platform.a(fsl_clock_manager.o)
                              board.o (CLOCK_SYS_OscInit)
C:/ProgramData/MATLAB/SupportPackages/R2022a/toolbox/target/supportpackages/freedomk64f/src/ksdk_armgcc_lib/bm/libksdk_platform.a(fsl_clock_manager_common.o)
[...]
Memory Configuration

Name             Origin             Length             Attributes
m_interrupts     0x00000000         0x00000400         xr
m_flash_config   0x00000400         0x00000010         xr
m_text           0x00000410         0x000ffbf0         xr
m_data_2         0x1fff0000         0x00010000         rw
m_data           0x20000000         0x00030000         rw
*default*        0x00000000         0xffffffff

Linker script and memory map

LOAD c:/progra~3/matlab/suppor~1/r2022a/3p778c~1.ins/gnuarm~1.ins/win/bin/../lib/gcc/arm-none-eabi/9.3.1/thumb/v7e-m+fp/hard/crti.o
LOAD c:/progra~3/matlab/suppor~1/r2022a/3p778c~1.ins/gnuarm~1.ins/win/bin/../lib/gcc/arm-none-eabi/9.3.1/thumb/v7e-m+fp/hard/crtbegin.o
LOAD c:/progra~3/matlab/suppor~1/r2022a/3p778c~1.ins/gnuarm~1.ins/win/bin/../lib/gcc/arm-none-eabi/9.3.1/../../../../arm-none-eabi/lib/thumb/v7e-m+fp/hard/crt0.o
LOAD MW_digitalIO.o
LOAD mw_sdk_interface.o
LOAD MW_SCI.o
LOAD ert_main.o
LOAD serial_test.o
LOAD serial_test_data.o
LOAD startup.o
LOAD system_MK64F12.o
LOAD startup_MK64F12.o
LOAD board.o
LOAD hardware_init.o
LOAD pin_mux.o
LOAD fsl_misc_utilities.o
LOAD fsl_edma_irq.o
LOAD fsl_uart_irq.o
LOAD irq_stub.o
LOAD sbrk.o
LOAD cmsis_rtos_init.o
LOAD RTX_Conf_CM.o
LOAD mw_thread.o
LOAD mw_semaphore.o
LOAD mw_timer.o
LOAD mw_signal.o
LOAD C:/ProgramData/MATLAB/SupportPackages/R2022a/3P.instrset/cmsis.instrset/CMSIS/DSP/Lib/GCC/libarm_cortexM4lf_math.a
LOAD C:/ProgramData/MATLAB/SupportPackages/R2022a/3P.instrset/cmsis.instrset/CMSIS/RTOS/RTX/LIB/GCC/libRTX_CM4.a
LOAD C:/ProgramData/MATLAB/SupportPackages/R2022a/toolbox/target/supportpackages/freedomk64f/src/ksdk_armgcc_lib/bm/libksdk_platform.a
LOAD c:/progra~3/matlab/suppor~1/r2022a/3p778c~1.ins/gnuarm~1.ins/win/bin/../lib/gcc/arm-none-eabi/9.3.1/../../../../arm-none-eabi/lib/thumb/v7e-m+fp/hard\libstdc++.a
LOAD c:/progra~3/matlab/suppor~1/r2022a/3p778c~1.ins/gnuarm~1.ins/win/bin/../lib/gcc/arm-none-eabi/9.3.1/../../../../arm-none-eabi/lib/thumb/v7e-m+fp/hard\libm.a
START GROUP
LOAD c:/progra~3/matlab/suppor~1/r2022a/3p778c~1.ins/gnuarm~1.ins/win/bin/../lib/gcc/arm-none-eabi/9.3.1/thumb/v7e-m+fp/hard\libgcc.a
LOAD c:/progra~3/matlab/suppor~1/r2022a/3p778c~1.ins/gnuarm~1.ins/win/bin/../lib/gcc/arm-none-eabi/9.3.1/../../../../arm-none-eabi/lib/thumb/v7e-m+fp/hard\libg.a
LOAD c:/progra~3/matlab/suppor~1/r2022a/3p778c~1.ins/gnuarm~1.ins/win/bin/../lib/gcc/arm-none-eabi/9.3.1/../../../../arm-none-eabi/lib/thumb/v7e-m+fp/hard\libc.a
END GROUP
START GROUP
LOAD c:/progra~3/matlab/suppor~1/r2022a/3p778c~1.ins/gnuarm~1.ins/win/bin/../lib/gcc/arm-none-eabi/9.3.1/thumb/v7e-m+fp/hard\libgcc.a
LOAD c:/progra~3/matlab/suppor~1/r2022a/3p778c~1.ins/gnuarm~1.ins/win/bin/../lib/gcc/arm-none-eabi/9.3.1/../../../../arm-none-eabi/lib/thumb/v7e-m+fp/hard\libc.a
LOAD c:/progra~3/matlab/suppor~1/r2022a/3p778c~1.ins/gnuarm~1.ins/win/bin/../lib/gcc/arm-none-eabi/9.3.1/../../../../arm-none-eabi/lib/thumb/v7e-m+fp/hard\libnosys.a
END GROUP
LOAD c:/progra~3/matlab/suppor~1/r2022a/3p778c~1.ins/gnuarm~1.ins/win/bin/../lib/gcc/arm-none-eabi/9.3.1/thumb/v7e-m+fp/hard/crtend.o
LOAD c:/progra~3/matlab/suppor~1/r2022a/3p778c~1.ins/gnuarm~1.ins/win/bin/../lib/gcc/arm-none-eabi/9.3.1/thumb/v7e-m+fp/hard/crtn.o
                0x00000400                HEAP_SIZE = DEFINED (__heap_size__)?__heap_size__:0x400
                0x00000400                STACK_SIZE = DEFINED (__stack_size__)?__stack_size__:0x400
                0x00000000                M_VECTOR_RAM_SIZE = DEFINED (__ram_vector_table__)?0x400:0x0

.interrupts     0x00000000      0x400
                0x00000000                __VECTOR_TABLE = .
                0x00000000                . = ALIGN (0x4)
 *(.isr_vector)
 .isr_vector    0x00000000      0x400 startup_MK64F12.o
                0x00000000                __isr_vector
                0x00000400                . = ALIGN (0x4)

.flash_config   0x00000400       0x10
                0x00000400                . = ALIGN (0x4)
 *(.FlashConfig)
 .FlashConfig   0x00000400       0x10 startup_MK64F12.o
                0x00000410                . = ALIGN (0x4)

.text           0x00000440     0xa150
                0x00000440                . = ALIGN (0x4)
 *(.text)
 .text          0x00000440       0x40 c:/progra~3/matlab/suppor~1/r2022a/3p778c~1.ins/gnuarm~1.ins/win/bin/../lib/gcc/arm-none-eabi/9.3.1/thumb/v7e-m+fp/hard/crtbegin.o
 .text          0x00000480       0x7c c:/progra~3/matlab/suppor~1/r2022a/3p778c~1.ins/gnuarm~1.ins/win/bin/../lib/gcc/arm-none-eabi/9.3.1/../../../../arm-none-eabi/lib/thumb/v7e-m+fp/hard/crt0.o
                0x00000480                _stack_init
                0x00000488                _start
                0x00000488                _mainCRTStartup
 .text          0x000004fc       0x14 startup_MK64F12.o
                0x000004fc                Reset_Handler
                0x0000050c                ENET_Receive_IRQHandler
                0x0000050c                ENET_1588_Timer_IRQHandler
                0x0000050c                DefaultISR
                0x0000050c                PIT2_IRQHandler
                0x0000050c                PIT0_IRQHandler
                0x0000050c                ENET_Error_IRQHandler
                0x0000050c                PIT3_IRQHandler
                0x0000050c                SDHC_IRQHandler
                0x0000050c                ENET_Transmit_IRQHandler
                0x0000050c                PIT1_IRQHandler
 .text          0x00000510      0x198 C:/ProgramData/MATLAB/SupportPackages/R2022a/3P.instrset/cmsis.instrset/CMSIS/RTOS/RTX/LIB/GCC/libRTX_CM4.a(hal_cm4.o)
                0x00000510                rt_set_PSP
                0x00000516                rt_get_PSP
                0x0000051c                os_set_env
                0x00000534                _alloc_box
                0x00000550                _free_box
                0x0000056c                SVC_Handler
                0x00000612                PendSV_Handler
                0x00000618                Sys_Switch
                0x00000672                SysTick_Handler
                0x0000067c                OS_Tick_Handler
 .text          0x000006a8      0x110 c:/progra~3/matlab/suppor~1/r2022a/3p778c~1.ins/gnuarm~1.ins/win/bin/../lib/gcc/arm-none-eabi/9.3.1/thumb/v7e-m+fp/hard\libgcc.a(_arm_cmpdf2.o)
                0x000006a8                __gtdf2
                0x000006a8                __gedf2
                0x000006b0                __ltdf2
                0x000006b0                __ledf2
                0x000006b8                __nedf2
                0x000006b8                __eqdf2
                0x000006b8                __cmpdf2
                0x00000734                __aeabi_cdrcmple
                0x00000744                __aeabi_cdcmpeq
                0x00000744                __aeabi_cdcmple
                0x00000754                __aeabi_dcmpeq
                0x00000768                __aeabi_dcmplt
                0x0000077c                __aeabi_dcmple
                0x00000790                __aeabi_dcmpge
                0x000007a4                __aeabi_dcmpgt
 .text          0x000007b8       0x30 c:/progra~3/matlab/suppor~1/r2022a/3p778c~1.ins/gnuarm~1.ins/win/bin/../lib/gcc/arm-none-eabi/9.3.1/thumb/v7e-m+fp/hard\libgcc.a(_aeabi_uldivmod.o)
                0x000007b8                __aeabi_uldivmod
 .text          0x000007e8      0x2c4 c:/progra~3/matlab/suppor~1/r2022a/3p778c~1.ins/gnuarm~1.ins/win/bin/../lib/gcc/arm-none-eabi/9.3.1/thumb/v7e-m+fp/hard\libgcc.a(_udivmoddi4.o)
                0x000007e8                __udivmoddi4
 .text          0x00000aac      0x9b8 c:/progra~3/matlab/suppor~1/r2022a/3p778c~1.ins/gnuarm~1.ins/win/bin/../lib/gcc/arm-none-eabi/9.3.1/thumb/v7e-m+fp/hard\libgcc.a(unwind-arm.o)
                0x00000d54                _Unwind_GetCFA
                0x00000d58                __gnu_Unwind_RaiseException
                0x00000db8                __gnu_Unwind_ForcedUnwind
                0x00000dcc                __gnu_Unwind_Resume
                0x00000e10                __gnu_Unwind_Resume_or_Rethrow
                0x00000e20                _Unwind_Complete
                0x00000e24                _Unwind_DeleteException
                0x00000e30                _Unwind_VRS_Get
                0x00000e78                _Unwind_VRS_Set
                0x00000ec0                __gnu_Unwind_Backtrace
                0x000011e0                __aeabi_unwind_cpp_pr0
                0x000011e4                __aeabi_unwind_cpp_pr1
                0x000011e8                __aeabi_unwind_cpp_pr2
                0x000011ec                _Unwind_VRS_Pop
 .text          0x00001464      0x1ac c:/progra~3/matlab/suppor~1/r2022a/3p778c~1.ins/gnuarm~1.ins/win/bin/../lib/gcc/arm-none-eabi/9.3.1/thumb/v7e-m+fp/hard\libgcc.a(libunwind.o)
                0x00001464                __restore_core_regs
                0x00001464                restore_core_regs
                0x0000147c                __gnu_Unwind_Restore_VFP
                0x00001484                __gnu_Unwind_Save_VFP
                0x0000148c                __gnu_Unwind_Restore_VFP_D
                0x00001494                __gnu_Unwind_Save_VFP_D
                0x0000149c                __gnu_Unwind_Restore_VFP_D_16_to_31
                0x000014a4                __gnu_Unwind_Save_VFP_D_16_to_31
                0x000014ac                __gnu_Unwind_Restore_WMMXD
                0x000014f0                __gnu_Unwind_Save_WMMXD
                0x00001534                __gnu_Unwind_Restore_WMMXC
                0x00001548                __gnu_Unwind_Save_WMMXC
                0x0000155c                ___Unwind_RaiseException
                0x0000155c                _Unwind_RaiseException
                0x00001580                _Unwind_Resume
                0x00001580                ___Unwind_Resume
                0x000015a4                _Unwind_Resume_or_Rethrow
                0x000015a4                ___Unwind_Resume_or_Rethrow
                0x000015c8                _Unwind_ForcedUnwind
                0x000015c8                ___Unwind_ForcedUnwind
                0x000015ec                ___Unwind_Backtrace
                0x000015ec                _Unwind_Backtrace
 .text          0x00001610      0x340 c:/progra~3/matlab/suppor~1/r2022a/3p778c~1.ins/gnuarm~1.ins/win/bin/../lib/gcc/arm-none-eabi/9.3.1/thumb/v7e-m+fp/hard\libgcc.a(pr-support.o)
                0x00001668                __gnu_unwind_execute
                0x00001904                __gnu_unwind_frame
                0x00001930                _Unwind_GetRegionStart
                0x0000193c                _Unwind_GetLanguageSpecificData
 .text          0x00001950        0x4 c:/progra~3/matlab/suppor~1/r2022a/3p778c~1.ins/gnuarm~1.ins/win/bin/../lib/gcc/arm-none-eabi/9.3.1/thumb/v7e-m+fp/hard\libgcc.a(_dvmd_tls.o)
                0x00001950                __aeabi_idiv0
                0x00001950                __aeabi_ldiv0
 .text          0x00001954      0x134 c:/progra~3/matlab/suppor~1/r2022a/3p778c~1.ins/gnuarm~1.ins/win/bin/../lib/gcc/arm-none-eabi/9.3.1/../../../../arm-none-eabi/lib/thumb/v7e-m+fp/hard\libg.a(lib_a-memcpy.o)
                0x00001954                memcpy
 *fill*         0x00001a88        0x8 
 .text          0x00001a90       0xa0 c:/progra~3/matlab/suppor~1/r2022a/3p778c~1.ins/gnuarm~1.ins/win/bin/../lib/gcc/arm-none-eabi/9.3.1/../../../../arm-none-eabi/lib/thumb/v7e-m+fp/hard\libg.a(lib_a-memchr.o)
                0x00001a90                memchr
 *fill*         0x00001b30       0x10 
 .text          0x00001b40       0xdc c:/progra~3/matlab/suppor~1/r2022a/3p778c~1.ins/gnuarm~1.ins/win/bin/../lib/gcc/arm-none-eabi/9.3.1/../../../../arm-none-eabi/lib/thumb/v7e-m+fp/hard\libg.a(lib_a-strlen.o)
                0x00001b40                strlen
 *(.text*)
 .text.MW_digitalIO_open
                0x00001c1c       0xe0 MW_digitalIO.o
                0x00001c1c                MW_digitalIO_open
 .text.MW_digitalIO_write
                0x00001cfc       0x7e MW_digitalIO.o
                0x00001cfc                MW_digitalIO_write
 .text.MW_digitalIO_close
                0x00001d7a       0x3c MW_digitalIO.o
                0x00001d7a                MW_digitalIO_close
 *fill*         0x00001db6        0x2 
 .text.EDMA_HAL_HTCDSetDestAddr
                0x00001db8       0x48 MW_SCI.o
 .text.EDMA_HAL_HTCDSetIntCmd
                0x00001e00       0x58 MW_SCI.o
 .text.MW_SCI_Open
                0x00001e58      0x5b0 MW_SCI.o
                0x00001e58                MW_SCI_Open
 .text.MW_SCI_SetBaudrate
                0x00002408       0x18 MW_SCI.o
                0x00002408                MW_SCI_SetBaudrate
 .text.MW_SCI_SetFrameFormat
                0x00002420       0x28 MW_SCI.o
                0x00002420                MW_SCI_SetFrameFormat
 .text.MW_SCI_Receive
                0x00002448       0xa4 MW_SCI.o
                0x00002448                MW_SCI_Receive
 .text.MW_SCI_Transmit
                0x000024ec       0x80 MW_SCI.o
                0x000024ec                MW_SCI_Transmit
 .text.MW_SCI_Close
                0x0000256c       0x14 MW_SCI.o
                0x0000256c                MW_SCI_Close
 .text.MW_UART_DRV_EdmaStartReceiveData
                0x00002580       0xac MW_SCI.o
 .text.MW_UART_DRV_EdmaRxCallback
                0x0000262c       0x1c MW_SCI.o
 .text.MW_UART_DRV_EdmaCompleteReceiveData
                0x00002648      0x120 MW_SCI.o
 .text.baseRateTask
                0x00002768       0x7c ert_main.o
                0x00002768                baseRateTask
 .text.terminateTask
                0x000027e4       0x34 ert_main.o
                0x000027e4                terminateTask
 .text.main     0x00002818       0x48 ert_main.o
                0x00002818                main
 .text.serial_test_SystemCore_setup
                0x00002860       0x64 serial_test.o
 .text.serial_test_SystemCore_setup_e
                0x000028c4       0x64 serial_test.o
 .text.serial_test_step
                0x00002928      0x180 serial_test.o
                0x00002928                serial_test_step
 .text.serial_test_initialize
                0x00002aa8       0x90 serial_test.o
                0x00002aa8                serial_test_initialize
 .text.serial_test_terminate
                0x00002b38       0x90 serial_test.o
                0x00002b38                serial_test_terminate
 .text.init_data_bss
                0x00002bc8       0xd0 startup.o
                0x00002bc8                init_data_bss
 .text.SystemInit
                0x00002c98      0x1dc system_MK64F12.o
                0x00002c98                SystemInit
 .text.SystemCoreClockUpdate
                0x00002e74      0x290 system_MK64F12.o
                0x00002e74                SystemCoreClockUpdate
 .text.PORT_HAL_SetMuxMode
                0x00003104       0x58 board.o
 .text.SMC_HAL_SetProtection
                0x0000315c       0x1e board.o
 *fill*         0x0000317a        0x2 
 .text.BOARD_InitOsc0
                0x0000317c       0x30 board.o
                0x0000317c                BOARD_InitOsc0
 .text.BOARD_InitRtcOsc
                0x000031ac       0x28 board.o
                0x000031ac                BOARD_InitRtcOsc
 .text.BOARD_ClockInit
                0x000031d4       0x34 board.o
                0x000031d4                BOARD_ClockInit
 .text.hardware_init
                0x00003208       0x30 hardware_init.o
                0x00003208                hardware_init
 .text.PORT_HAL_SetMuxMode
                0x00003238       0x58 pin_mux.o
 .text.SIM_HAL_EnableClock
                0x00003290       0x44 pin_mux.o
 .text.configure_uart_pins
                0x000032d4      0x194 pin_mux.o
                0x000032d4                configure_uart_pins
 .text.DMA0_IRQHandler
                0x00003468        0xe fsl_edma_irq.o
                0x00003468                DMA0_IRQHandler
 .text.DMA1_IRQHandler
                0x00003476        0xe fsl_edma_irq.o
                0x00003476                DMA1_IRQHandler
 .text.DMA2_IRQHandler
                0x00003484        0xe fsl_edma_irq.o
                0x00003484                DMA2_IRQHandler
 .text.DMA3_IRQHandler
                0x00003492        0xe fsl_edma_irq.o
                0x00003492                DMA3_IRQHandler
 .text.DMA4_IRQHandler
                0x000034a0        0xe fsl_edma_irq.o
                0x000034a0                DMA4_IRQHandler
 .text.DMA5_IRQHandler
                0x000034ae        0xe fsl_edma_irq.o
                0x000034ae                DMA5_IRQHandler
 .text.DMA6_IRQHandler
                0x000034bc        0xe fsl_edma_irq.o
                0x000034bc                DMA6_IRQHandler
 .text.DMA7_IRQHandler
                0x000034ca        0xe fsl_edma_irq.o
                0x000034ca                DMA7_IRQHandler
 .text.DMA8_IRQHandler
                0x000034d8        0xe fsl_edma_irq.o
                0x000034d8                DMA8_IRQHandler
 .text.DMA9_IRQHandler
                0x000034e6        0xe fsl_edma_irq.o
                0x000034e6                DMA9_IRQHandler
 .text.DMA10_IRQHandler
                0x000034f4        0xe fsl_edma_irq.o
                0x000034f4                DMA10_IRQHandler
 .text.DMA11_IRQHandler
                0x00003502        0xe fsl_edma_irq.o
                0x00003502                DMA11_IRQHandler
 .text.DMA12_IRQHandler
                0x00003510        0xe fsl_edma_irq.o
                0x00003510                DMA12_IRQHandler
 .text.DMA13_IRQHandler
                0x0000351e        0xe fsl_edma_irq.o
                0x0000351e                DMA13_IRQHandler
 .text.DMA14_IRQHandler
                0x0000352c        0xe fsl_edma_irq.o
                0x0000352c                DMA14_IRQHandler
 .text.DMA15_IRQHandler
                0x0000353a        0xe fsl_edma_irq.o
                0x0000353a                DMA15_IRQHandler
 .text.DMA_Error_IRQHandler
                0x00003548        0xe fsl_edma_irq.o
                0x00003548                DMA_Error_IRQHandler
 .text.UART0_RX_TX_IRQHandler
                0x00003556        0xe fsl_uart_irq.o
                0x00003556                UART0_RX_TX_IRQHandler
 .text.UART1_RX_TX_IRQHandler
                0x00003564        0xe fsl_uart_irq.o
                0x00003564                UART1_RX_TX_IRQHandler
 .text.UART2_RX_TX_IRQHandler
                0x00003572        0xe fsl_uart_irq.o
                0x00003572                UART2_RX_TX_IRQHandler
 .text.UART3_RX_TX_IRQHandler
                0x00003580        0xe fsl_uart_irq.o
                0x00003580                UART3_RX_TX_IRQHandler
 .text.UART4_RX_TX_IRQHandler
                0x0000358e        0xe fsl_uart_irq.o
                0x0000358e                UART4_RX_TX_IRQHandler
 .text.UART5_RX_TX_IRQHandler
                0x0000359c        0xe fsl_uart_irq.o
                0x0000359c                UART5_RX_TX_IRQHandler
 .text.NMI_Handler
                0x000035aa        0x6 irq_stub.o
                0x000035aa                NMI_Handler
 .text.HardFault_Handler
                0x000035b0        0x6 irq_stub.o
                0x000035b0                HardFault_Handler
 .text.MemManage_Handler
                0x000035b6        0x6 irq_stub.o
                0x000035b6                MemManage_Handler
 .text.BusFault_Handler
                0x000035bc        0x6 irq_stub.o
                0x000035bc                BusFault_Handler
 .text.UsageFault_Handler
                0x000035c2        0x6 irq_stub.o
                0x000035c2                UsageFault_Handler
 .text.DebugMon_Handler
                0x000035c8        0x6 irq_stub.o
                0x000035c8                DebugMon_Handler
 .text.MCM_IRQHandler
                0x000035ce        0x6 irq_stub.o
                0x000035ce                MCM_IRQHandler
 .text.FTFE_IRQHandler
                0x000035d4        0x6 irq_stub.o
                0x000035d4                FTFE_IRQHandler
 .text.Read_Collision_IRQHandler
                0x000035da        0x6 irq_stub.o
                0x000035da                Read_Collision_IRQHandler
 .text.LVD_LVW_IRQHandler
                0x000035e0        0x6 irq_stub.o
                0x000035e0                LVD_LVW_IRQHandler
 .text.LLWU_IRQHandler
                0x000035e6        0x6 irq_stub.o
                0x000035e6                LLWU_IRQHandler
 .text.WDOG_EWM_IRQHandler
                0x000035ec        0x6 irq_stub.o
                0x000035ec                WDOG_EWM_IRQHandler
 .text.RNG_IRQHandler
                0x000035f2        0x6 irq_stub.o
                0x000035f2                RNG_IRQHandler
 .text.I2C0_IRQHandler
                0x000035f8        0x6 irq_stub.o
                0x000035f8                I2C0_IRQHandler
 .text.I2C1_IRQHandler
                0x000035fe        0x6 irq_stub.o
                0x000035fe                I2C1_IRQHandler
 .text.SPI0_IRQHandler
                0x00003604        0x6 irq_stub.o
                0x00003604                SPI0_IRQHandler
 .text.SPI1_IRQHandler
                0x0000360a        0x6 irq_stub.o
                0x0000360a                SPI1_IRQHandler
 .text.I2S0_Tx_IRQHandler
                0x00003610        0x6 irq_stub.o
                0x00003610                I2S0_Tx_IRQHandler
 .text.I2S0_Rx_IRQHandler
                0x00003616        0x6 irq_stub.o
                0x00003616                I2S0_Rx_IRQHandler
 .text.UART0_LON_IRQHandler
                0x0000361c        0x6 irq_stub.o
                0x0000361c                UART0_LON_IRQHandler
 .text.UART0_ERR_IRQHandler
                0x00003622        0x6 irq_stub.o
                0x00003622                UART0_ERR_IRQHandler
 .text.UART1_ERR_IRQHandler
                0x00003628        0x6 irq_stub.o
                0x00003628                UART1_ERR_IRQHandler
 .text.UART2_ERR_IRQHandler
                0x0000362e        0x6 irq_stub.o
                0x0000362e                UART2_ERR_IRQHandler
 .text.UART3_ERR_IRQHandler
                0x00003634        0x6 irq_stub.o
                0x00003634                UART3_ERR_IRQHandler
 .text.ADC0_IRQHandler
                0x0000363a        0x6 irq_stub.o
                0x0000363a                ADC0_IRQHandler
 .text.CMP0_IRQHandler
                0x00003640        0x6 irq_stub.o
                0x00003640                CMP0_IRQHandler
 .text.CMP1_IRQHandler
                0x00003646        0x6 irq_stub.o
                0x00003646                CMP1_IRQHandler
 .text.FTM0_IRQHandler
                0x0000364c        0x6 irq_stub.o
                0x0000364c                FTM0_IRQHandler
 .text.FTM1_IRQHandler
                0x00003652        0x6 irq_stub.o
                0x00003652                FTM1_IRQHandler
 .text.FTM2_IRQHandler
                0x00003658        0x6 irq_stub.o
                0x00003658                FTM2_IRQHandler
 .text.CMT_IRQHandler
                0x0000365e        0x6 irq_stub.o
                0x0000365e                CMT_IRQHandler
 .text.RTC_IRQHandler
                0x00003664        0x6 irq_stub.o
                0x00003664                RTC_IRQHandler
 .text.RTC_Seconds_IRQHandler
                0x0000366a        0x6 irq_stub.o
                0x0000366a                RTC_Seconds_IRQHandler
 .text.PDB0_IRQHandler
                0x00003670        0x6 irq_stub.o
                0x00003670                PDB0_IRQHandler
 .text.USB0_IRQHandler
                0x00003676        0x6 irq_stub.o
                0x00003676                USB0_IRQHandler
 .text.USBDCD_IRQHandler
                0x0000367c        0x6 irq_stub.o
                0x0000367c                USBDCD_IRQHandler
 .text.Reserved71_IRQHandler
                0x00003682        0x6 irq_stub.o
                0x00003682                Reserved71_IRQHandler
 .text.DAC0_IRQHandler
                0x00003688        0x6 irq_stub.o
                0x00003688                DAC0_IRQHandler
 .text.MCG_IRQHandler
                0x0000368e        0x6 irq_stub.o
                0x0000368e                MCG_IRQHandler
 .text.LPTMR0_IRQHandler
                0x00003694        0x6 irq_stub.o
                0x00003694                LPTMR0_IRQHandler
 .text.PORTA_IRQHandler
                0x0000369a        0x6 irq_stub.o
                0x0000369a                PORTA_IRQHandler
 .text.PORTB_IRQHandler
                0x000036a0        0x6 irq_stub.o
                0x000036a0                PORTB_IRQHandler
 .text.PORTC_IRQHandler
                0x000036a6        0x6 irq_stub.o
                0x000036a6                PORTC_IRQHandler
 .text.PORTD_IRQHandler
                0x000036ac        0x6 irq_stub.o
                0x000036ac                PORTD_IRQHandler
 .text.PORTE_IRQHandler
                0x000036b2        0x6 irq_stub.o
                0x000036b2                PORTE_IRQHandler
 .text.SWI_IRQHandler
                0x000036b8        0x6 irq_stub.o
                0x000036b8                SWI_IRQHandler
 .text.SPI2_IRQHandler
                0x000036be        0x6 irq_stub.o
                0x000036be                SPI2_IRQHandler
 .text.UART4_ERR_IRQHandler
                0x000036c4        0x6 irq_stub.o
                0x000036c4                UART4_ERR_IRQHandler
 .text.UART5_ERR_IRQHandler
                0x000036ca        0x6 irq_stub.o
                0x000036ca                UART5_ERR_IRQHandler
 .text.CMP2_IRQHandler
                0x000036d0        0x6 irq_stub.o
                0x000036d0                CMP2_IRQHandler
 .text.FTM3_IRQHandler
                0x000036d6        0x6 irq_stub.o
                0x000036d6                FTM3_IRQHandler
 .text.DAC1_IRQHandler
                0x000036dc        0x6 irq_stub.o
                0x000036dc                DAC1_IRQHandler
 .text.ADC1_IRQHandler
                0x000036e2        0x6 irq_stub.o
                0x000036e2                ADC1_IRQHandler
 .text.I2C2_IRQHandler
                0x000036e8        0x6 irq_stub.o
                0x000036e8                I2C2_IRQHandler
 .text.CAN0_ORed_Message_buffer_IRQHandler
                0x000036ee        0x6 irq_stub.o
                0x000036ee                CAN0_ORed_Message_buffer_IRQHandler
 .text.CAN0_Bus_Off_IRQHandler
                0x000036f4        0x6 irq_stub.o
                0x000036f4                CAN0_Bus_Off_IRQHandler
 .text.CAN0_Error_IRQHandler
                0x000036fa        0x6 irq_stub.o
                0x000036fa                CAN0_Error_IRQHandler
 .text.CAN0_Tx_Warning_IRQHandler
                0x00003700        0x6 irq_stub.o
                0x00003700                CAN0_Tx_Warning_IRQHandler
 .text.CAN0_Rx_Warning_IRQHandler
                0x00003706        0x6 irq_stub.o
                0x00003706                CAN0_Rx_Warning_IRQHandler
 .text.CAN0_Wake_Up_IRQHandler
                0x0000370c        0x6 irq_stub.o
                0x0000370c                CAN0_Wake_Up_IRQHandler
 *fill*         0x00003712        0x2 
 .text._sbrk    0x00003714       0x5c sbrk.o
                0x00003714                _sbrk
 .text.schedulerTask
                0x00003770       0x1c cmsis_rtos_init.o
                0x00003770                schedulerTask
 .text.mw_initSignalEvents
                0x0000378c       0x40 cmsis_rtos_init.o
                0x0000378c                mw_initSignalEvents
 .text.mw_RTOSInit
                0x000037cc       0x8c cmsis_rtos_init.o
                0x000037cc                mw_RTOSInit
 .text.os_idle_demon
                0x00003858        0x8 RTX_Conf_CM.o
                0x00003858                os_idle_demon
 .text.os_error
                0x00003860       0x2c RTX_Conf_CM.o
                0x00003860                os_error
 .text.rt_init_robin
                0x0000388c        0x4 RTX_Conf_CM.o
                0x0000388c                rt_init_robin
 .text.rt_chk_robin
                0x00003890        0x4 RTX_Conf_CM.o
                0x00003890                rt_chk_robin
 .text.software_init_hook
                0x00003894       0x34 RTX_Conf_CM.o
                0x00003894                software_init_hook
 .text.mw_osThreadCreate
                0x000038c8       0x52 mw_thread.o
                0x000038c8                mw_osThreadCreate
 .text.mw_osThreadGetId
                0x0000391a        0xe mw_thread.o
                0x0000391a                mw_osThreadGetId
 .text.mw_osThreadExit
                0x00003928       0x22 mw_thread.o
                0x00003928                mw_osThreadExit
 .text.mw_osTimerCreate
                0x0000394a       0x4e mw_timer.o
                0x0000394a                mw_osTimerCreate
 .text.mw_osTimerStart
                0x00003998       0x24 mw_timer.o
                0x00003998                mw_osTimerStart
 .text.mw_osSignalSet
                0x000039bc       0x2e mw_signal.o
                0x000039bc                mw_osSignalSet
 .text.mw_osSignalClear
                0x000039ea       0x26 mw_signal.o
                0x000039ea                mw_osSignalClear
 .text.mw_osSignalWaitEver
                0x00003a10       0x20 mw_signal.o
                0x00003a10                mw_osSignalWaitEver
 .text.mw_osSignalEventCreate
                0x00003a30       0x20 mw_signal.o
                0x00003a30                mw_osSignalEventCreate
 .text.mw_osSignalEventRelease
                0x00003a50       0x26 mw_signal.o
                0x00003a50                mw_osSignalEventRelease
 .text.mw_osSignalEventWaitEver
                0x00003a76       0x34 mw_signal.o
                0x00003a76                mw_osSignalEventWaitEver
 *fill*         0x00003aaa        0x2 
 .text.osThreadExit
                0x00003aac       0x18 C:/ProgramData/MATLAB/SupportPackages/R2022a/3P.instrset/cmsis.instrset/CMSIS/RTOS/RTX/LIB/GCC/libRTX_CM4.a(rt_cmsis.o)
                0x00003aac                osThreadExit
 .text.svcKernelInitialize
                0x00003ac4      0x104 C:/ProgramData/MATLAB/SupportPackages/R2022a/3P.instrset/cmsis.instrset/CMSIS/RTOS/RTX/LIB/GCC/libRTX_CM4.a(rt_cmsis.o)
                0x00003ac4                svcKernelInitialize
 .text.svcKernelStart
                0x00003bc8       0x48 C:/ProgramData/MATLAB/SupportPackages/R2022a/3P.instrset/cmsis.instrset/CMSIS/RTOS/RTX/LIB/GCC/libRTX_CM4.a(rt_cmsis.o)
                0x00003bc8                svcKernelStart
 .text.osKernelInitialize
                0x00003c10       0x28 C:/ProgramData/MATLAB/SupportPackages/R2022a/3P.instrset/cmsis.instrset/CMSIS/RTOS/RTX/LIB/GCC/libRTX_CM4.a(rt_cmsis.o)
                0x00003c10                osKernelInitialize
 .text.osKernelStart
                0x00003c38       0x74 C:/ProgramData/MATLAB/SupportPackages/R2022a/3P.instrset/cmsis.instrset/CMSIS/RTOS/RTX/LIB/GCC/libRTX_CM4.a(rt_cmsis.o)
                0x00003c38                osKernelStart
 .text.svcThreadCreate
                0x00003cac       0x7c C:/ProgramData/MATLAB/SupportPackages/R2022a/3P.instrset/cmsis.instrset/CMSIS/RTOS/RTX/LIB/GCC/libRTX_CM4.a(rt_cmsis.o)
                0x00003cac                svcThreadCreate
 .text.svcThreadGetId
                0x00003d28       0x18 C:/ProgramData/MATLAB/SupportPackages/R2022a/3P.instrset/cmsis.instrset/CMSIS/RTOS/RTX/LIB/GCC/libRTX_CM4.a(rt_cmsis.o)
                0x00003d28                svcThreadGetId
 .text.svcThreadTerminate
                0x00003d40       0x48 C:/ProgramData/MATLAB/SupportPackages/R2022a/3P.instrset/cmsis.instrset/CMSIS/RTOS/RTX/LIB/GCC/libRTX_CM4.a(rt_cmsis.o)
                0x00003d40                svcThreadTerminate
 .text.osThreadCreate
                0x00003d88       0xa4 C:/ProgramData/MATLAB/SupportPackages/R2022a/3P.instrset/cmsis.instrset/CMSIS/RTOS/RTX/LIB/GCC/libRTX_CM4.a(rt_cmsis.o)
                0x00003d88                osThreadCreate
 .text.osThreadGetId
                0x00003e2c       0x18 C:/ProgramData/MATLAB/SupportPackages/R2022a/3P.instrset/cmsis.instrset/CMSIS/RTOS/RTX/LIB/GCC/libRTX_CM4.a(rt_cmsis.o)
                0x00003e2c                osThreadGetId
 .text.osThreadTerminate
                0x00003e44       0x18 C:/ProgramData/MATLAB/SupportPackages/R2022a/3P.instrset/cmsis.instrset/CMSIS/RTOS/RTX/LIB/GCC/libRTX_CM4.a(rt_cmsis.o)
                0x00003e44                osThreadTerminate
 .text.svcTimerCreate
                0x00003e5c       0x40 C:/ProgramData/MATLAB/SupportPackages/R2022a/3P.instrset/cmsis.instrset/CMSIS/RTOS/RTX/LIB/GCC/libRTX_CM4.a(rt_cmsis.o)
                0x00003e5c                svcTimerCreate
 .text.svcTimerStart
                0x00003e9c       0xdc C:/ProgramData/MATLAB/SupportPackages/R2022a/3P.instrset/cmsis.instrset/CMSIS/RTOS/RTX/LIB/GCC/libRTX_CM4.a(rt_cmsis.o)
                0x00003e9c                svcTimerStart
 .text.svcTimerCall
                0x00003f78       0x18 C:/ProgramData/MATLAB/SupportPackages/R2022a/3P.instrset/cmsis.instrset/CMSIS/RTOS/RTX/LIB/GCC/libRTX_CM4.a(rt_cmsis.o)
                0x00003f78                svcTimerCall
 .text.sysTimerTick
                0x00003f90       0xc8 C:/ProgramData/MATLAB/SupportPackages/R2022a/3P.instrset/cmsis.instrset/CMSIS/RTOS/RTX/LIB/GCC/libRTX_CM4.a(rt_cmsis.o)
                0x00003f90                sysTimerTick
 .text.osTimerCreate
                0x00004058       0x68 C:/ProgramData/MATLAB/SupportPackages/R2022a/3P.instrset/cmsis.instrset/CMSIS/RTOS/RTX/LIB/GCC/libRTX_CM4.a(rt_cmsis.o)
                0x00004058                osTimerCreate
 .text.osTimerStart
                0x000040c0       0x18 C:/ProgramData/MATLAB/SupportPackages/R2022a/3P.instrset/cmsis.instrset/CMSIS/RTOS/RTX/LIB/GCC/libRTX_CM4.a(rt_cmsis.o)
                0x000040c0                osTimerStart
 .text.osTimerThread
                0x000040d8       0x3c C:/ProgramData/MATLAB/SupportPackages/R2022a/3P.instrset/cmsis.instrset/CMSIS/RTOS/RTX/LIB/GCC/libRTX_CM4.a(rt_cmsis.o)
                0x000040d8                osTimerThread
 .text.svcSignalSet
                0x00004114       0x2c C:/ProgramData/MATLAB/SupportPackages/R2022a/3P.instrset/cmsis.instrset/CMSIS/RTOS/RTX/LIB/GCC/libRTX_CM4.a(rt_cmsis.o)
                0x00004114                svcSignalSet
 .text.svcSignalClear
                0x00004140       0x2c C:/ProgramData/MATLAB/SupportPackages/R2022a/3P.instrset/cmsis.instrset/CMSIS/RTOS/RTX/LIB/GCC/libRTX_CM4.a(rt_cmsis.o)
                0x00004140                svcSignalClear
 .text.svcSignalWait
                0x0000416c      0x100 C:/ProgramData/MATLAB/SupportPackages/R2022a/3P.instrset/cmsis.instrset/CMSIS/RTOS/RTX/LIB/GCC/libRTX_CM4.a(rt_cmsis.o)
                0x0000416c                svcSignalWait
 .text.osSignalSet
                0x0000426c       0x40 C:/ProgramData/MATLAB/SupportPackages/R2022a/3P.instrset/cmsis.instrset/CMSIS/RTOS/RTX/LIB/GCC/libRTX_CM4.a(rt_cmsis.o)
                0x0000426c                osSignalSet
 .text.osSignalClear
                0x000042ac       0x1c C:/ProgramData/MATLAB/SupportPackages/R2022a/3P.instrset/cmsis.instrset/CMSIS/RTOS/RTX/LIB/GCC/libRTX_CM4.a(rt_cmsis.o)
                0x000042ac                osSignalClear
 .text.osSignalWait
                0x000042c8       0x2c C:/ProgramData/MATLAB/SupportPackages/R2022a/3P.instrset/cmsis.instrset/CMSIS/RTOS/RTX/LIB/GCC/libRTX_CM4.a(rt_cmsis.o)
                0x000042c8                osSignalWait
 .text.svcMessageGet
                0x000042f4       0xbc C:/ProgramData/MATLAB/SupportPackages/R2022a/3P.instrset/cmsis.instrset/CMSIS/RTOS/RTX/LIB/GCC/libRTX_CM4.a(rt_cmsis.o)
                0x000042f4                svcMessageGet
 .text.rt_init_stack
                0x000043b0       0xa8 C:/ProgramData/MATLAB/SupportPackages/R2022a/3P.instrset/cmsis.instrset/CMSIS/RTOS/RTX/LIB/GCC/libRTX_CM4.a(hal_cm.o)
                0x000043b0                rt_init_stack
 .text.rt_ret_val
                0x00004458       0x14 C:/ProgramData/MATLAB/SupportPackages/R2022a/3P.instrset/cmsis.instrset/CMSIS/RTOS/RTX/LIB/GCC/libRTX_CM4.a(hal_cm.o)
                0x00004458                rt_ret_val
 .text.rt_ret_val2
                0x0000446c       0x24 C:/ProgramData/MATLAB/SupportPackages/R2022a/3P.instrset/cmsis.instrset/CMSIS/RTOS/RTX/LIB/GCC/libRTX_CM4.a(hal_cm.o)
                0x0000446c                rt_ret_val2
 .text.dbg_init
                0x00004490       0x34 C:/ProgramData/MATLAB/SupportPackages/R2022a/3P.instrset/cmsis.instrset/CMSIS/RTOS/RTX/LIB/GCC/libRTX_CM4.a(hal_cm.o)
                0x00004490                dbg_init
 .text.dbg_task_notify
                0x000044c4       0x2c C:/ProgramData/MATLAB/SupportPackages/R2022a/3P.instrset/cmsis.instrset/CMSIS/RTOS/RTX/LIB/GCC/libRTX_CM4.a(hal_cm.o)
                0x000044c4                dbg_task_notify
 .text.dbg_task_switch
                0x000044f0       0x14 C:/ProgramData/MATLAB/SupportPackages/R2022a/3P.instrset/cmsis.instrset/CMSIS/RTOS/RTX/LIB/GCC/libRTX_CM4.a(hal_cm.o)
                0x000044f0                dbg_task_switch
 .text.rt_init_mem
                0x00004504       0x1c C:/ProgramData/MATLAB/SupportPackages/R2022a/3P.instrset/cmsis.instrset/CMSIS/RTOS/RTX/LIB/GCC/libRTX_CM4.a(rt_memory.o)
                0x00004504                rt_init_mem
 .text.rt_alloc_mem
                0x00004520       0x48 C:/ProgramData/MATLAB/SupportPackages/R2022a/3P.instrset/cmsis.instrset/CMSIS/RTOS/RTX/LIB/GCC/libRTX_CM4.a(rt_memory.o)
                0x00004520                rt_alloc_mem
 .text.rt_free_mem
                0x00004568       0x54 C:/ProgramData/MATLAB/SupportPackages/R2022a/3P.instrset/cmsis.instrset/CMSIS/RTOS/RTX/LIB/GCC/libRTX_CM4.a(rt_memory.o)
                0x00004568                rt_free_mem
 .text._init_box
                0x000045bc       0x58 C:/ProgramData/MATLAB/SupportPackages/R2022a/3P.instrset/cmsis.instrset/CMSIS/RTOS/RTX/LIB/GCC/libRTX_CM4.a(rt_membox.o)
                0x000045bc                _init_box
 .text.rt_alloc_box
                0x00004614       0x1c C:/ProgramData/MATLAB/SupportPackages/R2022a/3P.instrset/cmsis.instrset/CMSIS/RTOS/RTX/LIB/GCC/libRTX_CM4.a(rt_membox.o)
                0x00004614                rt_alloc_box
 .text.rt_free_box
                0x00004630       0x28 C:/ProgramData/MATLAB/SupportPackages/R2022a/3P.instrset/cmsis.instrset/CMSIS/RTOS/RTX/LIB/GCC/libRTX_CM4.a(rt_membox.o)
                0x00004630                rt_free_box
 .text.rt_sem_psh
                0x00004658       0x34 C:/ProgramData/MATLAB/SupportPackages/R2022a/3P.instrset/cmsis.instrset/CMSIS/RTOS/RTX/LIB/GCC/libRTX_CM4.a(rt_semaphore.o)
                0x00004658                rt_sem_psh
 .text.rt_mbx_init
                0x0000468c       0x18 C:/ProgramData/MATLAB/SupportPackages/R2022a/3P.instrset/cmsis.instrset/CMSIS/RTOS/RTX/LIB/GCC/libRTX_CM4.a(rt_mailbox.o)
                0x0000468c                rt_mbx_init
 .text.rt_mbx_wait
                0x000046a4       0xa8 C:/ProgramData/MATLAB/SupportPackages/R2022a/3P.instrset/cmsis.instrset/CMSIS/RTOS/RTX/LIB/GCC/libRTX_CM4.a(rt_mailbox.o)
                0x000046a4                rt_mbx_wait
 .text.rt_mbx_check
                0x0000474c        0x8 C:/ProgramData/MATLAB/SupportPackages/R2022a/3P.instrset/cmsis.instrset/CMSIS/RTOS/RTX/LIB/GCC/libRTX_CM4.a(rt_mailbox.o)
                0x0000474c                rt_mbx_check
 .text.isr_mbx_send
                0x00004754       0x10 C:/ProgramData/MATLAB/SupportPackages/R2022a/3P.instrset/cmsis.instrset/CMSIS/RTOS/RTX/LIB/GCC/libRTX_CM4.a(rt_mailbox.o)
                0x00004754                isr_mbx_send
 .text.rt_mbx_psh
                0x00004764       0xe8 C:/ProgramData/MATLAB/SupportPackages/R2022a/3P.instrset/cmsis.instrset/CMSIS/RTOS/RTX/LIB/GCC/libRTX_CM4.a(rt_mailbox.o)
                0x00004764                rt_mbx_psh
 .text.rt_put_prio
                0x0000484c       0x50 C:/ProgramData/MATLAB/SupportPackages/R2022a/3P.instrset/cmsis.instrset/CMSIS/RTOS/RTX/LIB/GCC/libRTX_CM4.a(rt_list.o)
                0x0000484c                rt_put_prio
 .text.rt_get_first
                0x0000489c       0x28 C:/ProgramData/MATLAB/SupportPackages/R2022a/3P.instrset/cmsis.instrset/CMSIS/RTOS/RTX/LIB/GCC/libRTX_CM4.a(rt_list.o)
                0x0000489c                rt_get_first
 .text.rt_put_rdy_first
                0x000048c4       0x14 C:/ProgramData/MATLAB/SupportPackages/R2022a/3P.instrset/cmsis.instrset/CMSIS/RTOS/RTX/LIB/GCC/libRTX_CM4.a(rt_list.o)
                0x000048c4                rt_put_rdy_first
 .text.rt_resort_prio
                0x000048d8       0xac C:/ProgramData/MATLAB/SupportPackages/R2022a/3P.instrset/cmsis.instrset/CMSIS/RTOS/RTX/LIB/GCC/libRTX_CM4.a(rt_list.o)
                0x000048d8                rt_resort_prio
 .text.rt_put_dly
                0x00004984       0x60 C:/ProgramData/MATLAB/SupportPackages/R2022a/3P.instrset/cmsis.instrset/CMSIS/RTOS/RTX/LIB/GCC/libRTX_CM4.a(rt_list.o)
                0x00004984                rt_put_dly
 .text.rt_dec_dly
                0x000049e4       0xbc C:/ProgramData/MATLAB/SupportPackages/R2022a/3P.instrset/cmsis.instrset/CMSIS/RTOS/RTX/LIB/GCC/libRTX_CM4.a(rt_list.o)
                0x000049e4                rt_dec_dly
 .text.rt_rmv_list
                0x00004aa0       0x2c C:/ProgramData/MATLAB/SupportPackages/R2022a/3P.instrset/cmsis.instrset/CMSIS/RTOS/RTX/LIB/GCC/libRTX_CM4.a(rt_list.o)
                0x00004aa0                rt_rmv_list
 .text.rt_rmv_dly
                0x00004acc       0x30 C:/ProgramData/MATLAB/SupportPackages/R2022a/3P.instrset/cmsis.instrset/CMSIS/RTOS/RTX/LIB/GCC/libRTX_CM4.a(rt_list.o)
                0x00004acc                rt_rmv_dly
 .text.rt_psq_enq
                0x00004afc       0x44 C:/ProgramData/MATLAB/SupportPackages/R2022a/3P.instrset/cmsis.instrset/CMSIS/RTOS/RTX/LIB/GCC/libRTX_CM4.a(rt_list.o)
                0x00004afc                rt_psq_enq
 .text.rt_evt_wait
                0x00004b40       0x44 C:/ProgramData/MATLAB/SupportPackages/R2022a/3P.instrset/cmsis.instrset/CMSIS/RTOS/RTX/LIB/GCC/libRTX_CM4.a(rt_event.o)
                0x00004b40                rt_evt_wait
 .text.rt_evt_set
                0x00004b84       0x58 C:/ProgramData/MATLAB/SupportPackages/R2022a/3P.instrset/cmsis.instrset/CMSIS/RTOS/RTX/LIB/GCC/libRTX_CM4.a(rt_event.o)
                0x00004b84                rt_evt_set
 .text.rt_evt_clr
                0x00004bdc       0x18 C:/ProgramData/MATLAB/SupportPackages/R2022a/3P.instrset/cmsis.instrset/CMSIS/RTOS/RTX/LIB/GCC/libRTX_CM4.a(rt_event.o)
                0x00004bdc                rt_evt_clr
 .text.isr_evt_set
                0x00004bf4       0x24 C:/ProgramData/MATLAB/SupportPackages/R2022a/3P.instrset/cmsis.instrset/CMSIS/RTOS/RTX/LIB/GCC/libRTX_CM4.a(rt_event.o)
                0x00004bf4                isr_evt_set
 .text.rt_evt_psh
                0x00004c18       0x50 C:/ProgramData/MATLAB/SupportPackages/R2022a/3P.instrset/cmsis.instrset/CMSIS/RTOS/RTX/LIB/GCC/libRTX_CM4.a(rt_event.o)
                0x00004c18                rt_evt_psh
 .text.rt_psh_req
                0x00004c68       0x20 C:/ProgramData/MATLAB/SupportPackages/R2022a/3P.instrset/cmsis.instrset/CMSIS/RTOS/RTX/LIB/GCC/libRTX_CM4.a(rt_system.o)
                0x00004c68                rt_psh_req
 .text.rt_pop_req
                0x00004c88       0x9c C:/ProgramData/MATLAB/SupportPackages/R2022a/3P.instrset/cmsis.instrset/CMSIS/RTOS/RTX/LIB/GCC/libRTX_CM4.a(rt_system.o)
                0x00004c88                rt_pop_req
 .text.os_tick_init
                0x00004d24       0x40 C:/ProgramData/MATLAB/SupportPackages/R2022a/3P.instrset/cmsis.instrset/CMSIS/RTOS/RTX/LIB/GCC/libRTX_CM4.a(rt_system.o)
                0x00004d24                os_tick_init
 .text.os_tick_irqack
                0x00004d64        0x4 C:/ProgramData/MATLAB/SupportPackages/R2022a/3P.instrset/cmsis.instrset/CMSIS/RTOS/RTX/LIB/GCC/libRTX_CM4.a(rt_system.o)
                0x00004d64                os_tick_irqack
 .text.rt_systick
                0x00004d68       0x3c C:/ProgramData/MATLAB/SupportPackages/R2022a/3P.instrset/cmsis.instrset/CMSIS/RTOS/RTX/LIB/GCC/libRTX_CM4.a(rt_system.o)
                0x00004d68                rt_systick
 .text.rt_stk_check
                0x00004da4       0x24 C:/ProgramData/MATLAB/SupportPackages/R2022a/3P.instrset/cmsis.instrset/CMSIS/RTOS/RTX/LIB/GCC/libRTX_CM4.a(rt_system.o)
                0x00004da4                rt_stk_check
 .text.rt_switch_req
                0x00004dc8       0x24 C:/ProgramData/MATLAB/SupportPackages/R2022a/3P.instrset/cmsis.instrset/CMSIS/RTOS/RTX/LIB/GCC/libRTX_CM4.a(rt_task.o)
                0x00004dc8                rt_switch_req
 .text.rt_dispatch
                0x00004dec       0x78 C:/ProgramData/MATLAB/SupportPackages/R2022a/3P.instrset/cmsis.instrset/CMSIS/RTOS/RTX/LIB/GCC/libRTX_CM4.a(rt_task.o)
                0x00004dec                rt_dispatch
 .text.rt_block
                0x00004e64       0x50 C:/ProgramData/MATLAB/SupportPackages/R2022a/3P.instrset/cmsis.instrset/CMSIS/RTOS/RTX/LIB/GCC/libRTX_CM4.a(rt_task.o)
                0x00004e64                rt_block
 .text.rt_tsk_self
                0x00004eb4       0x10 C:/ProgramData/MATLAB/SupportPackages/R2022a/3P.instrset/cmsis.instrset/CMSIS/RTOS/RTX/LIB/GCC/libRTX_CM4.a(rt_task.o)
                0x00004eb4                rt_tsk_self
 .text.rt_tsk_prio
                0x00004ec4       0xa0 C:/ProgramData/MATLAB/SupportPackages/R2022a/3P.instrset/cmsis.instrset/CMSIS/RTOS/RTX/LIB/GCC/libRTX_CM4.a(rt_task.o)
                0x00004ec4                rt_tsk_prio
 .text.rt_tsk_create
                0x00004f64       0xc8 C:/ProgramData/MATLAB/SupportPackages/R2022a/3P.instrset/cmsis.instrset/CMSIS/RTOS/RTX/LIB/GCC/libRTX_CM4.a(rt_task.o)
                0x00004f64                rt_tsk_create
 .text.rt_tsk_delete
                0x0000502c      0x1bc C:/ProgramData/MATLAB/SupportPackages/R2022a/3P.instrset/cmsis.instrset/CMSIS/RTOS/RTX/LIB/GCC/libRTX_CM4.a(rt_task.o)
                0x0000502c                rt_tsk_delete
 .text.rt_sys_init
                0x000051e8       0xdc C:/ProgramData/MATLAB/SupportPackages/R2022a/3P.instrset/cmsis.instrset/CMSIS/RTOS/RTX/LIB/GCC/libRTX_CM4.a(rt_task.o)
                0x000051e8                rt_sys_init
 .text.rt_sys_start
                0x000052c4       0x8c C:/ProgramData/MATLAB/SupportPackages/R2022a/3P.instrset/cmsis.instrset/CMSIS/RTOS/RTX/LIB/GCC/libRTX_CM4.a(rt_task.o)
                0x000052c4                rt_sys_start
 .text.OSA_TimeInit
                0x00005350       0x40 C:/ProgramData/MATLAB/SupportPackages/R2022a/toolbox/target/supportpackages/freedomk64f/src/ksdk_armgcc_lib/bm/libksdk_platform.a(fsl_os_abstraction_bm.o)
                0x00005350                OSA_TimeInit
 .text.OSA_SemaCreate
                0x00005390       0x2c C:/ProgramData/MATLAB/SupportPackages/R2022a/toolbox/target/supportpackages/freedomk64f/src/ksdk_armgcc_lib/bm/libksdk_platform.a(fsl_os_abstraction_bm.o)
                0x00005390                OSA_SemaCreate
 .text.OSA_SemaPost
                0x000053bc       0x3c C:/ProgramData/MATLAB/SupportPackages/R2022a/toolbox/target/supportpackages/freedomk64f/src/ksdk_armgcc_lib/bm/libksdk_platform.a(fsl_os_abstraction_bm.o)
                0x000053bc                OSA_SemaPost
 .text.task_init
                0x000053f8       0x38 C:/ProgramData/MATLAB/SupportPackages/R2022a/toolbox/target/supportpackages/freedomk64f/src/ksdk_armgcc_lib/bm/libksdk_platform.a(fsl_os_abstraction_bm.o)
                0x000053f8                task_init
 .text.OSA_Init
                0x00005430        0xe C:/ProgramData/MATLAB/SupportPackages/R2022a/toolbox/target/supportpackages/freedomk64f/src/ksdk_armgcc_lib/bm/libksdk_platform.a(fsl_os_abstraction_bm.o)
                0x00005430                OSA_Init
 *fill*         0x0000543e        0x2 
 .text.CLOCK_SYS_SetMcgPeeToFbe
                0x00005440       0x34 C:/ProgramData/MATLAB/SupportPackages/R2022a/toolbox/target/supportpackages/freedomk64f/src/ksdk_armgcc_lib/bm/libksdk_platform.a(fsl_clock_manager.o)
 .text.CLOCK_SYS_SetMcgMode
                0x00005474      0x124 C:/ProgramData/MATLAB/SupportPackages/R2022a/toolbox/target/supportpackages/freedomk64f/src/ksdk_armgcc_lib/bm/libksdk_platform.a(fsl_clock_manager.o)
                0x00005474                CLOCK_SYS_SetMcgMode
 .text.CLOCK_SYS_SetOscerConfigration
                0x00005598       0x20 C:/ProgramData/MATLAB/SupportPackages/R2022a/toolbox/target/supportpackages/freedomk64f/src/ksdk_armgcc_lib/bm/libksdk_platform.a(fsl_clock_manager.o)
                0x00005598                CLOCK_SYS_SetOscerConfigration
 .text.CLOCK_SYS_OscInit
                0x000055b8       0x98 C:/ProgramData/MATLAB/SupportPackages/R2022a/toolbox/target/supportpackages/freedomk64f/src/ksdk_armgcc_lib/bm/libksdk_platform.a(fsl_clock_manager.o)
                0x000055b8                CLOCK_SYS_OscInit
 .text.CLOCK_SYS_RtcOscInit
                0x00005650       0x6c C:/ProgramData/MATLAB/SupportPackages/R2022a/toolbox/target/supportpackages/freedomk64f/src/ksdk_armgcc_lib/bm/libksdk_platform.a(fsl_clock_manager.o)
                0x00005650                CLOCK_SYS_RtcOscInit
 .text.SIM_HAL_EnableClock.constprop.0
                0x000056bc       0x1c C:/ProgramData/MATLAB/SupportPackages/R2022a/toolbox/target/supportpackages/freedomk64f/src/ksdk_armgcc_lib/bm/libksdk_platform.a(fsl_clock_MK64F12.o)
 .text.CLOCK_SYS_GetCoreClockFreq
                0x000056d8       0x24 C:/ProgramData/MATLAB/SupportPackages/R2022a/toolbox/target/supportpackages/freedomk64f/src/ksdk_armgcc_lib/bm/libksdk_platform.a(fsl_clock_MK64F12.o)
                0x000056d8                CLOCK_SYS_GetCoreClockFreq
 .text.CLOCK_SYS_SetConfiguration
                0x000056fc       0x94 C:/ProgramData/MATLAB/SupportPackages/R2022a/toolbox/target/supportpackages/freedomk64f/src/ksdk_armgcc_lib/bm/libksdk_platform.a(fsl_clock_MK64F12.o)
                0x000056fc                CLOCK_SYS_SetConfiguration
 .text.CLOCK_SYS_FllStableDelay
                0x00005790       0x18 C:/ProgramData/MATLAB/SupportPackages/R2022a/toolbox/target/supportpackages/freedomk64f/src/ksdk_armgcc_lib/bm/libksdk_platform.a(fsl_clock_MK64F12.o)
 .text.CLOCK_SYS_GetBusClockFreq
                0x000057a8       0x24 C:/ProgramData/MATLAB/SupportPackages/R2022a/toolbox/target/supportpackages/freedomk64f/src/ksdk_armgcc_lib/bm/libksdk_platform.a(fsl_clock_MK64F12.o)
                0x000057a8                CLOCK_SYS_GetBusClockFreq
 .text.CLOCK_SYS_GetUartFreq
                0x000057cc       0x16 C:/ProgramData/MATLAB/SupportPackages/R2022a/toolbox/target/supportpackages/freedomk64f/src/ksdk_armgcc_lib/bm/libksdk_platform.a(fsl_clock_MK64F12.o)
                0x000057cc                CLOCK_SYS_GetUartFreq
 *fill*         0x000057e2        0x2 
 .text.CLOCK_SYS_EnablePortClock
                0x000057e4       0x30 C:/ProgramData/MATLAB/SupportPackages/R2022a/toolbox/target/supportpackages/freedomk64f/src/ksdk_armgcc_lib/bm/libksdk_platform.a(fsl_clock_MK64F12.o)
                0x000057e4                CLOCK_SYS_EnablePortClock
 .text.CLOCK_SYS_EnableUartClock
                0x00005814       0x30 C:/ProgramData/MATLAB/SupportPackages/R2022a/toolbox/target/supportpackages/freedomk64f/src/ksdk_armgcc_lib/bm/libksdk_platform.a(fsl_clock_MK64F12.o)
                0x00005814                CLOCK_SYS_EnableUartClock
 .text.INT_SYS_EnableIRQGlobal
                0x00005844       0x14 C:/ProgramData/MATLAB/SupportPackages/R2022a/toolbox/target/supportpackages/freedomk64f/src/ksdk_armgcc_lib/bm/libksdk_platform.a(fsl_interrupt_manager.o)
                0x00005844                INT_SYS_EnableIRQGlobal
 .text.INT_SYS_DisableIRQGlobal
                0x00005858       0x10 C:/ProgramData/MATLAB/SupportPackages/R2022a/toolbox/target/supportpackages/freedomk64f/src/ksdk_armgcc_lib/bm/libksdk_platform.a(fsl_interrupt_manager.o)
                0x00005858                INT_SYS_DisableIRQGlobal
 .text.EDMA_HAL_SetErrorIntCmd
                0x00005868        0xa C:/ProgramData/MATLAB/SupportPackages/R2022a/toolbox/target/supportpackages/freedomk64f/src/ksdk_armgcc_lib/bm/libksdk_platform.a(fsl_edma_hal.o)
                0x00005868                EDMA_HAL_SetErrorIntCmd
 .text.EDMA_HAL_SetDmaRequestCmd
                0x00005872        0xa C:/ProgramData/MATLAB/SupportPackages/R2022a/toolbox/target/supportpackages/freedomk64f/src/ksdk_armgcc_lib/bm/libksdk_platform.a(fsl_edma_hal.o)
                0x00005872                EDMA_HAL_SetDmaRequestCmd
 .text.EDMA_HAL_HTCDClearReg
                0x0000587c       0x4a C:/ProgramData/MATLAB/SupportPackages/R2022a/toolbox/target/supportpackages/freedomk64f/src/ksdk_armgcc_lib/bm/libksdk_platform.a(fsl_edma_hal.o)
                0x0000587c                EDMA_HAL_HTCDClearReg
 .text.EDMA_HAL_Init
                0x000058c6       0x28 C:/ProgramData/MATLAB/SupportPackages/R2022a/toolbox/target/supportpackages/freedomk64f/src/ksdk_armgcc_lib/bm/libksdk_platform.a(fsl_edma_hal.o)
                0x000058c6                EDMA_HAL_Init
 *fill*         0x000058ee        0x2 
 .text.EDMA_HAL_HTCDSetAttribute
                0x000058f0       0x48 C:/ProgramData/MATLAB/SupportPackages/R2022a/toolbox/target/supportpackages/freedomk64f/src/ksdk_armgcc_lib/bm/libksdk_platform.a(fsl_edma_hal.o)
                0x000058f0                EDMA_HAL_HTCDSetAttribute
 .text.EDMA_HAL_HTCDSetNbytes
                0x00005938       0x7c C:/ProgramData/MATLAB/SupportPackages/R2022a/toolbox/target/supportpackages/freedomk64f/src/ksdk_armgcc_lib/bm/libksdk_platform.a(fsl_edma_hal.o)
                0x00005938                EDMA_HAL_HTCDSetNbytes
 .text.EDMA_HAL_HTCDGetNbytes
                0x000059b4       0x68 C:/ProgramData/MATLAB/SupportPackages/R2022a/toolbox/target/supportpackages/freedomk64f/src/ksdk_armgcc_lib/bm/libksdk_platform.a(fsl_edma_hal.o)
                0x000059b4                EDMA_HAL_HTCDGetNbytes
 .text.EDMA_HAL_HTCDSetChannelMinorLink
                0x00005a1c       0x80 C:/ProgramData/MATLAB/SupportPackages/R2022a/toolbox/target/supportpackages/freedomk64f/src/ksdk_armgcc_lib/bm/libksdk_platform.a(fsl_edma_hal.o)
                0x00005a1c                EDMA_HAL_HTCDSetChannelMinorLink
 .text.EDMA_HAL_HTCDSetMajorCount
                0x00005a9c       0x78 C:/ProgramData/MATLAB/SupportPackages/R2022a/toolbox/target/supportpackages/freedomk64f/src/ksdk_armgcc_lib/bm/libksdk_platform.a(fsl_edma_hal.o)
                0x00005a9c                EDMA_HAL_HTCDSetMajorCount
 .text.EDMA_HAL_HTCDGetUnfinishedBytes
                0x00005b14       0x54 C:/ProgramData/MATLAB/SupportPackages/R2022a/toolbox/target/supportpackages/freedomk64f/src/ksdk_armgcc_lib/bm/libksdk_platform.a(fsl_edma_hal.o)
                0x00005b14                EDMA_HAL_HTCDGetUnfinishedBytes
 .text.INT_SYS_EnableIRQ
                0x00005b68       0x48 C:/ProgramData/MATLAB/SupportPackages/R2022a/toolbox/target/supportpackages/freedomk64f/src/ksdk_armgcc_lib/bm/libksdk_platform.a(fsl_edma_driver.o)
 .text.EDMA_DRV_ClaimChannel
                0x00005bb0       0x70 C:/ProgramData/MATLAB/SupportPackages/R2022a/toolbox/target/supportpackages/freedomk64f/src/ksdk_armgcc_lib/bm/libksdk_platform.a(fsl_edma_driver.o)
 .text.EDMA_DRV_Init
                0x00005c20       0x84 C:/ProgramData/MATLAB/SupportPackages/R2022a/toolbox/target/supportpackages/freedomk64f/src/ksdk_armgcc_lib/bm/libksdk_platform.a(fsl_edma_driver.o)
                0x00005c20                EDMA_DRV_Init
 .text.EDMA_DRV_InstallCallback
                0x00005ca4        0x8 C:/ProgramData/MATLAB/SupportPackages/R2022a/toolbox/target/supportpackages/freedomk64f/src/ksdk_armgcc_lib/bm/libksdk_platform.a(fsl_edma_driver.o)
                0x00005ca4                EDMA_DRV_InstallCallback
 .text.EDMA_DRV_RequestChannel
                0x00005cac       0x70 C:/ProgramData/MATLAB/SupportPackages/R2022a/toolbox/target/supportpackages/freedomk64f/src/ksdk_armgcc_lib/bm/libksdk_platform.a(fsl_edma_driver.o)
                0x00005cac                EDMA_DRV_RequestChannel
 .text.EDMA_DRV_IRQHandler
                0x00005d1c       0x30 C:/ProgramData/MATLAB/SupportPackages/R2022a/toolbox/target/supportpackages/freedomk64f/src/ksdk_armgcc_lib/bm/libksdk_platform.a(fsl_edma_driver.o)
                0x00005d1c                EDMA_DRV_IRQHandler
 .text.EDMA_DRV_ErrorIRQHandler
                0x00005d4c       0x8c C:/ProgramData/MATLAB/SupportPackages/R2022a/toolbox/target/supportpackages/freedomk64f/src/ksdk_armgcc_lib/bm/libksdk_platform.a(fsl_edma_driver.o)
                0x00005d4c                EDMA_DRV_ErrorIRQHandler
 .text.PORT_HAL_SetMuxMode.part.0
                0x00005dd8       0x1c C:/ProgramData/MATLAB/SupportPackages/R2022a/toolbox/target/supportpackages/freedomk64f/src/ksdk_armgcc_lib/bm/libksdk_platform.a(fsl_gpio_driver.o)
 .text.GPIO_DRV_InputPinInit
                0x00005df4       0xe4 C:/ProgramData/MATLAB/SupportPackages/R2022a/toolbox/target/supportpackages/freedomk64f/src/ksdk_armgcc_lib/bm/libksdk_platform.a(fsl_gpio_driver.o)
                0x00005df4                GPIO_DRV_InputPinInit
 .text.GPIO_DRV_OutputPinInit
                0x00005ed8       0x78 C:/ProgramData/MATLAB/SupportPackages/R2022a/toolbox/target/supportpackages/freedomk64f/src/ksdk_armgcc_lib/bm/libksdk_platform.a(fsl_gpio_driver.o)
                0x00005ed8                GPIO_DRV_OutputPinInit
 .text.GPIO_DRV_WritePinOutput
                0x00005f50       0x1c C:/ProgramData/MATLAB/SupportPackages/R2022a/toolbox/target/supportpackages/freedomk64f/src/ksdk_armgcc_lib/bm/libksdk_platform.a(fsl_gpio_driver.o)
                0x00005f50                GPIO_DRV_WritePinOutput
 .text.LPTMR_HAL_SetTimerWorkingMode
                0x00005f6c       0x3c C:/ProgramData/MATLAB/SupportPackages/R2022a/toolbox/target/supportpackages/freedomk64f/src/ksdk_armgcc_lib/bm/libksdk_platform.a(fsl_lptmr_hal.o)
                0x00005f6c                LPTMR_HAL_SetTimerWorkingMode
 .text.LPTMR_HAL_SetPrescalerMode
                0x00005fa8       0x1c C:/ProgramData/MATLAB/SupportPackages/R2022a/toolbox/target/supportpackages/freedomk64f/src/ksdk_armgcc_lib/bm/libksdk_platform.a(fsl_lptmr_hal.o)
                0x00005fa8                LPTMR_HAL_SetPrescalerMode
 .text.CLOCK_HAL_TestOscFreq
                0x00005fc4       0x28 C:/ProgramData/MATLAB/SupportPackages/R2022a/toolbox/target/supportpackages/freedomk64f/src/ksdk_armgcc_lib/bm/libksdk_platform.a(fsl_mcg_hal.o)
                0x00005fc4                CLOCK_HAL_TestOscFreq
 .text.CLOCK_HAL_GetMcgExternalClkFreq
                0x00005fec        0xa C:/ProgramData/MATLAB/SupportPackages/R2022a/toolbox/target/supportpackages/freedomk64f/src/ksdk_armgcc_lib/bm/libksdk_platform.a(fsl_mcg_hal.o)
 .text.CLOCK_HAL_TestFllExternalRefFreq
                0x00005ff6       0x2c C:/ProgramData/MATLAB/SupportPackages/R2022a/toolbox/target/supportpackages/freedomk64f/src/ksdk_armgcc_lib/bm/libksdk_platform.a(fsl_mcg_hal.o)
                0x00005ff6                CLOCK_HAL_TestFllExternalRefFreq
 *fill*         0x00006022        0x2 
 .text.CLOCK_HAL_GetFllRefClk
                0x00006024       0x40 C:/ProgramData/MATLAB/SupportPackages/R2022a/toolbox/target/supportpackages/freedomk64f/src/ksdk_armgcc_lib/bm/libksdk_platform.a(fsl_mcg_hal.o)
                0x00006024                CLOCK_HAL_GetFllRefClk
 .text.CLOCK_HAL_TestFllFreq
                0x00006064       0x34 C:/ProgramData/MATLAB/SupportPackages/R2022a/toolbox/target/supportpackages/freedomk64f/src/ksdk_armgcc_lib/bm/libksdk_platform.a(fsl_mcg_hal.o)
                0x00006064                CLOCK_HAL_TestFllFreq
 .text.CLOCK_HAL_GetFllClk
                0x00006098       0x3c C:/ProgramData/MATLAB/SupportPackages/R2022a/toolbox/target/supportpackages/freedomk64f/src/ksdk_armgcc_lib/bm/libksdk_platform.a(fsl_mcg_hal.o)
                0x00006098                CLOCK_HAL_GetFllClk
 .text.CLOCK_HAL_UpdateFastClkInternalRefDiv
                0x000060d4       0x58 C:/ProgramData/MATLAB/SupportPackages/R2022a/toolbox/target/supportpackages/freedomk64f/src/ksdk_armgcc_lib/bm/libksdk_platform.a(fsl_mcg_hal.o)
                0x000060d4                CLOCK_HAL_UpdateFastClkInternalRefDiv
 .text.CLOCK_HAL_GetPll0Clk
                0x0000612c       0x48 C:/ProgramData/MATLAB/SupportPackages/R2022a/toolbox/target/supportpackages/freedomk64f/src/ksdk_armgcc_lib/bm/libksdk_platform.a(fsl_mcg_hal.o)
                0x0000612c                CLOCK_HAL_GetPll0Clk
 .text.CLOCK_HAL_EnablePll0InFllMode
                0x00006174       0x38 C:/ProgramData/MATLAB/SupportPackages/R2022a/toolbox/target/supportpackages/freedomk64f/src/ksdk_armgcc_lib/bm/libksdk_platform.a(fsl_mcg_hal.o)
                0x00006174                CLOCK_HAL_EnablePll0InFllMode
 .text.CLOCK_HAL_GetInternalRefClk
                0x000061ac       0x40 C:/ProgramData/MATLAB/SupportPackages/R2022a/toolbox/target/supportpackages/freedomk64f/src/ksdk_armgcc_lib/bm/libksdk_platform.a(fsl_mcg_hal.o)
                0x000061ac                CLOCK_HAL_GetInternalRefClk
 .text.CLOCK_HAL_GetOutClk
                0x000061ec       0x22 C:/ProgramData/MATLAB/SupportPackages/R2022a/toolbox/target/supportpackages/freedomk64f/src/ksdk_armgcc_lib/bm/libksdk_platform.a(fsl_mcg_hal.o)
                0x000061ec                CLOCK_HAL_GetOutClk
 .text.CLOCK_HAL_SetOsc0Mode
                0x0000620e       0x24 C:/ProgramData/MATLAB/SupportPackages/R2022a/toolbox/target/supportpackages/freedomk64f/src/ksdk_armgcc_lib/bm/libksdk_platform.a(fsl_mcg_hal.o)
                0x0000620e                CLOCK_HAL_SetOsc0Mode
 *fill*         0x00006232        0x2 
 .text.CLOCK_HAL_PrepareOsc
                0x00006234       0x30 C:/ProgramData/MATLAB/SupportPackages/R2022a/toolbox/target/supportpackages/freedomk64f/src/ksdk_armgcc_lib/bm/libksdk_platform.a(fsl_mcg_hal_modes.o)
 .text.CLOCK_HAL_GetMcgMode
                0x00006264       0x7c C:/ProgramData/MATLAB/SupportPackages/R2022a/toolbox/target/supportpackages/freedomk64f/src/ksdk_armgcc_lib/bm/libksdk_platform.a(fsl_mcg_hal_modes.o)
                0x00006264                CLOCK_HAL_GetMcgMode
 .text.CLOCK_HAL_SetFbiMode
                0x000062e0       0xc0 C:/ProgramData/MATLAB/SupportPackages/R2022a/toolbox/target/supportpackages/freedomk64f/src/ksdk_armgcc_lib/bm/libksdk_platform.a(fsl_mcg_hal_modes.o)
                0x000062e0                CLOCK_HAL_SetFbiMode
 .text.CLOCK_HAL_SetFbeMode
                0x000063a0       0xf0 C:/ProgramData/MATLAB/SupportPackages/R2022a/toolbox/target/supportpackages/freedomk64f/src/ksdk_armgcc_lib/bm/libksdk_platform.a(fsl_mcg_hal_modes.o)
                0x000063a0                CLOCK_HAL_SetFbeMode
 .text.CLOCK_HAL_SetPbeMode
                0x00006490       0xd8 C:/ProgramData/MATLAB/SupportPackages/R2022a/toolbox/target/supportpackages/freedomk64f/src/ksdk_armgcc_lib/bm/libksdk_platform.a(fsl_mcg_hal_modes.o)
                0x00006490                CLOCK_HAL_SetPbeMode
 .text.OSC_HAL_SetCapacitor
                0x00006568        0xe C:/ProgramData/MATLAB/SupportPackages/R2022a/toolbox/target/supportpackages/freedomk64f/src/ksdk_armgcc_lib/bm/libksdk_platform.a(fsl_osc_hal.o)
                0x00006568                OSC_HAL_SetCapacitor
 .text.CLOCK_HAL_SetOutDiv
                0x00006576       0x28 C:/ProgramData/MATLAB/SupportPackages/R2022a/toolbox/target/supportpackages/freedomk64f/src/ksdk_armgcc_lib/bm/libksdk_platform.a(fsl_sim_hal_MK64F12.o)
                0x00006576                CLOCK_HAL_SetOutDiv
 *fill*         0x0000659e        0x2 
 .text.UART_DRV_CompleteSendData
                0x000065a0       0x54 C:/ProgramData/MATLAB/SupportPackages/R2022a/toolbox/target/supportpackages/freedomk64f/src/ksdk_armgcc_lib/bm/libksdk_platform.a(fsl_uart_driver.o)
 .text.UART_DRV_CompleteReceiveData
                0x000065f4       0x5c C:/ProgramData/MATLAB/SupportPackages/R2022a/toolbox/target/supportpackages/freedomk64f/src/ksdk_armgcc_lib/bm/libksdk_platform.a(fsl_uart_driver.o)
 .text.UART_DRV_IRQHandler
                0x00006650       0xdc C:/ProgramData/MATLAB/SupportPackages/R2022a/toolbox/target/supportpackages/freedomk64f/src/ksdk_armgcc_lib/bm/libksdk_platform.a(fsl_uart_driver.o)
                0x00006650                UART_DRV_IRQHandler
 .text.EDMA_HAL_HTCDSetIntCmd
                0x0000672c       0x14 C:/ProgramData/MATLAB/SupportPackages/R2022a/toolbox/target/supportpackages/freedomk64f/src/ksdk_armgcc_lib/bm/libksdk_platform.a(fsl_uart_edma_driver.o)
 .text.UART_DRV_EdmaCompleteSendData
                0x00006740       0x60 C:/ProgramData/MATLAB/SupportPackages/R2022a/toolbox/target/supportpackages/freedomk64f/src/ksdk_armgcc_lib/bm/libksdk_platform.a(fsl_uart_edma_driver.o)
 .text.UART_DRV_EdmaTxCallback
                0x000067a0        0x4 C:/ProgramData/MATLAB/SupportPackages/R2022a/toolbox/target/supportpackages/freedomk64f/src/ksdk_armgcc_lib/bm/libksdk_platform.a(fsl_uart_edma_driver.o)
 .text.UART_DRV_EdmaCompleteReceiveData
                0x000067a4       0x64 C:/ProgramData/MATLAB/SupportPackages/R2022a/toolbox/target/supportpackages/freedomk64f/src/ksdk_armgcc_lib/bm/libksdk_platform.a(fsl_uart_edma_driver.o)
 .text.UART_DRV_EdmaRxCallback
                0x00006808        0x4 C:/ProgramData/MATLAB/SupportPackages/R2022a/toolbox/target/supportpackages/freedomk64f/src/ksdk_armgcc_lib/bm/libksdk_platform.a(fsl_uart_edma_driver.o)
 .text.UART_DRV_EdmaStartSendData
                0x0000680c       0x78 C:/ProgramData/MATLAB/SupportPackages/R2022a/toolbox/target/supportpackages/freedomk64f/src/ksdk_armgcc_lib/bm/libksdk_platform.a(fsl_uart_edma_driver.o)
 .text.UART_DRV_EdmaInit
                0x00006884      0x260 C:/ProgramData/MATLAB/SupportPackages/R2022a/toolbox/target/supportpackages/freedomk64f/src/ksdk_armgcc_lib/bm/libksdk_platform.a(fsl_uart_edma_driver.o)
                0x00006884                UART_DRV_EdmaInit
 .text.UART_DRV_EdmaSendData
                0x00006ae4       0x48 C:/ProgramData/MATLAB/SupportPackages/R2022a/toolbox/target/supportpackages/freedomk64f/src/ksdk_armgcc_lib/bm/libksdk_platform.a(fsl_uart_edma_driver.o)
                0x00006ae4                UART_DRV_EdmaSendData
 .text.UART_DRV_EdmaGetTransmitStatus
                0x00006b2c       0x58 C:/ProgramData/MATLAB/SupportPackages/R2022a/toolbox/target/supportpackages/freedomk64f/src/ksdk_armgcc_lib/bm/libksdk_platform.a(fsl_uart_edma_driver.o)
                0x00006b2c                UART_DRV_EdmaGetTransmitStatus
 .text.DMAMUX_HAL_Init
                0x00006b84       0x22 C:/ProgramData/MATLAB/SupportPackages/R2022a/toolbox/target/supportpackages/freedomk64f/src/ksdk_armgcc_lib/bm/libksdk_platform.a(fsl_dmamux_hal.o)
                0x00006b84                DMAMUX_HAL_Init
 *fill*         0x00006ba6        0x2 
 .text.GPIO_HAL_SetPinDir
                0x00006ba8       0x34 C:/ProgramData/MATLAB/SupportPackages/R2022a/toolbox/target/supportpackages/freedomk64f/src/ksdk_armgcc_lib/bm/libksdk_platform.a(fsl_gpio_hal.o)
                0x00006ba8                GPIO_HAL_SetPinDir
 .text.GPIO_HAL_WritePinOutput
                0x00006bdc       0x30 C:/ProgramData/MATLAB/SupportPackages/R2022a/toolbox/target/supportpackages/freedomk64f/src/ksdk_armgcc_lib/bm/libksdk_platform.a(fsl_gpio_hal.o)
                0x00006bdc                GPIO_HAL_WritePinOutput
 .text.UART_HAL_Init
                0x00006c0c       0x2a C:/ProgramData/MATLAB/SupportPackages/R2022a/toolbox/target/supportpackages/freedomk64f/src/ksdk_armgcc_lib/bm/libksdk_platform.a(fsl_uart_hal.o)
                0x00006c0c                UART_HAL_Init
 .text.UART_HAL_SetBaudRate
                0x00006c36       0x42 C:/ProgramData/MATLAB/SupportPackages/R2022a/toolbox/target/supportpackages/freedomk64f/src/ksdk_armgcc_lib/bm/libksdk_platform.a(fsl_uart_hal.o)
                0x00006c36                UART_HAL_SetBaudRate
 .text.UART_HAL_SetParityMode
                0x00006c78       0x18 C:/ProgramData/MATLAB/SupportPackages/R2022a/toolbox/target/supportpackages/freedomk64f/src/ksdk_armgcc_lib/bm/libksdk_platform.a(fsl_uart_hal.o)
                0x00006c78                UART_HAL_SetParityMode
 .text.UART_HAL_Putchar
                0x00006c90        0x6 C:/ProgramData/MATLAB/SupportPackages/R2022a/toolbox/target/supportpackages/freedomk64f/src/ksdk_armgcc_lib/bm/libksdk_platform.a(fsl_uart_hal.o)
                0x00006c90                UART_HAL_Putchar
 .text.UART_HAL_Getchar
                0x00006c96        0x8 C:/ProgramData/MATLAB/SupportPackages/R2022a/toolbox/target/supportpackages/freedomk64f/src/ksdk_armgcc_lib/bm/libksdk_platform.a(fsl_uart_hal.o)
                0x00006c96                UART_HAL_Getchar
 .text.UART_HAL_SetIntMode
                0x00006c9e       0x66 C:/ProgramData/MATLAB/SupportPackages/R2022a/toolbox/target/supportpackages/freedomk64f/src/ksdk_armgcc_lib/bm/libksdk_platform.a(fsl_uart_hal.o)
                0x00006c9e                UART_HAL_SetIntMode
 .text.UART_HAL_SetTxDmaCmd
                0x00006d04       0x28 C:/ProgramData/MATLAB/SupportPackages/R2022a/toolbox/target/supportpackages/freedomk64f/src/ksdk_armgcc_lib/bm/libksdk_platform.a(fsl_uart_hal.o)
                0x00006d04                UART_HAL_SetTxDmaCmd
 .text.UART_HAL_SetRxDmaCmd
                0x00006d2c       0x1c C:/ProgramData/MATLAB/SupportPackages/R2022a/toolbox/target/supportpackages/freedomk64f/src/ksdk_armgcc_lib/bm/libksdk_platform.a(fsl_uart_hal.o)
                0x00006d2c                UART_HAL_SetRxDmaCmd
 .text.UART_HAL_GetStatusFlag
                0x00006d48       0x30 C:/ProgramData/MATLAB/SupportPackages/R2022a/toolbox/target/supportpackages/freedomk64f/src/ksdk_armgcc_lib/bm/libksdk_platform.a(fsl_uart_hal.o)
                0x00006d48                UART_HAL_GetStatusFlag
 .text.UART_HAL_ClearStatusFlag
                0x00006d78       0x7a C:/ProgramData/MATLAB/SupportPackages/R2022a/toolbox/target/supportpackages/freedomk64f/src/ksdk_armgcc_lib/bm/libksdk_platform.a(fsl_uart_hal.o)
                0x00006d78                UART_HAL_ClearStatusFlag
 *fill*         0x00006df2        0x2 
 .text.abort    0x00006df4       0x10 c:/progra~3/matlab/suppor~1/r2022a/3p778c~1.ins/gnuarm~1.ins/win/bin/../lib/gcc/arm-none-eabi/9.3.1/../../../../arm-none-eabi/lib/thumb/v7e-m+fp/hard\libg.a(lib_a-abort.o)
                0x00006df4                abort
 .text.__assert_func
                0x00006e04       0x3c c:/progra~3/matlab/suppor~1/r2022a/3p778c~1.ins/gnuarm~1.ins/win/bin/../lib/gcc/arm-none-eabi/9.3.1/../../../../arm-none-eabi/lib/thumb/v7e-m+fp/hard\libg.a(lib_a-assert.o)
                0x00006e04                __assert_func
 .text.atexit   0x00006e40        0xc c:/progra~3/matlab/suppor~1/r2022a/3p778c~1.ins/gnuarm~1.ins/win/bin/../lib/gcc/arm-none-eabi/9.3.1/../../../../arm-none-eabi/lib/thumb/v7e-m+fp/hard\libg.a(lib_a-atexit.o)
                0x00006e40                atexit
 .text.__errno  0x00006e4c        0xc c:/progra~3/matlab/suppor~1/r2022a/3p778c~1.ins/gnuarm~1.ins/win/bin/../lib/gcc/arm-none-eabi/9.3.1/../../../../arm-none-eabi/lib/thumb/v7e-m+fp/hard\libg.a(lib_a-errno.o)
                0x00006e4c                __errno
 .text.exit     0x00006e58       0x20 c:/progra~3/matlab/suppor~1/r2022a/3p778c~1.ins/gnuarm~1.ins/win/bin/../lib/gcc/arm-none-eabi/9.3.1/../../../../arm-none-eabi/lib/thumb/v7e-m+fp/hard\libg.a(lib_a-exit.o)
                0x00006e58                exit
 .text.__libc_fini_array
                0x00006e78       0x2c c:/progra~3/matlab/suppor~1/r2022a/3p778c~1.ins/gnuarm~1.ins/win/bin/../lib/gcc/arm-none-eabi/9.3.1/../../../../arm-none-eabi/lib/thumb/v7e-m+fp/hard\libg.a(lib_a-fini.o)
                0x00006e78                __libc_fini_array
 .text.fiprintf
                0x00006ea4       0x28 c:/progra~3/matlab/suppor~1/r2022a/3p778c~1.ins/gnuarm~1.ins/win/bin/../lib/gcc/arm-none-eabi/9.3.1/../../../../arm-none-eabi/lib/thumb/v7e-m+fp/hard\libg.a(lib_a-fiprintf.o)
                0x00006ea4                fiprintf
 .text.__libc_init_array
                0x00006ecc       0x48 c:/progra~3/matlab/suppor~1/r2022a/3p778c~1.ins/gnuarm~1.ins/win/bin/../lib/gcc/arm-none-eabi/9.3.1/../../../../arm-none-eabi/lib/thumb/v7e-m+fp/hard\libg.a(lib_a-init.o)
                0x00006ecc                __libc_init_array
 .text._malloc_r
                0x00006f14      0x574 c:/progra~3/matlab/suppor~1/r2022a/3p778c~1.ins/gnuarm~1.ins/win/bin/../lib/gcc/arm-none-eabi/9.3.1/../../../../arm-none-eabi/lib/thumb/v7e-m+fp/hard\libg.a(lib_a-mallocr.o)
                0x00006f14                _malloc_r
 .text.memset   0x00007488       0xa0 c:/progra~3/matlab/suppor~1/r2022a/3p778c~1.ins/gnuarm~1.ins/win/bin/../lib/gcc/arm-none-eabi/9.3.1/../../../../arm-none-eabi/lib/thumb/v7e-m+fp/hard\libg.a(lib_a-memset.o)
                0x00007488                memset
 .text.__malloc_lock
                0x00007528        0xc c:/progra~3/matlab/suppor~1/r2022a/3p778c~1.ins/gnuarm~1.ins/win/bin/../lib/gcc/arm-none-eabi/9.3.1/../../../../arm-none-eabi/lib/thumb/v7e-m+fp/hard\libg.a(lib_a-mlock.o)
                0x00007528                __malloc_lock
 .text.__malloc_unlock
                0x00007534        0xc c:/progra~3/matlab/suppor~1/r2022a/3p778c~1.ins/gnuarm~1.ins/win/bin/../lib/gcc/arm-none-eabi/9.3.1/../../../../arm-none-eabi/lib/thumb/v7e-m+fp/hard\libg.a(lib_a-mlock.o)
                0x00007534                __malloc_unlock
 .text._sbrk_r  0x00007540       0x24 c:/progra~3/matlab/suppor~1/r2022a/3p778c~1.ins/gnuarm~1.ins/win/bin/../lib/gcc/arm-none-eabi/9.3.1/../../../../arm-none-eabi/lib/thumb/v7e-m+fp/hard\libg.a(lib_a-sbrkr.o)
                0x00007540                _sbrk_r
 .text._raise_r
                0x00007564       0x58 c:/progra~3/matlab/suppor~1/r2022a/3p778c~1.ins/gnuarm~1.ins/win/bin/../lib/gcc/arm-none-eabi/9.3.1/../../../../arm-none-eabi/lib/thumb/v7e-m+fp/hard\libg.a(lib_a-signal.o)
                0x00007564                _raise_r
 .text.raise    0x000075bc       0x10 c:/progra~3/matlab/suppor~1/r2022a/3p778c~1.ins/gnuarm~1.ins/win/bin/../lib/gcc/arm-none-eabi/9.3.1/../../../../arm-none-eabi/lib/thumb/v7e-m+fp/hard\libg.a(lib_a-signal.o)
                0x000075bc                raise
 .text._kill_r  0x000075cc       0x2c c:/progra~3/matlab/suppor~1/r2022a/3p778c~1.ins/gnuarm~1.ins/win/bin/../lib/gcc/arm-none-eabi/9.3.1/../../../../arm-none-eabi/lib/thumb/v7e-m+fp/hard\libg.a(lib_a-signalr.o)
                0x000075cc                _kill_r
 .text._getpid_r
                0x000075f8        0x4 c:/progra~3/matlab/suppor~1/r2022a/3p778c~1.ins/gnuarm~1.ins/win/bin/../lib/gcc/arm-none-eabi/9.3.1/../../../../arm-none-eabi/lib/thumb/v7e-m+fp/hard\libg.a(lib_a-signalr.o)
                0x000075f8                _getpid_r
 .text.__sprint_r.part.0
                0x000075fc       0x78 c:/progra~3/matlab/suppor~1/r2022a/3p778c~1.ins/gnuarm~1.ins/win/bin/../lib/gcc/arm-none-eabi/9.3.1/../../../../arm-none-eabi/lib/thumb/v7e-m+fp/hard\libg.a(lib_a-vfiprintf.o)
 .text._vfiprintf_r
                0x00007674      0xd4c c:/progra~3/matlab/suppor~1/r2022a/3p778c~1.ins/gnuarm~1.ins/win/bin/../lib/gcc/arm-none-eabi/9.3.1/../../../../arm-none-eabi/lib/thumb/v7e-m+fp/hard\libg.a(lib_a-vfiprintf.o)
                0x00007674                _vfiprintf_r
 .text.__sbprintf
                0x000083c0       0x84 c:/progra~3/matlab/suppor~1/r2022a/3p778c~1.ins/gnuarm~1.ins/win/bin/../lib/gcc/arm-none-eabi/9.3.1/../../../../arm-none-eabi/lib/thumb/v7e-m+fp/hard\libg.a(lib_a-vfiprintf.o)
 .text.__swsetup_r
                0x00008444       0xd0 c:/progra~3/matlab/suppor~1/r2022a/3p778c~1.ins/gnuarm~1.ins/win/bin/../lib/gcc/arm-none-eabi/9.3.1/../../../../arm-none-eabi/lib/thumb/v7e-m+fp/hard\libg.a(lib_a-wsetup.o)
                0x00008444                __swsetup_r
 .text.__register_exitproc
                0x00008514       0x8c c:/progra~3/matlab/suppor~1/r2022a/3p778c~1.ins/gnuarm~1.ins/win/bin/../lib/gcc/arm-none-eabi/9.3.1/../../../../arm-none-eabi/lib/thumb/v7e-m+fp/hard\libg.a(lib_a-__atexit.o)
                0x00008514                __register_exitproc
 .text.startup.register_fini
                0x000085a0       0x14 c:/progra~3/matlab/suppor~1/r2022a/3p778c~1.ins/gnuarm~1.ins/win/bin/../lib/gcc/arm-none-eabi/9.3.1/../../../../arm-none-eabi/lib/thumb/v7e-m+fp/hard\libg.a(lib_a-__call_atexit.o)
 .text.__call_exitprocs
                0x000085b4       0xcc c:/progra~3/matlab/suppor~1/r2022a/3p778c~1.ins/gnuarm~1.ins/win/bin/../lib/gcc/arm-none-eabi/9.3.1/../../../../arm-none-eabi/lib/thumb/v7e-m+fp/hard\libg.a(lib_a-__call_atexit.o)
                0x000085b4                __call_exitprocs
 .text.__sflush_r
                0x00008680      0x130 c:/progra~3/matlab/suppor~1/r2022a/3p778c~1.ins/gnuarm~1.ins/win/bin/../lib/gcc/arm-none-eabi/9.3.1/../../../../arm-none-eabi/lib/thumb/v7e-m+fp/hard\libg.a(lib_a-fflush.o)
                0x00008680                __sflush_r
 .text._fflush_r
                0x000087b0       0x5c c:/progra~3/matlab/suppor~1/r2022a/3p778c~1.ins/gnuarm~1.ins/win/bin/../lib/gcc/arm-none-eabi/9.3.1/../../../../arm-none-eabi/lib/thumb/v7e-m+fp/hard\libg.a(lib_a-fflush.o)
                0x000087b0                _fflush_r
 .text.std      0x0000880c       0x50 c:/progra~3/matlab/suppor~1/r2022a/3p778c~1.ins/gnuarm~1.ins/win/bin/../lib/gcc/arm-none-eabi/9.3.1/../../../../arm-none-eabi/lib/thumb/v7e-m+fp/hard\libg.a(lib_a-findfp.o)
 .text._cleanup_r
                0x0000885c        0xc c:/progra~3/matlab/suppor~1/r2022a/3p778c~1.ins/gnuarm~1.ins/win/bin/../lib/gcc/arm-none-eabi/9.3.1/../../../../arm-none-eabi/lib/thumb/v7e-m+fp/hard\libg.a(lib_a-findfp.o)
                0x0000885c                _cleanup_r
 .text.__sinit  0x00008868       0x54 c:/progra~3/matlab/suppor~1/r2022a/3p778c~1.ins/gnuarm~1.ins/win/bin/../lib/gcc/arm-none-eabi/9.3.1/../../../../arm-none-eabi/lib/thumb/v7e-m+fp/hard\libg.a(lib_a-findfp.o)
                0x00008868                __sinit
 .text.__sfp_lock_acquire
                0x000088bc        0xc c:/progra~3/matlab/suppor~1/r2022a/3p778c~1.ins/gnuarm~1.ins/win/bin/../lib/gcc/arm-none-eabi/9.3.1/../../../../arm-none-eabi/lib/thumb/v7e-m+fp/hard\libg.a(lib_a-findfp.o)
                0x000088bc                __sfp_lock_acquire
 .text.__sfp_lock_release
                0x000088c8        0xc c:/progra~3/matlab/suppor~1/r2022a/3p778c~1.ins/gnuarm~1.ins/win/bin/../lib/gcc/arm-none-eabi/9.3.1/../../../../arm-none-eabi/lib/thumb/v7e-m+fp/hard\libg.a(lib_a-findfp.o)
                0x000088c8                __sfp_lock_release
 .text.__fputwc
                0x000088d4       0xa8 c:/progra~3/matlab/suppor~1/r2022a/3p778c~1.ins/gnuarm~1.ins/win/bin/../lib/gcc/arm-none-eabi/9.3.1/../../../../arm-none-eabi/lib/thumb/v7e-m+fp/hard\libg.a(lib_a-fputwc.o)
                0x000088d4                __fputwc
 .text._fputwc_r
                0x0000897c       0x68 c:/progra~3/matlab/suppor~1/r2022a/3p778c~1.ins/gnuarm~1.ins/win/bin/../lib/gcc/arm-none-eabi/9.3.1/../../../../arm-none-eabi/lib/thumb/v7e-m+fp/hard\libg.a(lib_a-fputwc.o)
                0x0000897c                _fputwc_r
 .text._malloc_trim_r
                0x000089e4       0xa0 c:/progra~3/matlab/suppor~1/r2022a/3p778c~1.ins/gnuarm~1.ins/win/bin/../lib/gcc/arm-none-eabi/9.3.1/../../../../arm-none-eabi/lib/thumb/v7e-m+fp/hard\libg.a(lib_a-freer.o)
                0x000089e4                _malloc_trim_r
 .text._free_r  0x00008a84      0x208 c:/progra~3/matlab/suppor~1/r2022a/3p778c~1.ins/gnuarm~1.ins/win/bin/../lib/gcc/arm-none-eabi/9.3.1/../../../../arm-none-eabi/lib/thumb/v7e-m+fp/hard\libg.a(lib_a-freer.o)
                0x00008a84                _free_r
 .text.__sfvwrite_r
                0x00008c8c      0x2e0 c:/progra~3/matlab/suppor~1/r2022a/3p778c~1.ins/gnuarm~1.ins/win/bin/../lib/gcc/arm-none-eabi/9.3.1/../../../../arm-none-eabi/lib/thumb/v7e-m+fp/hard\libg.a(lib_a-fvwrite.o)
                0x00008c8c                __sfvwrite_r
 .text._fwalk_reent
                0x00008f6c       0x48 c:/progra~3/matlab/suppor~1/r2022a/3p778c~1.ins/gnuarm~1.ins/win/bin/../lib/gcc/arm-none-eabi/9.3.1/../../../../arm-none-eabi/lib/thumb/v7e-m+fp/hard\libg.a(lib_a-fwalk.o)
                0x00008f6c                _fwalk_reent
 .text.__locale_mb_cur_max
                0x00008fb4        0xc c:/progra~3/matlab/suppor~1/r2022a/3p778c~1.ins/gnuarm~1.ins/win/bin/../lib/gcc/arm-none-eabi/9.3.1/../../../../arm-none-eabi/lib/thumb/v7e-m+fp/hard\libg.a(lib_a-locale.o)
                0x00008fb4                __locale_mb_cur_max
 .text._localeconv_r
                0x00008fc0        0x8 c:/progra~3/matlab/suppor~1/r2022a/3p778c~1.ins/gnuarm~1.ins/win/bin/../lib/gcc/arm-none-eabi/9.3.1/../../../../arm-none-eabi/lib/thumb/v7e-m+fp/hard\libg.a(lib_a-localeconv.o)
                0x00008fc0                _localeconv_r
 .text.__retarget_lock_init_recursive
                0x00008fc8        0x4 c:/progra~3/matlab/suppor~1/r2022a/3p778c~1.ins/gnuarm~1.ins/win/bin/../lib/gcc/arm-none-eabi/9.3.1/../../../../arm-none-eabi/lib/thumb/v7e-m+fp/hard\libg.a(lib_a-lock.o)
                0x00008fc8                __retarget_lock_init_recursive
 .text.__retarget_lock_close_recursive
                0x00008fcc        0x4 c:/progra~3/matlab/suppor~1/r2022a/3p778c~1.ins/gnuarm~1.ins/win/bin/../lib/gcc/arm-none-eabi/9.3.1/../../../../arm-none-eabi/lib/thumb/v7e-m+fp/hard\libg.a(lib_a-lock.o)
                0x00008fcc                __retarget_lock_close_recursive
 .text.__retarget_lock_acquire_recursive
                0x00008fd0        0x4 c:/progra~3/matlab/suppor~1/r2022a/3p778c~1.ins/gnuarm~1.ins/win/bin/../lib/gcc/arm-none-eabi/9.3.1/../../../../arm-none-eabi/lib/thumb/v7e-m+fp/hard\libg.a(lib_a-lock.o)
                0x00008fd0                __retarget_lock_acquire_recursive
 .text.__retarget_lock_release_recursive
                0x00008fd4        0x4 c:/progra~3/matlab/suppor~1/r2022a/3p778c~1.ins/gnuarm~1.ins/win/bin/../lib/gcc/arm-none-eabi/9.3.1/../../../../arm-none-eabi/lib/thumb/v7e-m+fp/hard\libg.a(lib_a-lock.o)
                0x00008fd4                __retarget_lock_release_recursive
 .text.__swhatbuf_r
                0x00008fd8       0x5c c:/progra~3/matlab/suppor~1/r2022a/3p778c~1.ins/gnuarm~1.ins/win/bin/../lib/gcc/arm-none-eabi/9.3.1/../../../../arm-none-eabi/lib/thumb/v7e-m+fp/hard\libg.a(lib_a-makebuf.o)
                0x00008fd8                __swhatbuf_r
 .text.__smakebuf_r
                0x00009034       0x98 c:/progra~3/matlab/suppor~1/r2022a/3p778c~1.ins/gnuarm~1.ins/win/bin/../lib/gcc/arm-none-eabi/9.3.1/../../../../arm-none-eabi/lib/thumb/v7e-m+fp/hard\libg.a(lib_a-makebuf.o)
                0x00009034                __smakebuf_r
 .text.__ascii_mbtowc
                0x000090cc       0x2c c:/progra~3/matlab/suppor~1/r2022a/3p778c~1.ins/gnuarm~1.ins/win/bin/../lib/gcc/arm-none-eabi/9.3.1/../../../../arm-none-eabi/lib/thumb/v7e-m+fp/hard\libg.a(lib_a-mbtowc_r.o)
                0x000090cc                __ascii_mbtowc
 .text.memmove  0x000090f8       0xd8 c:/progra~3/matlab/suppor~1/r2022a/3p778c~1.ins/gnuarm~1.ins/win/bin/../lib/gcc/arm-none-eabi/9.3.1/../../../../arm-none-eabi/lib/thumb/v7e-m+fp/hard\libg.a(lib_a-memmove.o)
                0x000090f8                memmove
 .text._realloc_r
                0x000091d0      0x3e0 c:/progra~3/matlab/suppor~1/r2022a/3p778c~1.ins/gnuarm~1.ins/win/bin/../lib/gcc/arm-none-eabi/9.3.1/../../../../arm-none-eabi/lib/thumb/v7e-m+fp/hard\libg.a(lib_a-reallocr.o)
                0x000091d0                _realloc_r
 .text.__sread  0x000095b0       0x24 c:/progra~3/matlab/suppor~1/r2022a/3p778c~1.ins/gnuarm~1.ins/win/bin/../lib/gcc/arm-none-eabi/9.3.1/../../../../arm-none-eabi/lib/thumb/v7e-m+fp/hard\libg.a(lib_a-stdio.o)
                0x000095b0                __sread
 .text.__swrite
                0x000095d4       0x40 c:/progra~3/matlab/suppor~1/r2022a/3p778c~1.ins/gnuarm~1.ins/win/bin/../lib/gcc/arm-none-eabi/9.3.1/../../../../arm-none-eabi/lib/thumb/v7e-m+fp/hard\libg.a(lib_a-stdio.o)
                0x000095d4                __swrite
 .text.__sseek  0x00009614       0x20 c:/progra~3/matlab/suppor~1/r2022a/3p778c~1.ins/gnuarm~1.ins/win/bin/../lib/gcc/arm-none-eabi/9.3.1/../../../../arm-none-eabi/lib/thumb/v7e-m+fp/hard\libg.a(lib_a-stdio.o)
                0x00009614                __sseek
 .text.__sclose
                0x00009634        0x8 c:/progra~3/matlab/suppor~1/r2022a/3p778c~1.ins/gnuarm~1.ins/win/bin/../lib/gcc/arm-none-eabi/9.3.1/../../../../arm-none-eabi/lib/thumb/v7e-m+fp/hard\libg.a(lib_a-stdio.o)
                0x00009634                __sclose
 .text.strncpy  0x0000963c       0x68 c:/progra~3/matlab/suppor~1/r2022a/3p778c~1.ins/gnuarm~1.ins/win/bin/../lib/gcc/arm-none-eabi/9.3.1/../../../../arm-none-eabi/lib/thumb/v7e-m+fp/hard\libg.a(lib_a-strncpy.o)
                0x0000963c                strncpy
 .text.__swbuf_r
                0x000096a4       0xb0 c:/progra~3/matlab/suppor~1/r2022a/3p778c~1.ins/gnuarm~1.ins/win/bin/../lib/gcc/arm-none-eabi/9.3.1/../../../../arm-none-eabi/lib/thumb/v7e-m+fp/hard\libg.a(lib_a-wbuf.o)
                0x000096a4                __swbuf_r
 .text._wcrtomb_r
                0x00009754       0x3c c:/progra~3/matlab/suppor~1/r2022a/3p778c~1.ins/gnuarm~1.ins/win/bin/../lib/gcc/arm-none-eabi/9.3.1/../../../../arm-none-eabi/lib/thumb/v7e-m+fp/hard\libg.a(lib_a-wcrtomb.o)
                0x00009754                _wcrtomb_r
 .text.__ascii_wctomb
                0x00009790       0x1c c:/progra~3/matlab/suppor~1/r2022a/3p778c~1.ins/gnuarm~1.ins/win/bin/../lib/gcc/arm-none-eabi/9.3.1/../../../../arm-none-eabi/lib/thumb/v7e-m+fp/hard\libg.a(lib_a-wctomb_r.o)
                0x00009790                __ascii_wctomb
 .text._write_r
                0x000097ac       0x2c c:/progra~3/matlab/suppor~1/r2022a/3p778c~1.ins/gnuarm~1.ins/win/bin/../lib/gcc/arm-none-eabi/9.3.1/../../../../arm-none-eabi/lib/thumb/v7e-m+fp/hard\libg.a(lib_a-writer.o)
                0x000097ac                _write_r
 .text._close_r
                0x000097d8       0x24 c:/progra~3/matlab/suppor~1/r2022a/3p778c~1.ins/gnuarm~1.ins/win/bin/../lib/gcc/arm-none-eabi/9.3.1/../../../../arm-none-eabi/lib/thumb/v7e-m+fp/hard\libg.a(lib_a-closer.o)
                0x000097d8                _close_r
 .text._fclose_r
                0x000097fc       0xcc c:/progra~3/matlab/suppor~1/r2022a/3p778c~1.ins/gnuarm~1.ins/win/bin/../lib/gcc/arm-none-eabi/9.3.1/../../../../arm-none-eabi/lib/thumb/v7e-m+fp/hard\libg.a(lib_a-fclose.o)
                0x000097fc                _fclose_r
 .text._fstat_r
                0x000098c8       0x2c c:/progra~3/matlab/suppor~1/r2022a/3p778c~1.ins/gnuarm~1.ins/win/bin/../lib/gcc/arm-none-eabi/9.3.1/../../../../arm-none-eabi/lib/thumb/v7e-m+fp/hard\libg.a(lib_a-fstatr.o)
                0x000098c8                _fstat_r
 .text._isatty_r
                0x000098f4       0x24 c:/progra~3/matlab/suppor~1/r2022a/3p778c~1.ins/gnuarm~1.ins/win/bin/../lib/gcc/arm-none-eabi/9.3.1/../../../../arm-none-eabi/lib/thumb/v7e-m+fp/hard\libg.a(lib_a-isattyr.o)
                0x000098f4                _isatty_r
 .text._lseek_r
                0x00009918       0x2c c:/progra~3/matlab/suppor~1/r2022a/3p778c~1.ins/gnuarm~1.ins/win/bin/../lib/gcc/arm-none-eabi/9.3.1/../../../../arm-none-eabi/lib/thumb/v7e-m+fp/hard\libg.a(lib_a-lseekr.o)
                0x00009918                _lseek_r
 .text._read_r  0x00009944       0x2c c:/progra~3/matlab/suppor~1/r2022a/3p778c~1.ins/gnuarm~1.ins/win/bin/../lib/gcc/arm-none-eabi/9.3.1/../../../../arm-none-eabi/lib/thumb/v7e-m+fp/hard\libg.a(lib_a-readr.o)
                0x00009944                _read_r
 .text._close   0x00009970       0x10 c:/progra~3/matlab/suppor~1/r2022a/3p778c~1.ins/gnuarm~1.ins/win/bin/../lib/gcc/arm-none-eabi/9.3.1/../../../../arm-none-eabi/lib/thumb/v7e-m+fp/hard\libnosys.a(close.o)
                0x00009970                _close
 .text._fstat   0x00009980       0x10 c:/progra~3/matlab/suppor~1/r2022a/3p778c~1.ins/gnuarm~1.ins/win/bin/../lib/gcc/arm-none-eabi/9.3.1/../../../../arm-none-eabi/lib/thumb/v7e-m+fp/hard\libnosys.a(fstat.o)
                0x00009980                _fstat
 .text._getpid  0x00009990       0x10 c:/progra~3/matlab/suppor~1/r2022a/3p778c~1.ins/gnuarm~1.ins/win/bin/../lib/gcc/arm-none-eabi/9.3.1/../../../../arm-none-eabi/lib/thumb/v7e-m+fp/hard\libnosys.a(getpid.o)
                0x00009990                _getpid
 .text._isatty  0x000099a0       0x10 c:/progra~3/matlab/suppor~1/r2022a/3p778c~1.ins/gnuarm~1.ins/win/bin/../lib/gcc/arm-none-eabi/9.3.1/../../../../arm-none-eabi/lib/thumb/v7e-m+fp/hard\libnosys.a(isatty.o)
                0x000099a0                _isatty
 .text._kill    0x000099b0       0x10 c:/progra~3/matlab/suppor~1/r2022a/3p778c~1.ins/gnuarm~1.ins/win/bin/../lib/gcc/arm-none-eabi/9.3.1/../../../../arm-none-eabi/lib/thumb/v7e-m+fp/hard\libnosys.a(kill.o)
                0x000099b0                _kill
 .text._lseek   0x000099c0       0x10 c:/progra~3/matlab/suppor~1/r2022a/3p778c~1.ins/gnuarm~1.ins/win/bin/../lib/gcc/arm-none-eabi/9.3.1/../../../../arm-none-eabi/lib/thumb/v7e-m+fp/hard\libnosys.a(lseek.o)
                0x000099c0                _lseek
 .text._read    0x000099d0       0x10 c:/progra~3/matlab/suppor~1/r2022a/3p778c~1.ins/gnuarm~1.ins/win/bin/../lib/gcc/arm-none-eabi/9.3.1/../../../../arm-none-eabi/lib/thumb/v7e-m+fp/hard\libnosys.a(read.o)
                0x000099d0                _read
 .text._write   0x000099e0       0x10 c:/progra~3/matlab/suppor~1/r2022a/3p778c~1.ins/gnuarm~1.ins/win/bin/../lib/gcc/arm-none-eabi/9.3.1/../../../../arm-none-eabi/lib/thumb/v7e-m+fp/hard\libnosys.a(write.o)
                0x000099e0                _write
 .text._exit    0x000099f0        0x4 c:/progra~3/matlab/suppor~1/r2022a/3p778c~1.ins/gnuarm~1.ins/win/bin/../lib/gcc/arm-none-eabi/9.3.1/../../../../arm-none-eabi/lib/thumb/v7e-m+fp/hard\libnosys.a(_exit.o)
                0x000099f0                _exit
 *(.rodata)
 .rodata        0x000099f4       0xe9 MW_SCI.o
 *fill*         0x00009add        0x3 
 .rodata        0x00009ae0       0x50 board.o
 .rodata        0x00009b30       0x44 pin_mux.o
 *(.rodata*)
 .rodata.__func__.11218
                0x00009b74       0x21 MW_SCI.o
 *fill*         0x00009b95        0x3 
 .rodata.__func__.9972
                0x00009b98       0x19 MW_SCI.o
 *fill*         0x00009bb1        0x3 
 .rodata.__func__.10025
                0x00009bb4       0x17 MW_SCI.o
 *fill*         0x00009bcb        0x1 
 .rodata.__func__.11229
                0x00009bcc       0x24 MW_SCI.o
 .rodata.serial_test_M
                0x00009bf0        0x4 serial_test.o
                0x00009bf0                serial_test_M
 .rodata.g_defaultClockConfigRun
                0x00009bf4       0x16 board.o
                0x00009bf4                g_defaultClockConfigRun
 *fill*         0x00009c0a        0x2 
 .rodata.__func__.7550
                0x00009c0c       0x14 board.o
 .rodata.__func__.7544
                0x00009c20       0x14 pin_mux.o
 .rodata.os_maxtaskrun
                0x00009c34        0x2 RTX_Conf_CM.o
                0x00009c34                os_maxtaskrun
 *fill*         0x00009c36        0x2 
 .rodata.os_stackinfo
                0x00009c38        0x4 RTX_Conf_CM.o
                0x00009c38                os_stackinfo
 .rodata.os_trv
                0x00009c3c        0x4 RTX_Conf_CM.o
                0x00009c3c                os_trv
 .rodata.os_flags
                0x00009c40        0x1 RTX_Conf_CM.o
                0x00009c40                os_flags
 *fill*         0x00009c41        0x3 
 .rodata.os_clockrate
                0x00009c44        0x4 RTX_Conf_CM.o
                0x00009c44                os_clockrate
 .rodata.mp_tcb_size
                0x00009c48        0x2 RTX_Conf_CM.o
                0x00009c48                mp_tcb_size
 *fill*         0x00009c4a        0x2 
 .rodata.mp_stk_size
                0x00009c4c        0x4 RTX_Conf_CM.o
                0x00009c4c                mp_stk_size
 .rodata.os_stack_sz
                0x00009c50        0x4 RTX_Conf_CM.o
                0x00009c50                os_stack_sz
 .rodata.os_fifo_size
                0x00009c54        0x1 RTX_Conf_CM.o
                0x00009c54                os_fifo_size
 *fill*         0x00009c55        0x3 
 .rodata.os_thread_def_osTimerThread
                0x00009c58       0x10 RTX_Conf_CM.o
                0x00009c58                os_thread_def_osTimerThread
 .rodata.os_messageQ_def_osTimerMessageQ
                0x00009c68        0x8 RTX_Conf_CM.o
                0x00009c68                os_messageQ_def_osTimerMessageQ
 .rodata.mp_tmr_size
                0x00009c70        0x2 RTX_Conf_CM.o
                0x00009c70                mp_tmr_size
 *fill*         0x00009c72        0x2 
 .rodata.os_thread_def_main
                0x00009c74       0x10 RTX_Conf_CM.o
                0x00009c74                os_thread_def_main
 .rodata.OSA_SemaCreate.str1.1
                0x00009c84       0x45 C:/ProgramData/MATLAB/SupportPackages/R2022a/toolbox/target/supportpackages/freedomk64f/src/ksdk_armgcc_lib/bm/libksdk_platform.a(fsl_os_abstraction_bm.o)
 .rodata.__func__.9367