Archive member included to satisfy reference by file (symbol)

C:/ProgramData/MATLAB/SupportPackages/R2022a/3P.instrset/cmsis.instrset/CMSIS/RTOS/RTX/LIB/GCC/libRTX_CM4.a(rt_cmsis.o)
                              RTX_Conf_CM.o (osKernelInitialize)
C:/ProgramData/MATLAB/SupportPackages/R2022a/3P.instrset/cmsis.instrset/CMSIS/RTOS/RTX/LIB/GCC/libRTX_CM4.a(hal_cm.o)
                              C:/ProgramData/MATLAB/SupportPackages/R2022a/3P.instrset/cmsis.instrset/CMSIS/RTOS/RTX/LIB/GCC/libRTX_CM4.a(rt_cmsis.o) (rt_ret_val)
C:/ProgramData/MATLAB/SupportPackages/R2022a/3P.instrset/cmsis.instrset/CMSIS/RTOS/RTX/LIB/GCC/libRTX_CM4.a(rt_memory.o)
                              C:/ProgramData/MATLAB/SupportPackages/R2022a/3P.instrset/cmsis.instrset/CMSIS/RTOS/RTX/LIB/GCC/libRTX_CM4.a(rt_cmsis.o) (rt_init_mem)
C:/ProgramData/MATLAB/SupportPackages/R2022a/3P.instrset/cmsis.instrset/CMSIS/RTOS/RTX/LIB/GCC/libRTX_CM4.a(rt_membox.o)
                              C:/ProgramData/MATLAB/SupportPackages/R2022a/3P.instrset/cmsis.instrset/CMSIS/RTOS/RTX/LIB/GCC/libRTX_CM4.a(rt_cmsis.o) (_init_box)
C:/ProgramData/MATLAB/SupportPackages/R2022a/3P.instrset/cmsis.instrset/CMSIS/RTOS/RTX/LIB/GCC/libRTX_CM4.a(rt_mutex.o)
                              C:/ProgramData/MATLAB/SupportPackages/R2022a/3P.instrset/cmsis.instrset/CMSIS/RTOS/RTX/LIB/GCC/libRTX_CM4.a(rt_cmsis.o) (rt_mut_init)
C:/ProgramData/MATLAB/SupportPackages/R2022a/3P.instrset/cmsis.instrset/CMSIS/RTOS/RTX/LIB/GCC/libRTX_CM4.a(rt_time.o)
                              C:/ProgramData/MATLAB/SupportPackages/R2022a/3P.instrset/cmsis.instrset/CMSIS/RTOS/RTX/LIB/GCC/libRTX_CM4.a(rt_cmsis.o) (os_time)
C:/ProgramData/MATLAB/SupportPackages/R2022a/3P.instrset/cmsis.instrset/CMSIS/RTOS/RTX/LIB/GCC/libRTX_CM4.a(rt_semaphore.o)
                              C:/ProgramData/MATLAB/SupportPackages/R2022a/3P.instrset/cmsis.instrset/CMSIS/RTOS/RTX/LIB/GCC/libRTX_CM4.a(rt_cmsis.o) (rt_sem_init)
C:/ProgramData/MATLAB/SupportPackages/R2022a/3P.instrset/cmsis.instrset/CMSIS/RTOS/RTX/LIB/GCC/libRTX_CM4.a(rt_mailbox.o)
                              C:/ProgramData/MATLAB/SupportPackages/R2022a/3P.instrset/cmsis.instrset/CMSIS/RTOS/RTX/LIB/GCC/libRTX_CM4.a(rt_cmsis.o) (rt_mbx_init)
C:/ProgramData/MATLAB/SupportPackages/R2022a/3P.instrset/cmsis.instrset/CMSIS/RTOS/RTX/LIB/GCC/libRTX_CM4.a(rt_list.o)
                              C:/ProgramData/MATLAB/SupportPackages/R2022a/3P.instrset/cmsis.instrset/CMSIS/RTOS/RTX/LIB/GCC/libRTX_CM4.a(rt_cmsis.o) (rt_put_prio)
C:/ProgramData/MATLAB/SupportPackages/R2022a/3P.instrset/cmsis.instrset/CMSIS/RTOS/RTX/LIB/GCC/libRTX_CM4.a(rt_event.o)
                              C:/ProgramData/MATLAB/SupportPackages/R2022a/3P.instrset/cmsis.instrset/CMSIS/RTOS/RTX/LIB/GCC/libRTX_CM4.a(rt_cmsis.o) (rt_evt_wait)
C:/ProgramData/MATLAB/SupportPackages/R2022a/3P.instrset/cmsis.instrset/CMSIS/RTOS/RTX/LIB/GCC/libRTX_CM4.a(rt_system.o)
                              C:/ProgramData/MATLAB/SupportPackages/R2022a/3P.instrset/cmsis.instrset/CMSIS/RTOS/RTX/LIB/GCC/libRTX_CM4.a(rt_cmsis.o) (rt_suspend)
C:/ProgramData/MATLAB/SupportPackages/R2022a/3P.instrset/cmsis.instrset/CMSIS/RTOS/RTX/LIB/GCC/libRTX_CM4.a(rt_task.o)
                              C:/ProgramData/MATLAB/SupportPackages/R2022a/3P.instrset/cmsis.instrset/CMSIS/RTOS/RTX/LIB/GCC/libRTX_CM4.a(rt_system.o) (rt_switch_req)
C:/ProgramData/MATLAB/SupportPackages/R2022a/3P.instrset/cmsis.instrset/CMSIS/RTOS/RTX/LIB/GCC/libRTX_CM4.a(hal_cm4.o)
                              C:/ProgramData/MATLAB/SupportPackages/R2022a/3P.instrset/cmsis.instrset/CMSIS/RTOS/RTX/LIB/GCC/libRTX_CM4.a(rt_task.o) (rt_get_PSP)
C:/ProgramData/MATLAB/SupportPackages/R2022a/3P.instrset/cmsis.instrset/CMSIS/RTOS/RTX/LIB/GCC/libRTX_CM4.a(svc_table.o)
                              C:/ProgramData/MATLAB/SupportPackages/R2022a/3P.instrset/cmsis.instrset/CMSIS/RTOS/RTX/LIB/GCC/libRTX_CM4.a(hal_cm4.o) (SVC_Table)
C:/ProgramData/MATLAB/SupportPackages/R2022a/3P.instrset/cmsis.instrset/CMSIS/RTOS/RTX/LIB/GCC/libRTX_CM4.a(rt_robin.o)
                              C:/ProgramData/MATLAB/SupportPackages/R2022a/3P.instrset/cmsis.instrset/CMSIS/RTOS/RTX/LIB/GCC/libRTX_CM4.a(rt_system.o) (os_robin)
C:/ProgramData/MATLAB/SupportPackages/R2022a/toolbox/target/supportpackages/freedomk64f/src/ksdk_armgcc_lib/bm/libksdk_platform.a(fsl_os_abstraction_bm.o)
                              MW_SCI.o (OSA_SemaPost)
C:/ProgramData/MATLAB/SupportPackages/R2022a/toolbox/target/supportpackages/freedomk64f/src/ksdk_armgcc_lib/bm/libksdk_platform.a(fsl_clock_manager.o)
                              board.o (CLOCK_SYS_OscInit)
C:/ProgramData/MATLAB/SupportPackages/R2022a/toolbox/target/supportpackages/freedomk64f/src/ksdk_armgcc_lib/bm/libksdk_platform.a(fsl_clock_manager_common.o)
[...]
Memory Configuration

Name             Origin             Length             Attributes
m_interrupts     0x00000000         0x00000400         xr
m_flash_config   0x00000400         0x00000010         xr
m_text           0x00000410         0x000ffbf0         xr
m_data_2         0x1fff0000         0x00010000         rw
m_data           0x20000000         0x00030000         rw
*default*        0x00000000         0xffffffff

Linker script and memory map

LOAD c:/progra~3/matlab/suppor~1/r2022a/3p778c~1.ins/gnuarm~1.ins/win/bin/../lib/gcc/arm-none-eabi/9.3.1/thumb/v7e-m+fp/hard/crti.o
LOAD c:/progra~3/matlab/suppor~1/r2022a/3p778c~1.ins/gnuarm~1.ins/win/bin/../lib/gcc/arm-none-eabi/9.3.1/thumb/v7e-m+fp/hard/crtbegin.o
LOAD c:/progra~3/matlab/suppor~1/r2022a/3p778c~1.ins/gnuarm~1.ins/win/bin/../lib/gcc/arm-none-eabi/9.3.1/../../../../arm-none-eabi/lib/thumb/v7e-m+fp/hard/crt0.o
LOAD MW_SCI.o
LOAD MW_digitalIO.o
LOAD mw_sdk_interface.o
LOAD ert_main.o
LOAD Serial_example.o
LOAD Serial_example_data.o
LOAD send_params.o
LOAD startup.o
LOAD system_MK64F12.o
LOAD startup_MK64F12.o
LOAD board.o
LOAD hardware_init.o
LOAD pin_mux.o
LOAD fsl_misc_utilities.o
LOAD fsl_edma_irq.o
LOAD fsl_uart_irq.o
LOAD irq_stub.o
LOAD sbrk.o
LOAD cmsis_rtos_init.o
LOAD RTX_Conf_CM.o
LOAD mw_thread.o
LOAD mw_semaphore.o
LOAD mw_timer.o
LOAD mw_signal.o
LOAD C:/ProgramData/MATLAB/SupportPackages/R2022a/3P.instrset/cmsis.instrset/CMSIS/DSP/Lib/GCC/libarm_cortexM4lf_math.a
LOAD C:/ProgramData/MATLAB/SupportPackages/R2022a/3P.instrset/cmsis.instrset/CMSIS/RTOS/RTX/LIB/GCC/libRTX_CM4.a
LOAD C:/ProgramData/MATLAB/SupportPackages/R2022a/toolbox/target/supportpackages/freedomk64f/src/ksdk_armgcc_lib/bm/libksdk_platform.a
LOAD c:/progra~3/matlab/suppor~1/r2022a/3p778c~1.ins/gnuarm~1.ins/win/bin/../lib/gcc/arm-none-eabi/9.3.1/../../../../arm-none-eabi/lib/thumb/v7e-m+fp/hard\libstdc++.a
LOAD c:/progra~3/matlab/suppor~1/r2022a/3p778c~1.ins/gnuarm~1.ins/win/bin/../lib/gcc/arm-none-eabi/9.3.1/../../../../arm-none-eabi/lib/thumb/v7e-m+fp/hard\libm.a
START GROUP
LOAD c:/progra~3/matlab/suppor~1/r2022a/3p778c~1.ins/gnuarm~1.ins/win/bin/../lib/gcc/arm-none-eabi/9.3.1/thumb/v7e-m+fp/hard\libgcc.a
LOAD c:/progra~3/matlab/suppor~1/r2022a/3p778c~1.ins/gnuarm~1.ins/win/bin/../lib/gcc/arm-none-eabi/9.3.1/../../../../arm-none-eabi/lib/thumb/v7e-m+fp/hard\libg.a
LOAD c:/progra~3/matlab/suppor~1/r2022a/3p778c~1.ins/gnuarm~1.ins/win/bin/../lib/gcc/arm-none-eabi/9.3.1/../../../../arm-none-eabi/lib/thumb/v7e-m+fp/hard\libc.a
END GROUP
START GROUP
LOAD c:/progra~3/matlab/suppor~1/r2022a/3p778c~1.ins/gnuarm~1.ins/win/bin/../lib/gcc/arm-none-eabi/9.3.1/thumb/v7e-m+fp/hard\libgcc.a
LOAD c:/progra~3/matlab/suppor~1/r2022a/3p778c~1.ins/gnuarm~1.ins/win/bin/../lib/gcc/arm-none-eabi/9.3.1/../../../../arm-none-eabi/lib/thumb/v7e-m+fp/hard\libc.a
LOAD c:/progra~3/matlab/suppor~1/r2022a/3p778c~1.ins/gnuarm~1.ins/win/bin/../lib/gcc/arm-none-eabi/9.3.1/../../../../arm-none-eabi/lib/thumb/v7e-m+fp/hard\libnosys.a
END GROUP
LOAD c:/progra~3/matlab/suppor~1/r2022a/3p778c~1.ins/gnuarm~1.ins/win/bin/../lib/gcc/arm-none-eabi/9.3.1/thumb/v7e-m+fp/hard/crtend.o
LOAD c:/progra~3/matlab/suppor~1/r2022a/3p778c~1.ins/gnuarm~1.ins/win/bin/../lib/gcc/arm-none-eabi/9.3.1/thumb/v7e-m+fp/hard/crtn.o
                0x00000400                HEAP_SIZE = DEFINED (__heap_size__)?__heap_size__:0x400
                0x00000400                STACK_SIZE = DEFINED (__stack_size__)?__stack_size__:0x400
                0x00000000                M_VECTOR_RAM_SIZE = DEFINED (__ram_vector_table__)?0x400:0x0

.interrupts     0x00000000      0x400
                0x00000000                __VECTOR_TABLE = .
                0x00000000                . = ALIGN (0x4)
 *(.isr_vector)
 .isr_vector    0x00000000      0x400 startup_MK64F12.o
                0x00000000                __isr_vector
                0x00000400                . = ALIGN (0x4)

.flash_config   0x00000400       0x10
                0x00000400                . = ALIGN (0x4)
 *(.FlashConfig)
 .FlashConfig   0x00000400       0x10 startup_MK64F12.o
                0x00000410                . = ALIGN (0x4)

.text           0x00000440     0xa3fc
                0x00000440                . = ALIGN (0x4)
 *(.text)
 .text          0x00000440       0x40 c:/progra~3/matlab/suppor~1/r2022a/3p778c~1.ins/gnuarm~1.ins/win/bin/../lib/gcc/arm-none-eabi/9.3.1/thumb/v7e-m+fp/hard/crtbegin.o
 .text          0x00000480       0x7c c:/progra~3/matlab/suppor~1/r2022a/3p778c~1.ins/gnuarm~1.ins/win/bin/../lib/gcc/arm-none-eabi/9.3.1/../../../../arm-none-eabi/lib/thumb/v7e-m+fp/hard/crt0.o
                0x00000480                _stack_init
                0x00000488                _start
                0x00000488                _mainCRTStartup
 .text          0x000004fc       0x14 startup_MK64F12.o
                0x000004fc                Reset_Handler
                0x0000050c                ENET_Receive_IRQHandler
                0x0000050c                ENET_1588_Timer_IRQHandler
                0x0000050c                DefaultISR
                0x0000050c                PIT2_IRQHandler
                0x0000050c                PIT0_IRQHandler
                0x0000050c                ENET_Error_IRQHandler
                0x0000050c                PIT3_IRQHandler
                0x0000050c                SDHC_IRQHandler
                0x0000050c                ENET_Transmit_IRQHandler
                0x0000050c                PIT1_IRQHandler
 .text          0x00000510      0x198 C:/ProgramData/MATLAB/SupportPackages/R2022a/3P.instrset/cmsis.instrset/CMSIS/RTOS/RTX/LIB/GCC/libRTX_CM4.a(hal_cm4.o)
                0x00000510                rt_set_PSP
                0x00000516                rt_get_PSP
                0x0000051c                os_set_env
                0x00000534                _alloc_box
                0x00000550                _free_box
                0x0000056c                SVC_Handler
                0x00000612                PendSV_Handler
                0x00000618                Sys_Switch
                0x00000672                SysTick_Handler
                0x0000067c                OS_Tick_Handler
 .text          0x000006a8      0x110 c:/progra~3/matlab/suppor~1/r2022a/3p778c~1.ins/gnuarm~1.ins/win/bin/../lib/gcc/arm-none-eabi/9.3.1/thumb/v7e-m+fp/hard\libgcc.a(_arm_cmpdf2.o)
                0x000006a8                __gtdf2
                0x000006a8                __gedf2
                0x000006b0                __ltdf2
                0x000006b0                __ledf2
                0x000006b8                __nedf2
                0x000006b8                __eqdf2
                0x000006b8                __cmpdf2
                0x00000734                __aeabi_cdrcmple
                0x00000744                __aeabi_cdcmpeq
                0x00000744                __aeabi_cdcmple
                0x00000754                __aeabi_dcmpeq
                0x00000768                __aeabi_dcmplt
                0x0000077c                __aeabi_dcmple
                0x00000790                __aeabi_dcmpge
                0x000007a4                __aeabi_dcmpgt
 .text          0x000007b8       0x30 c:/progra~3/matlab/suppor~1/r2022a/3p778c~1.ins/gnuarm~1.ins/win/bin/../lib/gcc/arm-none-eabi/9.3.1/thumb/v7e-m+fp/hard\libgcc.a(_aeabi_uldivmod.o)
                0x000007b8                __aeabi_uldivmod
 .text          0x000007e8      0x2c4 c:/progra~3/matlab/suppor~1/r2022a/3p778c~1.ins/gnuarm~1.ins/win/bin/../lib/gcc/arm-none-eabi/9.3.1/thumb/v7e-m+fp/hard\libgcc.a(_udivmoddi4.o)
                0x000007e8                __udivmoddi4
 .text          0x00000aac      0x9b8 c:/progra~3/matlab/suppor~1/r2022a/3p778c~1.ins/gnuarm~1.ins/win/bin/../lib/gcc/arm-none-eabi/9.3.1/thumb/v7e-m+fp/hard\libgcc.a(unwind-arm.o)
                0x00000d54                _Unwind_GetCFA
                0x00000d58                __gnu_Unwind_RaiseException
                0x00000db8                __gnu_Unwind_ForcedUnwind
                0x00000dcc                __gnu_Unwind_Resume
                0x00000e10                __gnu_Unwind_Resume_or_Rethrow
                0x00000e20                _Unwind_Complete
                0x00000e24                _Unwind_DeleteException
                0x00000e30                _Unwind_VRS_Get
                0x00000e78                _Unwind_VRS_Set
                0x00000ec0                __gnu_Unwind_Backtrace
                0x000011e0                __aeabi_unwind_cpp_pr0
                0x000011e4                __aeabi_unwind_cpp_pr1
                0x000011e8                __aeabi_unwind_cpp_pr2
                0x000011ec                _Unwind_VRS_Pop
 .text          0x00001464      0x1ac c:/progra~3/matlab/suppor~1/r2022a/3p778c~1.ins/gnuarm~1.ins/win/bin/../lib/gcc/arm-none-eabi/9.3.1/thumb/v7e-m+fp/hard\libgcc.a(libunwind.o)
                0x00001464                __restore_core_regs
                0x00001464                restore_core_regs
                0x0000147c                __gnu_Unwind_Restore_VFP
                0x00001484                __gnu_Unwind_Save_VFP
                0x0000148c                __gnu_Unwind_Restore_VFP_D
                0x00001494                __gnu_Unwind_Save_VFP_D
                0x0000149c                __gnu_Unwind_Restore_VFP_D_16_to_31
                0x000014a4                __gnu_Unwind_Save_VFP_D_16_to_31
                0x000014ac                __gnu_Unwind_Restore_WMMXD
                0x000014f0                __gnu_Unwind_Save_WMMXD
                0x00001534                __gnu_Unwind_Restore_WMMXC
                0x00001548                __gnu_Unwind_Save_WMMXC
                0x0000155c                ___Unwind_RaiseException
                0x0000155c                _Unwind_RaiseException
                0x00001580                _Unwind_Resume
                0x00001580                ___Unwind_Resume
                0x000015a4                _Unwind_Resume_or_Rethrow
                0x000015a4                ___Unwind_Resume_or_Rethrow
                0x000015c8                _Unwind_ForcedUnwind
                0x000015c8                ___Unwind_ForcedUnwind
                0x000015ec                ___Unwind_Backtrace
                0x000015ec                _Unwind_Backtrace
 .text          0x00001610      0x340 c:/progra~3/matlab/suppor~1/r2022a/3p778c~1.ins/gnuarm~1.ins/win/bin/../lib/gcc/arm-none-eabi/9.3.1/thumb/v7e-m+fp/hard\libgcc.a(pr-support.o)
                0x00001668                __gnu_unwind_execute
                0x00001904                __gnu_unwind_frame
                0x00001930                _Unwind_GetRegionStart
                0x0000193c                _Unwind_GetLanguageSpecificData
 .text          0x00001950        0x4 c:/progra~3/matlab/suppor~1/r2022a/3p778c~1.ins/gnuarm~1.ins/win/bin/../lib/gcc/arm-none-eabi/9.3.1/thumb/v7e-m+fp/hard\libgcc.a(_dvmd_tls.o)
                0x00001950                __aeabi_idiv0
                0x00001950                __aeabi_ldiv0
 .text          0x00001954      0x134 c:/progra~3/matlab/suppor~1/r2022a/3p778c~1.ins/gnuarm~1.ins/win/bin/../lib/gcc/arm-none-eabi/9.3.1/../../../../arm-none-eabi/lib/thumb/v7e-m+fp/hard\libg.a(lib_a-memcpy.o)
                0x00001954                memcpy
 *fill*         0x00001a88        0x8 
 .text          0x00001a90       0xa0 c:/progra~3/matlab/suppor~1/r2022a/3p778c~1.ins/gnuarm~1.ins/win/bin/../lib/gcc/arm-none-eabi/9.3.1/../../../../arm-none-eabi/lib/thumb/v7e-m+fp/hard\libg.a(lib_a-memchr.o)
                0x00001a90                memchr
 *fill*         0x00001b30       0x10 
 .text          0x00001b40       0xdc c:/progra~3/matlab/suppor~1/r2022a/3p778c~1.ins/gnuarm~1.ins/win/bin/../lib/gcc/arm-none-eabi/9.3.1/../../../../arm-none-eabi/lib/thumb/v7e-m+fp/hard\libg.a(lib_a-strlen.o)
                0x00001b40                strlen
 *(.text*)
 .text.EDMA_HAL_HTCDSetDestAddr
                0x00001c1c       0x48 MW_SCI.o
 .text.EDMA_HAL_HTCDSetIntCmd
                0x00001c64       0x58 MW_SCI.o
 .text.MW_SCI_Open
                0x00001cbc      0x5b0 MW_SCI.o
                0x00001cbc                MW_SCI_Open
 .text.MW_SCI_SetBaudrate
                0x0000226c       0x18 MW_SCI.o
                0x0000226c                MW_SCI_SetBaudrate
 .text.MW_SCI_SetFrameFormat
                0x00002284       0x28 MW_SCI.o
                0x00002284                MW_SCI_SetFrameFormat
 .text.MW_SCI_Receive
                0x000022ac       0xa4 MW_SCI.o
                0x000022ac                MW_SCI_Receive
 .text.MW_SCI_Transmit
                0x00002350       0x80 MW_SCI.o
                0x00002350                MW_SCI_Transmit
 .text.MW_SCI_Close
                0x000023d0       0x14 MW_SCI.o
                0x000023d0                MW_SCI_Close
 .text.MW_UART_DRV_EdmaStartReceiveData
                0x000023e4       0xac MW_SCI.o
 .text.MW_UART_DRV_EdmaRxCallback
                0x00002490       0x1c MW_SCI.o
 .text.MW_UART_DRV_EdmaCompleteReceiveData
                0x000024ac      0x120 MW_SCI.o
 .text.MW_digitalIO_open
                0x000025cc       0xe0 MW_digitalIO.o
                0x000025cc                MW_digitalIO_open
 .text.MW_digitalIO_write
                0x000026ac       0x7e MW_digitalIO.o
                0x000026ac                MW_digitalIO_write
 .text.MW_digitalIO_close
                0x0000272a       0x3c MW_digitalIO.o
                0x0000272a                MW_digitalIO_close
 *fill*         0x00002766        0x2 
 .text.baseRateTask
                0x00002768       0x7c ert_main.o
                0x00002768                baseRateTask
 .text.terminateTask
                0x000027e4       0x34 ert_main.o
                0x000027e4                terminateTask
 .text.main     0x00002818       0x48 ert_main.o
                0x00002818                main
 .text.Serial_examp_SystemCore_setup_n
                0x00002860       0x6c Serial_example.o
 .text.Serial_example_step
                0x000028cc      0x270 Serial_example.o
                0x000028cc                Serial_example_step
 .text.Serial_example_initialize
                0x00002b3c      0x100 Serial_example.o
                0x00002b3c                Serial_example_initialize
 .text.Serial_example_terminate
                0x00002c3c       0xc4 Serial_example.o
                0x00002c3c                Serial_example_terminate
 .text.Serial_example_SystemCore_setup
                0x00002d00       0x64 send_params.o
 .text.send_params_Init
                0x00002d64       0x24 send_params.o
                0x00002d64                send_params_Init
 .text.send_params
                0x00002d88       0xb0 send_params.o
                0x00002d88                send_params
 .text.send_params_Term
                0x00002e38       0x3c send_params.o
                0x00002e38                send_params_Term
 .text.init_data_bss
                0x00002e74       0xd0 startup.o
                0x00002e74                init_data_bss
 .text.SystemInit
                0x00002f44      0x1dc system_MK64F12.o
                0x00002f44                SystemInit
 .text.SystemCoreClockUpdate
                0x00003120      0x290 system_MK64F12.o
                0x00003120                SystemCoreClockUpdate
 .text.PORT_HAL_SetMuxMode
                0x000033b0       0x58 board.o
 .text.SMC_HAL_SetProtection
                0x00003408       0x1e board.o
 *fill*         0x00003426        0x2 
 .text.BOARD_InitOsc0
                0x00003428       0x30 board.o
                0x00003428                BOARD_InitOsc0
 .text.BOARD_InitRtcOsc
                0x00003458       0x28 board.o
                0x00003458                BOARD_InitRtcOsc
 .text.BOARD_ClockInit
                0x00003480       0x34 board.o
                0x00003480                BOARD_ClockInit
 .text.hardware_init
                0x000034b4       0x30 hardware_init.o
                0x000034b4                hardware_init
 .text.PORT_HAL_SetMuxMode
                0x000034e4       0x58 pin_mux.o
 .text.SIM_HAL_EnableClock
                0x0000353c       0x44 pin_mux.o
 .text.configure_uart_pins
                0x00003580      0x194 pin_mux.o
                0x00003580                configure_uart_pins
 .text.DMA0_IRQHandler
                0x00003714        0xe fsl_edma_irq.o
                0x00003714                DMA0_IRQHandler
 .text.DMA1_IRQHandler
                0x00003722        0xe fsl_edma_irq.o
                0x00003722                DMA1_IRQHandler
 .text.DMA2_IRQHandler
                0x00003730        0xe fsl_edma_irq.o
                0x00003730                DMA2_IRQHandler
 .text.DMA3_IRQHandler
                0x0000373e        0xe fsl_edma_irq.o
                0x0000373e                DMA3_IRQHandler
 .text.DMA4_IRQHandler
                0x0000374c        0xe fsl_edma_irq.o
                0x0000374c                DMA4_IRQHandler
 .text.DMA5_IRQHandler
                0x0000375a        0xe fsl_edma_irq.o
                0x0000375a                DMA5_IRQHandler
 .text.DMA6_IRQHandler
                0x00003768        0xe fsl_edma_irq.o
                0x00003768                DMA6_IRQHandler
 .text.DMA7_IRQHandler
                0x00003776        0xe fsl_edma_irq.o
                0x00003776                DMA7_IRQHandler
 .text.DMA8_IRQHandler
                0x00003784        0xe fsl_edma_irq.o
                0x00003784                DMA8_IRQHandler
 .text.DMA9_IRQHandler
                0x00003792        0xe fsl_edma_irq.o
                0x00003792                DMA9_IRQHandler
 .text.DMA10_IRQHandler
                0x000037a0        0xe fsl_edma_irq.o
                0x000037a0                DMA10_IRQHandler
 .text.DMA11_IRQHandler
                0x000037ae        0xe fsl_edma_irq.o
                0x000037ae                DMA11_IRQHandler
 .text.DMA12_IRQHandler
                0x000037bc        0xe fsl_edma_irq.o
                0x000037bc                DMA12_IRQHandler
 .text.DMA13_IRQHandler
                0x000037ca        0xe fsl_edma_irq.o
                0x000037ca                DMA13_IRQHandler
 .text.DMA14_IRQHandler
                0x000037d8        0xe fsl_edma_irq.o
                0x000037d8                DMA14_IRQHandler
 .text.DMA15_IRQHandler
                0x000037e6        0xe fsl_edma_irq.o
                0x000037e6                DMA15_IRQHandler
 .text.DMA_Error_IRQHandler
                0x000037f4        0xe fsl_edma_irq.o
                0x000037f4                DMA_Error_IRQHandler
 .text.UART0_RX_TX_IRQHandler
                0x00003802        0xe fsl_uart_irq.o
                0x00003802                UART0_RX_TX_IRQHandler
 .text.UART1_RX_TX_IRQHandler
                0x00003810        0xe fsl_uart_irq.o
                0x00003810                UART1_RX_TX_IRQHandler
 .text.UART2_RX_TX_IRQHandler
                0x0000381e        0xe fsl_uart_irq.o
                0x0000381e                UART2_RX_TX_IRQHandler
 .text.UART3_RX_TX_IRQHandler
                0x0000382c        0xe fsl_uart_irq.o
                0x0000382c                UART3_RX_TX_IRQHandler
 .text.UART4_RX_TX_IRQHandler
                0x0000383a        0xe fsl_uart_irq.o
                0x0000383a                UART4_RX_TX_IRQHandler
 .text.UART5_RX_TX_IRQHandler
                0x00003848        0xe fsl_uart_irq.o
                0x00003848                UART5_RX_TX_IRQHandler
 .text.NMI_Handler
                0x00003856        0x6 irq_stub.o
                0x00003856                NMI_Handler
 .text.HardFault_Handler
                0x0000385c        0x6 irq_stub.o
                0x0000385c                HardFault_Handler
 .text.MemManage_Handler
                0x00003862        0x6 irq_stub.o
                0x00003862                MemManage_Handler
 .text.BusFault_Handler
                0x00003868        0x6 irq_stub.o
                0x00003868                BusFault_Handler
 .text.UsageFault_Handler
                0x0000386e        0x6 irq_stub.o
                0x0000386e                UsageFault_Handler
 .text.DebugMon_Handler
                0x00003874        0x6 irq_stub.o
                0x00003874                DebugMon_Handler
 .text.MCM_IRQHandler
                0x0000387a        0x6 irq_stub.o
                0x0000387a                MCM_IRQHandler
 .text.FTFE_IRQHandler
                0x00003880        0x6 irq_stub.o
                0x00003880                FTFE_IRQHandler
 .text.Read_Collision_IRQHandler
                0x00003886        0x6 irq_stub.o
                0x00003886                Read_Collision_IRQHandler
 .text.LVD_LVW_IRQHandler
                0x0000388c        0x6 irq_stub.o
                0x0000388c                LVD_LVW_IRQHandler
 .text.LLWU_IRQHandler
                0x00003892        0x6 irq_stub.o
                0x00003892                LLWU_IRQHandler
 .text.WDOG_EWM_IRQHandler
                0x00003898        0x6 irq_stub.o
                0x00003898                WDOG_EWM_IRQHandler
 .text.RNG_IRQHandler
                0x0000389e        0x6 irq_stub.o
                0x0000389e                RNG_IRQHandler
 .text.I2C0_IRQHandler
                0x000038a4        0x6 irq_stub.o
                0x000038a4                I2C0_IRQHandler
 .text.I2C1_IRQHandler
                0x000038aa        0x6 irq_stub.o
                0x000038aa                I2C1_IRQHandler
 .text.SPI0_IRQHandler
                0x000038b0        0x6 irq_stub.o
                0x000038b0                SPI0_IRQHandler
 .text.SPI1_IRQHandler
                0x000038b6        0x6 irq_stub.o
                0x000038b6                SPI1_IRQHandler
 .text.I2S0_Tx_IRQHandler
                0x000038bc        0x6 irq_stub.o
                0x000038bc                I2S0_Tx_IRQHandler
 .text.I2S0_Rx_IRQHandler
                0x000038c2        0x6 irq_stub.o
                0x000038c2                I2S0_Rx_IRQHandler
 .text.UART0_LON_IRQHandler
                0x000038c8        0x6 irq_stub.o
                0x000038c8                UART0_LON_IRQHandler
 .text.UART0_ERR_IRQHandler
                0x000038ce        0x6 irq_stub.o
                0x000038ce                UART0_ERR_IRQHandler
 .text.UART1_ERR_IRQHandler
                0x000038d4        0x6 irq_stub.o
                0x000038d4                UART1_ERR_IRQHandler
 .text.UART2_ERR_IRQHandler
                0x000038da        0x6 irq_stub.o
                0x000038da                UART2_ERR_IRQHandler
 .text.UART3_ERR_IRQHandler
                0x000038e0        0x6 irq_stub.o
                0x000038e0                UART3_ERR_IRQHandler
 .text.ADC0_IRQHandler
                0x000038e6        0x6 irq_stub.o
                0x000038e6                ADC0_IRQHandler
 .text.CMP0_IRQHandler
                0x000038ec        0x6 irq_stub.o
                0x000038ec                CMP0_IRQHandler
 .text.CMP1_IRQHandler
                0x000038f2        0x6 irq_stub.o
                0x000038f2                CMP1_IRQHandler
 .text.FTM0_IRQHandler
                0x000038f8        0x6 irq_stub.o
                0x000038f8                FTM0_IRQHandler
 .text.FTM1_IRQHandler
                0x000038fe        0x6 irq_stub.o
                0x000038fe                FTM1_IRQHandler
 .text.FTM2_IRQHandler
                0x00003904        0x6 irq_stub.o
                0x00003904                FTM2_IRQHandler
 .text.CMT_IRQHandler
                0x0000390a        0x6 irq_stub.o
                0x0000390a                CMT_IRQHandler
 .text.RTC_IRQHandler
                0x00003910        0x6 irq_stub.o
                0x00003910                RTC_IRQHandler
 .text.RTC_Seconds_IRQHandler
                0x00003916        0x6 irq_stub.o
                0x00003916                RTC_Seconds_IRQHandler
 .text.PDB0_IRQHandler
                0x0000391c        0x6 irq_stub.o
                0x0000391c                PDB0_IRQHandler
 .text.USB0_IRQHandler
                0x00003922        0x6 irq_stub.o
                0x00003922                USB0_IRQHandler
 .text.USBDCD_IRQHandler
                0x00003928        0x6 irq_stub.o
                0x00003928                USBDCD_IRQHandler
 .text.Reserved71_IRQHandler
                0x0000392e        0x6 irq_stub.o
                0x0000392e                Reserved71_IRQHandler
 .text.DAC0_IRQHandler
                0x00003934        0x6 irq_stub.o
                0x00003934                DAC0_IRQHandler
 .text.MCG_IRQHandler
                0x0000393a        0x6 irq_stub.o
                0x0000393a                MCG_IRQHandler
 .text.LPTMR0_IRQHandler
                0x00003940        0x6 irq_stub.o
                0x00003940                LPTMR0_IRQHandler
 .text.PORTA_IRQHandler
                0x00003946        0x6 irq_stub.o
                0x00003946                PORTA_IRQHandler
 .text.PORTB_IRQHandler
                0x0000394c        0x6 irq_stub.o
                0x0000394c                PORTB_IRQHandler
 .text.PORTC_IRQHandler
                0x00003952        0x6 irq_stub.o
                0x00003952                PORTC_IRQHandler
 .text.PORTD_IRQHandler
                0x00003958        0x6 irq_stub.o
                0x00003958                PORTD_IRQHandler
 .text.PORTE_IRQHandler
                0x0000395e        0x6 irq_stub.o
                0x0000395e                PORTE_IRQHandler
 .text.SWI_IRQHandler
                0x00003964        0x6 irq_stub.o
                0x00003964                SWI_IRQHandler
 .text.SPI2_IRQHandler
                0x0000396a        0x6 irq_stub.o
                0x0000396a                SPI2_IRQHandler
 .text.UART4_ERR_IRQHandler
                0x00003970        0x6 irq_stub.o
                0x00003970                UART4_ERR_IRQHandler
 .text.UART5_ERR_IRQHandler
                0x00003976        0x6 irq_stub.o
                0x00003976                UART5_ERR_IRQHandler
 .text.CMP2_IRQHandler
                0x0000397c        0x6 irq_stub.o
                0x0000397c                CMP2_IRQHandler
 .text.FTM3_IRQHandler
                0x00003982        0x6 irq_stub.o
                0x00003982                FTM3_IRQHandler
 .text.DAC1_IRQHandler
                0x00003988        0x6 irq_stub.o
                0x00003988                DAC1_IRQHandler
 .text.ADC1_IRQHandler
                0x0000398e        0x6 irq_stub.o
                0x0000398e                ADC1_IRQHandler
 .text.I2C2_IRQHandler
                0x00003994        0x6 irq_stub.o
                0x00003994                I2C2_IRQHandler
 .text.CAN0_ORed_Message_buffer_IRQHandler
                0x0000399a        0x6 irq_stub.o
                0x0000399a                CAN0_ORed_Message_buffer_IRQHandler
 .text.CAN0_Bus_Off_IRQHandler
                0x000039a0        0x6 irq_stub.o
                0x000039a0                CAN0_Bus_Off_IRQHandler
 .text.CAN0_Error_IRQHandler
                0x000039a6        0x6 irq_stub.o
                0x000039a6                CAN0_Error_IRQHandler
 .text.CAN0_Tx_Warning_IRQHandler
                0x000039ac        0x6 irq_stub.o
                0x000039ac                CAN0_Tx_Warning_IRQHandler
 .text.CAN0_Rx_Warning_IRQHandler
                0x000039b2        0x6 irq_stub.o
                0x000039b2                CAN0_Rx_Warning_IRQHandler
 .text.CAN0_Wake_Up_IRQHandler
                0x000039b8        0x6 irq_stub.o
                0x000039b8                CAN0_Wake_Up_IRQHandler
 *fill*         0x000039be        0x2 
 .text._sbrk    0x000039c0       0x5c sbrk.o
                0x000039c0                _sbrk
 .text.schedulerTask
                0x00003a1c       0x1c cmsis_rtos_init.o
                0x00003a1c                schedulerTask
 .text.mw_initSignalEvents
                0x00003a38       0x40 cmsis_rtos_init.o
                0x00003a38                mw_initSignalEvents
 .text.mw_RTOSInit
                0x00003a78       0x8c cmsis_rtos_init.o
                0x00003a78                mw_RTOSInit
 .text.os_idle_demon
                0x00003b04        0x8 RTX_Conf_CM.o
                0x00003b04                os_idle_demon
 .text.os_error
                0x00003b0c       0x2c RTX_Conf_CM.o
                0x00003b0c                os_error
 .text.rt_init_robin
                0x00003b38        0x4 RTX_Conf_CM.o
                0x00003b38                rt_init_robin
 .text.rt_chk_robin
                0x00003b3c        0x4 RTX_Conf_CM.o
                0x00003b3c                rt_chk_robin
 .text.software_init_hook
                0x00003b40       0x34 RTX_Conf_CM.o
                0x00003b40                software_init_hook
 .text.mw_osThreadCreate
                0x00003b74       0x52 mw_thread.o
                0x00003b74                mw_osThreadCreate
 .text.mw_osThreadGetId
                0x00003bc6        0xe mw_thread.o
                0x00003bc6                mw_osThreadGetId
 .text.mw_osThreadExit
                0x00003bd4       0x22 mw_thread.o
                0x00003bd4                mw_osThreadExit
 .text.mw_osTimerCreate
                0x00003bf6       0x4e mw_timer.o
                0x00003bf6                mw_osTimerCreate
 .text.mw_osTimerStart
                0x00003c44       0x24 mw_timer.o
                0x00003c44                mw_osTimerStart
 .text.mw_osSignalSet
                0x00003c68       0x2e mw_signal.o
                0x00003c68                mw_osSignalSet
 .text.mw_osSignalClear
                0x00003c96       0x26 mw_signal.o
                0x00003c96                mw_osSignalClear
 .text.mw_osSignalWaitEver
                0x00003cbc       0x20 mw_signal.o
                0x00003cbc                mw_osSignalWaitEver
 .text.mw_osSignalEventCreate
                0x00003cdc       0x20 mw_signal.o
                0x00003cdc                mw_osSignalEventCreate
 .text.mw_osSignalEventRelease
                0x00003cfc       0x26 mw_signal.o
                0x00003cfc                mw_osSignalEventRelease
 .text.mw_osSignalEventWaitEver
                0x00003d22       0x34 mw_signal.o
                0x00003d22                mw_osSignalEventWaitEver
 *fill*         0x00003d56        0x2 
 .text.osThreadExit
                0x00003d58       0x18 C:/ProgramData/MATLAB/SupportPackages/R2022a/3P.instrset/cmsis.instrset/CMSIS/RTOS/RTX/LIB/GCC/libRTX_CM4.a(rt_cmsis.o)
                0x00003d58                osThreadExit
 .text.svcKernelInitialize
                0x00003d70      0x104 C:/ProgramData/MATLAB/SupportPackages/R2022a/3P.instrset/cmsis.instrset/CMSIS/RTOS/RTX/LIB/GCC/libRTX_CM4.a(rt_cmsis.o)
                0x00003d70                svcKernelInitialize
 .text.svcKernelStart
                0x00003e74       0x48 C:/ProgramData/MATLAB/SupportPackages/R2022a/3P.instrset/cmsis.instrset/CMSIS/RTOS/RTX/LIB/GCC/libRTX_CM4.a(rt_cmsis.o)
                0x00003e74                svcKernelStart
 .text.osKernelInitialize
                0x00003ebc       0x28 C:/ProgramData/MATLAB/SupportPackages/R2022a/3P.instrset/cmsis.instrset/CMSIS/RTOS/RTX/LIB/GCC/libRTX_CM4.a(rt_cmsis.o)
                0x00003ebc                osKernelInitialize
 .text.osKernelStart
                0x00003ee4       0x74 C:/ProgramData/MATLAB/SupportPackages/R2022a/3P.instrset/cmsis.instrset/CMSIS/RTOS/RTX/LIB/GCC/libRTX_CM4.a(rt_cmsis.o)
                0x00003ee4                osKernelStart
 .text.svcThreadCreate
                0x00003f58       0x7c C:/ProgramData/MATLAB/SupportPackages/R2022a/3P.instrset/cmsis.instrset/CMSIS/RTOS/RTX/LIB/GCC/libRTX_CM4.a(rt_cmsis.o)
                0x00003f58                svcThreadCreate
 .text.svcThreadGetId
                0x00003fd4       0x18 C:/ProgramData/MATLAB/SupportPackages/R2022a/3P.instrset/cmsis.instrset/CMSIS/RTOS/RTX/LIB/GCC/libRTX_CM4.a(rt_cmsis.o)
                0x00003fd4                svcThreadGetId
 .text.svcThreadTerminate
                0x00003fec       0x48 C:/ProgramData/MATLAB/SupportPackages/R2022a/3P.instrset/cmsis.instrset/CMSIS/RTOS/RTX/LIB/GCC/libRTX_CM4.a(rt_cmsis.o)
                0x00003fec                svcThreadTerminate
 .text.osThreadCreate
                0x00004034       0xa4 C:/ProgramData/MATLAB/SupportPackages/R2022a/3P.instrset/cmsis.instrset/CMSIS/RTOS/RTX/LIB/GCC/libRTX_CM4.a(rt_cmsis.o)
                0x00004034                osThreadCreate
 .text.osThreadGetId
                0x000040d8       0x18 C:/ProgramData/MATLAB/SupportPackages/R2022a/3P.instrset/cmsis.instrset/CMSIS/RTOS/RTX/LIB/GCC/libRTX_CM4.a(rt_cmsis.o)
                0x000040d8                osThreadGetId
 .text.osThreadTerminate
                0x000040f0       0x18 C:/ProgramData/MATLAB/SupportPackages/R2022a/3P.instrset/cmsis.instrset/CMSIS/RTOS/RTX/LIB/GCC/libRTX_CM4.a(rt_cmsis.o)
                0x000040f0                osThreadTerminate
 .text.svcTimerCreate
                0x00004108       0x40 C:/ProgramData/MATLAB/SupportPackages/R2022a/3P.instrset/cmsis.instrset/CMSIS/RTOS/RTX/LIB/GCC/libRTX_CM4.a(rt_cmsis.o)
                0x00004108                svcTimerCreate
 .text.svcTimerStart
                0x00004148       0xdc C:/ProgramData/MATLAB/SupportPackages/R2022a/3P.instrset/cmsis.instrset/CMSIS/RTOS/RTX/LIB/GCC/libRTX_CM4.a(rt_cmsis.o)
                0x00004148                svcTimerStart
 .text.svcTimerCall
                0x00004224       0x18 C:/ProgramData/MATLAB/SupportPackages/R2022a/3P.instrset/cmsis.instrset/CMSIS/RTOS/RTX/LIB/GCC/libRTX_CM4.a(rt_cmsis.o)
                0x00004224                svcTimerCall
 .text.sysTimerTick
                0x0000423c       0xc8 C:/ProgramData/MATLAB/SupportPackages/R2022a/3P.instrset/cmsis.instrset/CMSIS/RTOS/RTX/LIB/GCC/libRTX_CM4.a(rt_cmsis.o)
                0x0000423c                sysTimerTick
 .text.osTimerCreate
                0x00004304       0x68 C:/ProgramData/MATLAB/SupportPackages/R2022a/3P.instrset/cmsis.instrset/CMSIS/RTOS/RTX/LIB/GCC/libRTX_CM4.a(rt_cmsis.o)
                0x00004304                osTimerCreate
 .text.osTimerStart
                0x0000436c       0x18 C:/ProgramData/MATLAB/SupportPackages/R2022a/3P.instrset/cmsis.instrset/CMSIS/RTOS/RTX/LIB/GCC/libRTX_CM4.a(rt_cmsis.o)
                0x0000436c                osTimerStart
 .text.osTimerThread
                0x00004384       0x3c C:/ProgramData/MATLAB/SupportPackages/R2022a/3P.instrset/cmsis.instrset/CMSIS/RTOS/RTX/LIB/GCC/libRTX_CM4.a(rt_cmsis.o)
                0x00004384                osTimerThread
 .text.svcSignalSet
                0x000043c0       0x2c C:/ProgramData/MATLAB/SupportPackages/R2022a/3P.instrset/cmsis.instrset/CMSIS/RTOS/RTX/LIB/GCC/libRTX_CM4.a(rt_cmsis.o)
                0x000043c0                svcSignalSet
 .text.svcSignalClear
                0x000043ec       0x2c C:/ProgramData/MATLAB/SupportPackages/R2022a/3P.instrset/cmsis.instrset/CMSIS/RTOS/RTX/LIB/GCC/libRTX_CM4.a(rt_cmsis.o)
                0x000043ec                svcSignalClear
 .text.svcSignalWait
                0x00004418      0x100 C:/ProgramData/MATLAB/SupportPackages/R2022a/3P.instrset/cmsis.instrset/CMSIS/RTOS/RTX/LIB/GCC/libRTX_CM4.a(rt_cmsis.o)
                0x00004418                svcSignalWait
 .text.osSignalSet
                0x00004518       0x40 C:/ProgramData/MATLAB/SupportPackages/R2022a/3P.instrset/cmsis.instrset/CMSIS/RTOS/RTX/LIB/GCC/libRTX_CM4.a(rt_cmsis.o)
                0x00004518                osSignalSet
 .text.osSignalClear
                0x00004558       0x1c C:/ProgramData/MATLAB/SupportPackages/R2022a/3P.instrset/cmsis.instrset/CMSIS/RTOS/RTX/LIB/GCC/libRTX_CM4.a(rt_cmsis.o)
                0x00004558                osSignalClear
 .text.osSignalWait
                0x00004574       0x2c C:/ProgramData/MATLAB/SupportPackages/R2022a/3P.instrset/cmsis.instrset/CMSIS/RTOS/RTX/LIB/GCC/libRTX_CM4.a(rt_cmsis.o)
                0x00004574                osSignalWait
 .text.svcMessageGet
                0x000045a0       0xbc C:/ProgramData/MATLAB/SupportPackages/R2022a/3P.instrset/cmsis.instrset/CMSIS/RTOS/RTX/LIB/GCC/libRTX_CM4.a(rt_cmsis.o)
                0x000045a0                svcMessageGet
 .text.rt_init_stack
                0x0000465c       0xa8 C:/ProgramData/MATLAB/SupportPackages/R2022a/3P.instrset/cmsis.instrset/CMSIS/RTOS/RTX/LIB/GCC/libRTX_CM4.a(hal_cm.o)
                0x0000465c                rt_init_stack
 .text.rt_ret_val
                0x00004704       0x14 C:/ProgramData/MATLAB/SupportPackages/R2022a/3P.instrset/cmsis.instrset/CMSIS/RTOS/RTX/LIB/GCC/libRTX_CM4.a(hal_cm.o)
                0x00004704                rt_ret_val
 .text.rt_ret_val2
                0x00004718       0x24 C:/ProgramData/MATLAB/SupportPackages/R2022a/3P.instrset/cmsis.instrset/CMSIS/RTOS/RTX/LIB/GCC/libRTX_CM4.a(hal_cm.o)
                0x00004718                rt_ret_val2
 .text.dbg_init
                0x0000473c       0x34 C:/ProgramData/MATLAB/SupportPackages/R2022a/3P.instrset/cmsis.instrset/CMSIS/RTOS/RTX/LIB/GCC/libRTX_CM4.a(hal_cm.o)
                0x0000473c                dbg_init
 .text.dbg_task_notify
                0x00004770       0x2c C:/ProgramData/MATLAB/SupportPackages/R2022a/3P.instrset/cmsis.instrset/CMSIS/RTOS/RTX/LIB/GCC/libRTX_CM4.a(hal_cm.o)
                0x00004770                dbg_task_notify
 .text.dbg_task_switch
                0x0000479c       0x14 C:/ProgramData/MATLAB/SupportPackages/R2022a/3P.instrset/cmsis.instrset/CMSIS/RTOS/RTX/LIB/GCC/libRTX_CM4.a(hal_cm.o)
                0x0000479c                dbg_task_switch
 .text.rt_init_mem
                0x000047b0       0x1c C:/ProgramData/MATLAB/SupportPackages/R2022a/3P.instrset/cmsis.instrset/CMSIS/RTOS/RTX/LIB/GCC/libRTX_CM4.a(rt_memory.o)
                0x000047b0                rt_init_mem
 .text.rt_alloc_mem
                0x000047cc       0x48 C:/ProgramData/MATLAB/SupportPackages/R2022a/3P.instrset/cmsis.instrset/CMSIS/RTOS/RTX/LIB/GCC/libRTX_CM4.a(rt_memory.o)
                0x000047cc                rt_alloc_mem
 .text.rt_free_mem
                0x00004814       0x54 C:/ProgramData/MATLAB/SupportPackages/R2022a/3P.instrset/cmsis.instrset/CMSIS/RTOS/RTX/LIB/GCC/libRTX_CM4.a(rt_memory.o)
                0x00004814                rt_free_mem
 .text._init_box
                0x00004868       0x58 C:/ProgramData/MATLAB/SupportPackages/R2022a/3P.instrset/cmsis.instrset/CMSIS/RTOS/RTX/LIB/GCC/libRTX_CM4.a(rt_membox.o)
                0x00004868                _init_box
 .text.rt_alloc_box
                0x000048c0       0x1c C:/ProgramData/MATLAB/SupportPackages/R2022a/3P.instrset/cmsis.instrset/CMSIS/RTOS/RTX/LIB/GCC/libRTX_CM4.a(rt_membox.o)
                0x000048c0                rt_alloc_box
 .text.rt_free_box
                0x000048dc       0x28 C:/ProgramData/MATLAB/SupportPackages/R2022a/3P.instrset/cmsis.instrset/CMSIS/RTOS/RTX/LIB/GCC/libRTX_CM4.a(rt_membox.o)
                0x000048dc                rt_free_box
 .text.rt_sem_psh
                0x00004904       0x34 C:/ProgramData/MATLAB/SupportPackages/R2022a/3P.instrset/cmsis.instrset/CMSIS/RTOS/RTX/LIB/GCC/libRTX_CM4.a(rt_semaphore.o)
                0x00004904                rt_sem_psh
 .text.rt_mbx_init
                0x00004938       0x18 C:/ProgramData/MATLAB/SupportPackages/R2022a/3P.instrset/cmsis.instrset/CMSIS/RTOS/RTX/LIB/GCC/libRTX_CM4.a(rt_mailbox.o)
                0x00004938                rt_mbx_init
 .text.rt_mbx_wait
                0x00004950       0xa8 C:/ProgramData/MATLAB/SupportPackages/R2022a/3P.instrset/cmsis.instrset/CMSIS/RTOS/RTX/LIB/GCC/libRTX_CM4.a(rt_mailbox.o)
                0x00004950                rt_mbx_wait
 .text.rt_mbx_check
                0x000049f8        0x8 C:/ProgramData/MATLAB/SupportPackages/R2022a/3P.instrset/cmsis.instrset/CMSIS/RTOS/RTX/LIB/GCC/libRTX_CM4.a(rt_mailbox.o)
                0x000049f8                rt_mbx_check
 .text.isr_mbx_send
                0x00004a00       0x10 C:/ProgramData/MATLAB/SupportPackages/R2022a/3P.instrset/cmsis.instrset/CMSIS/RTOS/RTX/LIB/GCC/libRTX_CM4.a(rt_mailbox.o)
                0x00004a00                isr_mbx_send
 .text.rt_mbx_psh
                0x00004a10       0xe8 C:/ProgramData/MATLAB/SupportPackages/R2022a/3P.instrset/cmsis.instrset/CMSIS/RTOS/RTX/LIB/GCC/libRTX_CM4.a(rt_mailbox.o)
                0x00004a10                rt_mbx_psh
 .text.rt_put_prio
                0x00004af8       0x50 C:/ProgramData/MATLAB/SupportPackages/R2022a/3P.instrset/cmsis.instrset/CMSIS/RTOS/RTX/LIB/GCC/libRTX_CM4.a(rt_list.o)
                0x00004af8                rt_put_prio
 .text.rt_get_first
                0x00004b48       0x28 C:/ProgramData/MATLAB/SupportPackages/R2022a/3P.instrset/cmsis.instrset/CMSIS/RTOS/RTX/LIB/GCC/libRTX_CM4.a(rt_list.o)
                0x00004b48                rt_get_first
 .text.rt_put_rdy_first
                0x00004b70       0x14 C:/ProgramData/MATLAB/SupportPackages/R2022a/3P.instrset/cmsis.instrset/CMSIS/RTOS/RTX/LIB/GCC/libRTX_CM4.a(rt_list.o)
                0x00004b70                rt_put_rdy_first
 .text.rt_resort_prio
                0x00004b84       0xac C:/ProgramData/MATLAB/SupportPackages/R2022a/3P.instrset/cmsis.instrset/CMSIS/RTOS/RTX/LIB/GCC/libRTX_CM4.a(rt_list.o)
                0x00004b84                rt_resort_prio
 .text.rt_put_dly
                0x00004c30       0x60 C:/ProgramData/MATLAB/SupportPackages/R2022a/3P.instrset/cmsis.instrset/CMSIS/RTOS/RTX/LIB/GCC/libRTX_CM4.a(rt_list.o)
                0x00004c30                rt_put_dly
 .text.rt_dec_dly
                0x00004c90       0xbc C:/ProgramData/MATLAB/SupportPackages/R2022a/3P.instrset/cmsis.instrset/CMSIS/RTOS/RTX/LIB/GCC/libRTX_CM4.a(rt_list.o)
                0x00004c90                rt_dec_dly
 .text.rt_rmv_list
                0x00004d4c       0x2c C:/ProgramData/MATLAB/SupportPackages/R2022a/3P.instrset/cmsis.instrset/CMSIS/RTOS/RTX/LIB/GCC/libRTX_CM4.a(rt_list.o)
                0x00004d4c                rt_rmv_list
 .text.rt_rmv_dly
                0x00004d78       0x30 C:/ProgramData/MATLAB/SupportPackages/R2022a/3P.instrset/cmsis.instrset/CMSIS/RTOS/RTX/LIB/GCC/libRTX_CM4.a(rt_list.o)
                0x00004d78                rt_rmv_dly
 .text.rt_psq_enq
                0x00004da8       0x44 C:/ProgramData/MATLAB/SupportPackages/R2022a/3P.instrset/cmsis.instrset/CMSIS/RTOS/RTX/LIB/GCC/libRTX_CM4.a(rt_list.o)
                0x00004da8                rt_psq_enq
 .text.rt_evt_wait
                0x00004dec       0x44 C:/ProgramData/MATLAB/SupportPackages/R2022a/3P.instrset/cmsis.instrset/CMSIS/RTOS/RTX/LIB/GCC/libRTX_CM4.a(rt_event.o)
                0x00004dec                rt_evt_wait
 .text.rt_evt_set
                0x00004e30       0x58 C:/ProgramData/MATLAB/SupportPackages/R2022a/3P.instrset/cmsis.instrset/CMSIS/RTOS/RTX/LIB/GCC/libRTX_CM4.a(rt_event.o)
                0x00004e30                rt_evt_set
 .text.rt_evt_clr
                0x00004e88       0x18 C:/ProgramData/MATLAB/SupportPackages/R2022a/3P.instrset/cmsis.instrset/CMSIS/RTOS/RTX/LIB/GCC/libRTX_CM4.a(rt_event.o)
                0x00004e88                rt_evt_clr
 .text.isr_evt_set
                0x00004ea0       0x24 C:/ProgramData/MATLAB/SupportPackages/R2022a/3P.instrset/cmsis.instrset/CMSIS/RTOS/RTX/LIB/GCC/libRTX_CM4.a(rt_event.o)
                0x00004ea0                isr_evt_set
 .text.rt_evt_psh
                0x00004ec4       0x50 C:/ProgramData/MATLAB/SupportPackages/R2022a/3P.instrset/cmsis.instrset/CMSIS/RTOS/RTX/LIB/GCC/libRTX_CM4.a(rt_event.o)
                0x00004ec4                rt_evt_psh
 .text.rt_psh_req
                0x00004f14       0x20 C:/ProgramData/MATLAB/SupportPackages/R2022a/3P.instrset/cmsis.instrset/CMSIS/RTOS/RTX/LIB/GCC/libRTX_CM4.a(rt_system.o)
                0x00004f14                rt_psh_req
 .text.rt_pop_req
                0x00004f34       0x9c C:/ProgramData/MATLAB/SupportPackages/R2022a/3P.instrset/cmsis.instrset/CMSIS/RTOS/RTX/LIB/GCC/libRTX_CM4.a(rt_system.o)
                0x00004f34                rt_pop_req
 .text.os_tick_init
                0x00004fd0       0x40 C:/ProgramData/MATLAB/SupportPackages/R2022a/3P.instrset/cmsis.instrset/CMSIS/RTOS/RTX/LIB/GCC/libRTX_CM4.a(rt_system.o)
                0x00004fd0                os_tick_init
 .text.os_tick_irqack
                0x00005010        0x4 C:/ProgramData/MATLAB/SupportPackages/R2022a/3P.instrset/cmsis.instrset/CMSIS/RTOS/RTX/LIB/GCC/libRTX_CM4.a(rt_system.o)
                0x00005010                os_tick_irqack
 .text.rt_systick
                0x00005014       0x3c C:/ProgramData/MATLAB/SupportPackages/R2022a/3P.instrset/cmsis.instrset/CMSIS/RTOS/RTX/LIB/GCC/libRTX_CM4.a(rt_system.o)
                0x00005014                rt_systick
 .text.rt_stk_check
                0x00005050       0x24 C:/ProgramData/MATLAB/SupportPackages/R2022a/3P.instrset/cmsis.instrset/CMSIS/RTOS/RTX/LIB/GCC/libRTX_CM4.a(rt_system.o)
                0x00005050                rt_stk_check
 .text.rt_switch_req
                0x00005074       0x24 C:/ProgramData/MATLAB/SupportPackages/R2022a/3P.instrset/cmsis.instrset/CMSIS/RTOS/RTX/LIB/GCC/libRTX_CM4.a(rt_task.o)
                0x00005074                rt_switch_req
 .text.rt_dispatch
                0x00005098       0x78 C:/ProgramData/MATLAB/SupportPackages/R2022a/3P.instrset/cmsis.instrset/CMSIS/RTOS/RTX/LIB/GCC/libRTX_CM4.a(rt_task.o)
                0x00005098                rt_dispatch
 .text.rt_block
                0x00005110       0x50 C:/ProgramData/MATLAB/SupportPackages/R2022a/3P.instrset/cmsis.instrset/CMSIS/RTOS/RTX/LIB/GCC/libRTX_CM4.a(rt_task.o)
                0x00005110                rt_block
 .text.rt_tsk_self
                0x00005160       0x10 C:/ProgramData/MATLAB/SupportPackages/R2022a/3P.instrset/cmsis.instrset/CMSIS/RTOS/RTX/LIB/GCC/libRTX_CM4.a(rt_task.o)
                0x00005160                rt_tsk_self
 .text.rt_tsk_prio
                0x00005170       0xa0 C:/ProgramData/MATLAB/SupportPackages/R2022a/3P.instrset/cmsis.instrset/CMSIS/RTOS/RTX/LIB/GCC/libRTX_CM4.a(rt_task.o)
                0x00005170                rt_tsk_prio
 .text.rt_tsk_create
                0x00005210       0xc8 C:/ProgramData/MATLAB/SupportPackages/R2022a/3P.instrset/cmsis.instrset/CMSIS/RTOS/RTX/LIB/GCC/libRTX_CM4.a(rt_task.o)
                0x00005210                rt_tsk_create
 .text.rt_tsk_delete
                0x000052d8      0x1bc C:/ProgramData/MATLAB/SupportPackages/R2022a/3P.instrset/cmsis.instrset/CMSIS/RTOS/RTX/LIB/GCC/libRTX_CM4.a(rt_task.o)
                0x000052d8                rt_tsk_delete
 .text.rt_sys_init
                0x00005494       0xdc C:/ProgramData/MATLAB/SupportPackages/R2022a/3P.instrset/cmsis.instrset/CMSIS/RTOS/RTX/LIB/GCC/libRTX_CM4.a(rt_task.o)
                0x00005494                rt_sys_init
 .text.rt_sys_start
                0x00005570       0x8c C:/ProgramData/MATLAB/SupportPackages/R2022a/3P.instrset/cmsis.instrset/CMSIS/RTOS/RTX/LIB/GCC/libRTX_CM4.a(rt_task.o)
                0x00005570                rt_sys_start
 .text.OSA_TimeInit
                0x000055fc       0x40 C:/ProgramData/MATLAB/SupportPackages/R2022a/toolbox/target/supportpackages/freedomk64f/src/ksdk_armgcc_lib/bm/libksdk_platform.a(fsl_os_abstraction_bm.o)
                0x000055fc                OSA_TimeInit
 .text.OSA_SemaCreate
                0x0000563c       0x2c C:/ProgramData/MATLAB/SupportPackages/R2022a/toolbox/target/supportpackages/freedomk64f/src/ksdk_armgcc_lib/bm/libksdk_platform.a(fsl_os_abstraction_bm.o)
                0x0000563c                OSA_SemaCreate
 .text.OSA_SemaPost
                0x00005668       0x3c C:/ProgramData/MATLAB/SupportPackages/R2022a/toolbox/target/supportpackages/freedomk64f/src/ksdk_armgcc_lib/bm/libksdk_platform.a(fsl_os_abstraction_bm.o)
                0x00005668                OSA_SemaPost
 .text.task_init
                0x000056a4       0x38 C:/ProgramData/MATLAB/SupportPackages/R2022a/toolbox/target/supportpackages/freedomk64f/src/ksdk_armgcc_lib/bm/libksdk_platform.a(fsl_os_abstraction_bm.o)
                0x000056a4                task_init
 .text.OSA_Init
                0x000056dc        0xe C:/ProgramData/MATLAB/SupportPackages/R2022a/toolbox/target/supportpackages/freedomk64f/src/ksdk_armgcc_lib/bm/libksdk_platform.a(fsl_os_abstraction_bm.o)
                0x000056dc                OSA_Init
 *fill*         0x000056ea        0x2 
 .text.CLOCK_SYS_SetMcgPeeToFbe
                0x000056ec       0x34 C:/ProgramData/MATLAB/SupportPackages/R2022a/toolbox/target/supportpackages/freedomk64f/src/ksdk_armgcc_lib/bm/libksdk_platform.a(fsl_clock_manager.o)
 .text.CLOCK_SYS_SetMcgMode
                0x00005720      0x124 C:/ProgramData/MATLAB/SupportPackages/R2022a/toolbox/target/supportpackages/freedomk64f/src/ksdk_armgcc_lib/bm/libksdk_platform.a(fsl_clock_manager.o)
                0x00005720                CLOCK_SYS_SetMcgMode
 .text.CLOCK_SYS_SetOscerConfigration
                0x00005844       0x20 C:/ProgramData/MATLAB/SupportPackages/R2022a/toolbox/target/supportpackages/freedomk64f/src/ksdk_armgcc_lib/bm/libksdk_platform.a(fsl_clock_manager.o)
                0x00005844                CLOCK_SYS_SetOscerConfigration
 .text.CLOCK_SYS_OscInit
                0x00005864       0x98 C:/ProgramData/MATLAB/SupportPackages/R2022a/toolbox/target/supportpackages/freedomk64f/src/ksdk_armgcc_lib/bm/libksdk_platform.a(fsl_clock_manager.o)
                0x00005864                CLOCK_SYS_OscInit
 .text.CLOCK_SYS_RtcOscInit
                0x000058fc       0x6c C:/ProgramData/MATLAB/SupportPackages/R2022a/toolbox/target/supportpackages/freedomk64f/src/ksdk_armgcc_lib/bm/libksdk_platform.a(fsl_clock_manager.o)
                0x000058fc                CLOCK_SYS_RtcOscInit
 .text.SIM_HAL_EnableClock.constprop.0
                0x00005968       0x1c C:/ProgramData/MATLAB/SupportPackages/R2022a/toolbox/target/supportpackages/freedomk64f/src/ksdk_armgcc_lib/bm/libksdk_platform.a(fsl_clock_MK64F12.o)
 .text.CLOCK_SYS_GetCoreClockFreq
                0x00005984       0x24 C:/ProgramData/MATLAB/SupportPackages/R2022a/toolbox/target/supportpackages/freedomk64f/src/ksdk_armgcc_lib/bm/libksdk_platform.a(fsl_clock_MK64F12.o)
                0x00005984                CLOCK_SYS_GetCoreClockFreq
 .text.CLOCK_SYS_SetConfiguration
                0x000059a8       0x94 C:/ProgramData/MATLAB/SupportPackages/R2022a/toolbox/target/supportpackages/freedomk64f/src/ksdk_armgcc_lib/bm/libksdk_platform.a(fsl_clock_MK64F12.o)
                0x000059a8                CLOCK_SYS_SetConfiguration
 .text.CLOCK_SYS_FllStableDelay
                0x00005a3c       0x18 C:/ProgramData/MATLAB/SupportPackages/R2022a/toolbox/target/supportpackages/freedomk64f/src/ksdk_armgcc_lib/bm/libksdk_platform.a(fsl_clock_MK64F12.o)
 .text.CLOCK_SYS_GetBusClockFreq
                0x00005a54       0x24 C:/ProgramData/MATLAB/SupportPackages/R2022a/toolbox/target/supportpackages/freedomk64f/src/ksdk_armgcc_lib/bm/libksdk_platform.a(fsl_clock_MK64F12.o)
                0x00005a54                CLOCK_SYS_GetBusClockFreq
 .text.CLOCK_SYS_GetUartFreq
                0x00005a78       0x16 C:/ProgramData/MATLAB/SupportPackages/R2022a/toolbox/target/supportpackages/freedomk64f/src/ksdk_armgcc_lib/bm/libksdk_platform.a(fsl_clock_MK64F12.o)
                0x00005a78                CLOCK_SYS_GetUartFreq
 *fill*         0x00005a8e        0x2 
 .text.CLOCK_SYS_EnablePortClock
                0x00005a90       0x30 C:/ProgramData/MATLAB/SupportPackages/R2022a/toolbox/target/supportpackages/freedomk64f/src/ksdk_armgcc_lib/bm/libksdk_platform.a(fsl_clock_MK64F12.o)
                0x00005a90                CLOCK_SYS_EnablePortClock
 .text.CLOCK_SYS_EnableUartClock
                0x00005ac0       0x30 C:/ProgramData/MATLAB/SupportPackages/R2022a/toolbox/target/supportpackages/freedomk64f/src/ksdk_armgcc_lib/bm/libksdk_platform.a(fsl_clock_MK64F12.o)
                0x00005ac0                CLOCK_SYS_EnableUartClock
 .text.INT_SYS_EnableIRQGlobal
                0x00005af0       0x14 C:/ProgramData/MATLAB/SupportPackages/R2022a/toolbox/target/supportpackages/freedomk64f/src/ksdk_armgcc_lib/bm/libksdk_platform.a(fsl_interrupt_manager.o)
                0x00005af0                INT_SYS_EnableIRQGlobal
 .text.INT_SYS_DisableIRQGlobal
                0x00005b04       0x10 C:/ProgramData/MATLAB/SupportPackages/R2022a/toolbox/target/supportpackages/freedomk64f/src/ksdk_armgcc_lib/bm/libksdk_platform.a(fsl_interrupt_manager.o)
                0x00005b04                INT_SYS_DisableIRQGlobal
 .text.EDMA_HAL_SetErrorIntCmd
                0x00005b14        0xa C:/ProgramData/MATLAB/SupportPackages/R2022a/toolbox/target/supportpackages/freedomk64f/src/ksdk_armgcc_lib/bm/libksdk_platform.a(fsl_edma_hal.o)
                0x00005b14                EDMA_HAL_SetErrorIntCmd
 .text.EDMA_HAL_SetDmaRequestCmd
                0x00005b1e        0xa C:/ProgramData/MATLAB/SupportPackages/R2022a/toolbox/target/supportpackages/freedomk64f/src/ksdk_armgcc_lib/bm/libksdk_platform.a(fsl_edma_hal.o)
                0x00005b1e                EDMA_HAL_SetDmaRequestCmd
 .text.EDMA_HAL_HTCDClearReg
                0x00005b28       0x4a C:/ProgramData/MATLAB/SupportPackages/R2022a/toolbox/target/supportpackages/freedomk64f/src/ksdk_armgcc_lib/bm/libksdk_platform.a(fsl_edma_hal.o)
                0x00005b28                EDMA_HAL_HTCDClearReg
 .text.EDMA_HAL_Init
                0x00005b72       0x28 C:/ProgramData/MATLAB/SupportPackages/R2022a/toolbox/target/supportpackages/freedomk64f/src/ksdk_armgcc_lib/bm/libksdk_platform.a(fsl_edma_hal.o)
                0x00005b72                EDMA_HAL_Init
 *fill*         0x00005b9a        0x2 
 .text.EDMA_HAL_HTCDSetAttribute
                0x00005b9c       0x48 C:/ProgramData/MATLAB/SupportPackages/R2022a/toolbox/target/supportpackages/freedomk64f/src/ksdk_armgcc_lib/bm/libksdk_platform.a(fsl_edma_hal.o)
                0x00005b9c                EDMA_HAL_HTCDSetAttribute
 .text.EDMA_HAL_HTCDSetNbytes
                0x00005be4       0x7c C:/ProgramData/MATLAB/SupportPackages/R2022a/toolbox/target/supportpackages/freedomk64f/src/ksdk_armgcc_lib/bm/libksdk_platform.a(fsl_edma_hal.o)
                0x00005be4                EDMA_HAL_HTCDSetNbytes
 .text.EDMA_HAL_HTCDGetNbytes
                0x00005c60       0x68 C:/ProgramData/MATLAB/SupportPackages/R2022a/toolbox/target/supportpackages/freedomk64f/src/ksdk_armgcc_lib/bm/libksdk_platform.a(fsl_edma_hal.o)
                0x00005c60                EDMA_HAL_HTCDGetNbytes
 .text.EDMA_HAL_HTCDSetChannelMinorLink
                0x00005cc8       0x80 C:/ProgramData/MATLAB/SupportPackages/R2022a/toolbox/target/supportpackages/freedomk64f/src/ksdk_armgcc_lib/bm/libksdk_platform.a(fsl_edma_hal.o)
                0x00005cc8                EDMA_HAL_HTCDSetChannelMinorLink
 .text.EDMA_HAL_HTCDSetMajorCount
                0x00005d48       0x78 C:/ProgramData/MATLAB/SupportPackages/R2022a/toolbox/target/supportpackages/freedomk64f/src/ksdk_armgcc_lib/bm/libksdk_platform.a(fsl_edma_hal.o)
                0x00005d48                EDMA_HAL_HTCDSetMajorCount
 .text.EDMA_HAL_HTCDGetUnfinishedBytes
                0x00005dc0       0x54 C:/ProgramData/MATLAB/SupportPackages/R2022a/toolbox/target/supportpackages/freedomk64f/src/ksdk_armgcc_lib/bm/libksdk_platform.a(fsl_edma_hal.o)
                0x00005dc0                EDMA_HAL_HTCDGetUnfinishedBytes
 .text.INT_SYS_EnableIRQ
                0x00005e14       0x48 C:/ProgramData/MATLAB/SupportPackages/R2022a/toolbox/target/supportpackages/freedomk64f/src/ksdk_armgcc_lib/bm/libksdk_platform.a(fsl_edma_driver.o)
 .text.EDMA_DRV_ClaimChannel
                0x00005e5c       0x70 C:/ProgramData/MATLAB/SupportPackages/R2022a/toolbox/target/supportpackages/freedomk64f/src/ksdk_armgcc_lib/bm/libksdk_platform.a(fsl_edma_driver.o)
 .text.EDMA_DRV_Init
                0x00005ecc       0x84 C:/ProgramData/MATLAB/SupportPackages/R2022a/toolbox/target/supportpackages/freedomk64f/src/ksdk_armgcc_lib/bm/libksdk_platform.a(fsl_edma_driver.o)
                0x00005ecc                EDMA_DRV_Init
 .text.EDMA_DRV_InstallCallback
                0x00005f50        0x8 C:/ProgramData/MATLAB/SupportPackages/R2022a/toolbox/target/supportpackages/freedomk64f/src/ksdk_armgcc_lib/bm/libksdk_platform.a(fsl_edma_driver.o)
                0x00005f50                EDMA_DRV_InstallCallback
 .text.EDMA_DRV_RequestChannel
                0x00005f58       0x70 C:/ProgramData/MATLAB/SupportPackages/R2022a/toolbox/target/supportpackages/freedomk64f/src/ksdk_armgcc_lib/bm/libksdk_platform.a(fsl_edma_driver.o)
                0x00005f58                EDMA_DRV_RequestChannel
 .text.EDMA_DRV_IRQHandler
                0x00005fc8       0x30 C:/ProgramData/MATLAB/SupportPackages/R2022a/toolbox/target/supportpackages/freedomk64f/src/ksdk_armgcc_lib/bm/libksdk_platform.a(fsl_edma_driver.o)
                0x00005fc8                EDMA_DRV_IRQHandler
 .text.EDMA_DRV_ErrorIRQHandler
                0x00005ff8       0x8c C:/ProgramData/MATLAB/SupportPackages/R2022a/toolbox/target/supportpackages/freedomk64f/src/ksdk_armgcc_lib/bm/libksdk_platform.a(fsl_edma_driver.o)
                0x00005ff8                EDMA_DRV_ErrorIRQHandler
 .text.PORT_HAL_SetMuxMode.part.0
                0x00006084       0x1c C:/ProgramData/MATLAB/SupportPackages/R2022a/toolbox/target/supportpackages/freedomk64f/src/ksdk_armgcc_lib/bm/libksdk_platform.a(fsl_gpio_driver.o)
 .text.GPIO_DRV_InputPinInit
                0x000060a0       0xe4 C:/ProgramData/MATLAB/SupportPackages/R2022a/toolbox/target/supportpackages/freedomk64f/src/ksdk_armgcc_lib/bm/libksdk_platform.a(fsl_gpio_driver.o)
                0x000060a0                GPIO_DRV_InputPinInit
 .text.GPIO_DRV_OutputPinInit
                0x00006184       0x78 C:/ProgramData/MATLAB/SupportPackages/R2022a/toolbox/target/supportpackages/freedomk64f/src/ksdk_armgcc_lib/bm/libksdk_platform.a(fsl_gpio_driver.o)
                0x00006184                GPIO_DRV_OutputPinInit
 .text.GPIO_DRV_WritePinOutput
                0x000061fc       0x1c C:/ProgramData/MATLAB/SupportPackages/R2022a/toolbox/target/supportpackages/freedomk64f/src/ksdk_armgcc_lib/bm/libksdk_platform.a(fsl_gpio_driver.o)
                0x000061fc                GPIO_DRV_WritePinOutput
 .text.LPTMR_HAL_SetTimerWorkingMode
                0x00006218       0x3c C:/ProgramData/MATLAB/SupportPackages/R2022a/toolbox/target/supportpackages/freedomk64f/src/ksdk_armgcc_lib/bm/libksdk_platform.a(fsl_lptmr_hal.o)
                0x00006218                LPTMR_HAL_SetTimerWorkingMode
 .text.LPTMR_HAL_SetPrescalerMode
                0x00006254       0x1c C:/ProgramData/MATLAB/SupportPackages/R2022a/toolbox/target/supportpackages/freedomk64f/src/ksdk_armgcc_lib/bm/libksdk_platform.a(fsl_lptmr_hal.o)
                0x00006254                LPTMR_HAL_SetPrescalerMode
 .text.CLOCK_HAL_TestOscFreq
                0x00006270       0x28 C:/ProgramData/MATLAB/SupportPackages/R2022a/toolbox/target/supportpackages/freedomk64f/src/ksdk_armgcc_lib/bm/libksdk_platform.a(fsl_mcg_hal.o)
                0x00006270                CLOCK_HAL_TestOscFreq
 .text.CLOCK_HAL_GetMcgExternalClkFreq
                0x00006298        0xa C:/ProgramData/MATLAB/SupportPackages/R2022a/toolbox/target/supportpackages/freedomk64f/src/ksdk_armgcc_lib/bm/libksdk_platform.a(fsl_mcg_hal.o)
 .text.CLOCK_HAL_TestFllExternalRefFreq
                0x000062a2       0x2c C:/ProgramData/MATLAB/SupportPackages/R2022a/toolbox/target/supportpackages/freedomk64f/src/ksdk_armgcc_lib/bm/libksdk_platform.a(fsl_mcg_hal.o)
                0x000062a2                CLOCK_HAL_TestFllExternalRefFreq
 *fill*         0x000062ce        0x2 
 .text.CLOCK_HAL_GetFllRefClk
                0x000062d0       0x40 C:/ProgramData/MATLAB/SupportPackages/R2022a/toolbox/target/supportpackages/freedomk64f/src/ksdk_armgcc_lib/bm/libksdk_platform.a(fsl_mcg_hal.o)
                0x000062d0                CLOCK_HAL_GetFllRefClk
 .text.CLOCK_HAL_TestFllFreq
                0x00006310       0x34 C:/ProgramData/MATLAB/SupportPackages/R2022a/toolbox/target/supportpackages/freedomk64f/src/ksdk_armgcc_lib/bm/libksdk_platform.a(fsl_mcg_hal.o)
                0x00006310                CLOCK_HAL_TestFllFreq
 .text.CLOCK_HAL_GetFllClk
                0x00006344       0x3c C:/ProgramData/MATLAB/SupportPackages/R2022a/toolbox/target/supportpackages/freedomk64f/src/ksdk_armgcc_lib/bm/libksdk_platform.a(fsl_mcg_hal.o)
                0x00006344                CLOCK_HAL_GetFllClk
 .text.CLOCK_HAL_UpdateFastClkInternalRefDiv
                0x00006380       0x58 C:/ProgramData/MATLAB/SupportPackages/R2022a/toolbox/target/supportpackages/freedomk64f/src/ksdk_armgcc_lib/bm/libksdk_platform.a(fsl_mcg_hal.o)
                0x00006380                CLOCK_HAL_UpdateFastClkInternalRefDiv
 .text.CLOCK_HAL_GetPll0Clk
                0x000063d8       0x48 C:/ProgramData/MATLAB/SupportPackages/R2022a/toolbox/target/supportpackages/freedomk64f/src/ksdk_armgcc_lib/bm/libksdk_platform.a(fsl_mcg_hal.o)
                0x000063d8                CLOCK_HAL_GetPll0Clk
 .text.CLOCK_HAL_EnablePll0InFllMode
                0x00006420       0x38 C:/ProgramData/MATLAB/SupportPackages/R2022a/toolbox/target/supportpackages/freedomk64f/src/ksdk_armgcc_lib/bm/libksdk_platform.a(fsl_mcg_hal.o)
                0x00006420                CLOCK_HAL_EnablePll0InFllMode
 .text.CLOCK_HAL_GetInternalRefClk
                0x00006458       0x40 C:/ProgramData/MATLAB/SupportPackages/R2022a/toolbox/target/supportpackages/freedomk64f/src/ksdk_armgcc_lib/bm/libksdk_platform.a(fsl_mcg_hal.o)
                0x00006458                CLOCK_HAL_GetInternalRefClk
 .text.CLOCK_HAL_GetOutClk
                0x00006498       0x22 C:/ProgramData/MATLAB/SupportPackages/R2022a/toolbox/target/supportpackages/freedomk64f/src/ksdk_armgcc_lib/bm/libksdk_platform.a(fsl_mcg_hal.o)
                0x00006498                CLOCK_HAL_GetOutClk
 .text.CLOCK_HAL_SetOsc0Mode
                0x000064ba       0x24 C:/ProgramData/MATLAB/SupportPackages/R2022a/toolbox/target/supportpackages/freedomk64f/src/ksdk_armgcc_lib/bm/libksdk_platform.a(fsl_mcg_hal.o)
                0x000064ba                CLOCK_HAL_SetOsc0Mode
 *fill*         0x000064de        0x2 
 .text.CLOCK_HAL_PrepareOsc
                0x000064e0       0x30 C:/ProgramData/MATLAB/SupportPackages/R2022a/toolbox/target/supportpackages/freedomk64f/src/ksdk_armgcc_lib/bm/libksdk_platform.a(fsl_mcg_hal_modes.o)
 .text.CLOCK_HAL_GetMcgMode
                0x00006510       0x7c C:/ProgramData/MATLAB/SupportPackages/R2022a/toolbox/target/supportpackages/freedomk64f/src/ksdk_armgcc_lib/bm/libksdk_platform.a(fsl_mcg_hal_modes.o)
                0x00006510                CLOCK_HAL_GetMcgMode
 .text.CLOCK_HAL_SetFbiMode
                0x0000658c       0xc0 C:/ProgramData/MATLAB/SupportPackages/R2022a/toolbox/target/supportpackages/freedomk64f/src/ksdk_armgcc_lib/bm/libksdk_platform.a(fsl_mcg_hal_modes.o)
                0x0000658c                CLOCK_HAL_SetFbiMode
 .text.CLOCK_HAL_SetFbeMode
                0x0000664c       0xf0 C:/ProgramData/MATLAB/SupportPackages/R2022a/toolbox/target/supportpackages/freedomk64f/src/ksdk_armgcc_lib/bm/libksdk_platform.a(fsl_mcg_hal_modes.o)
                0x0000664c                CLOCK_HAL_SetFbeMode
 .text.CLOCK_HAL_SetPbeMode
                0x0000673c       0xd8 C:/ProgramData/MATLAB/SupportPackages/R2022a/toolbox/target/supportpackages/freedomk64f/src/ksdk_armgcc_lib/bm/libksdk_platform.a(fsl_mcg_hal_modes.o)
                0x0000673c                CLOCK_HAL_SetPbeMode
 .text.OSC_HAL_SetCapacitor
                0x00006814        0xe C:/ProgramData/MATLAB/SupportPackages/R2022a/toolbox/target/supportpackages/freedomk64f/src/ksdk_armgcc_lib/bm/libksdk_platform.a(fsl_osc_hal.o)
                0x00006814                OSC_HAL_SetCapacitor
 .text.CLOCK_HAL_SetOutDiv
                0x00006822       0x28 C:/ProgramData/MATLAB/SupportPackages/R2022a/toolbox/target/supportpackages/freedomk64f/src/ksdk_armgcc_lib/bm/libksdk_platform.a(fsl_sim_hal_MK64F12.o)
                0x00006822                CLOCK_HAL_SetOutDiv
 *fill*         0x0000684a        0x2 
 .text.UART_DRV_CompleteSendData
                0x0000684c       0x54 C:/ProgramData/MATLAB/SupportPackages/R2022a/toolbox/target/supportpackages/freedomk64f/src/ksdk_armgcc_lib/bm/libksdk_platform.a(fsl_uart_driver.o)
 .text.UART_DRV_CompleteReceiveData
                0x000068a0       0x5c C:/ProgramData/MATLAB/SupportPackages/R2022a/toolbox/target/supportpackages/freedomk64f/src/ksdk_armgcc_lib/bm/libksdk_platform.a(fsl_uart_driver.o)
 .text.UART_DRV_IRQHandler
                0x000068fc       0xdc C:/ProgramData/MATLAB/SupportPackages/R2022a/toolbox/target/supportpackages/freedomk64f/src/ksdk_armgcc_lib/bm/libksdk_platform.a(fsl_uart_driver.o)
                0x000068fc                UART_DRV_IRQHandler
 .text.EDMA_HAL_HTCDSetIntCmd
                0x000069d8       0x14 C:/ProgramData/MATLAB/SupportPackages/R2022a/toolbox/target/supportpackages/freedomk64f/src/ksdk_armgcc_lib/bm/libksdk_platform.a(fsl_uart_edma_driver.o)
 .text.UART_DRV_EdmaCompleteSendData
                0x000069ec       0x60 C:/ProgramData/MATLAB/SupportPackages/R2022a/toolbox/target/supportpackages/freedomk64f/src/ksdk_armgcc_lib/bm/libksdk_platform.a(fsl_uart_edma_driver.o)
 .text.UART_DRV_EdmaTxCallback
                0x00006a4c        0x4 C:/ProgramData/MATLAB/SupportPackages/R2022a/toolbox/target/supportpackages/freedomk64f/src/ksdk_armgcc_lib/bm/libksdk_platform.a(fsl_uart_edma_driver.o)
 .text.UART_DRV_EdmaCompleteReceiveData
                0x00006a50       0x64 C:/ProgramData/MATLAB/SupportPackages/R2022a/toolbox/target/supportpackages/freedomk64f/src/ksdk_armgcc_lib/bm/libksdk_platform.a(fsl_uart_edma_driver.o)
 .text.UART_DRV_EdmaRxCallback
                0x00006ab4        0x4 C:/ProgramData/MATLAB/SupportPackages/R2022a/toolbox/target/supportpackages/freedomk64f/src/ksdk_armgcc_lib/bm/libksdk_platform.a(fsl_uart_edma_driver.o)
 .text.UART_DRV_EdmaStartSendData
                0x00006ab8       0x78 C:/ProgramData/MATLAB/SupportPackages/R2022a/toolbox/target/supportpackages/freedomk64f/src/ksdk_armgcc_lib/bm/libksdk_platform.a(fsl_uart_edma_driver.o)
 .text.UART_DRV_EdmaInit
                0x00006b30      0x260 C:/ProgramData/MATLAB/SupportPackages/R2022a/toolbox/target/supportpackages/freedomk64f/src/ksdk_armgcc_lib/bm/libksdk_platform.a(fsl_uart_edma_driver.o)
                0x00006b30                UART_DRV_EdmaInit
 .text.UART_DRV_EdmaSendData
                0x00006d90       0x48 C:/ProgramData/MATLAB/SupportPackages/R2022a/toolbox/target/supportpackages/freedomk64f/src/ksdk_armgcc_lib/bm/libksdk_platform.a(fsl_uart_edma_driver.o)
                0x00006d90                UART_DRV_EdmaSendData
 .text.UART_DRV_EdmaGetTransmitStatus
                0x00006dd8       0x58 C:/ProgramData/MATLAB/SupportPackages/R2022a/toolbox/target/supportpackages/freedomk64f/src/ksdk_armgcc_lib/bm/libksdk_platform.a(fsl_uart_edma_driver.o)
                0x00006dd8                UART_DRV_EdmaGetTransmitStatus
 .text.DMAMUX_HAL_Init
                0x00006e30       0x22 C:/ProgramData/MATLAB/SupportPackages/R2022a/toolbox/target/supportpackages/freedomk64f/src/ksdk_armgcc_lib/bm/libksdk_platform.a(fsl_dmamux_hal.o)
                0x00006e30                DMAMUX_HAL_Init
 *fill*         0x00006e52        0x2 
 .text.GPIO_HAL_SetPinDir
                0x00006e54       0x34 C:/ProgramData/MATLAB/SupportPackages/R2022a/toolbox/target/supportpackages/freedomk64f/src/ksdk_armgcc_lib/bm/libksdk_platform.a(fsl_gpio_hal.o)
                0x00006e54                GPIO_HAL_SetPinDir
 .text.GPIO_HAL_WritePinOutput
                0x00006e88       0x30 C:/ProgramData/MATLAB/SupportPackages/R2022a/toolbox/target/supportpackages/freedomk64f/src/ksdk_armgcc_lib/bm/libksdk_platform.a(fsl_gpio_hal.o)
                0x00006e88                GPIO_HAL_WritePinOutput
 .text.UART_HAL_Init
                0x00006eb8       0x2a C:/ProgramData/MATLAB/SupportPackages/R2022a/toolbox/target/supportpackages/freedomk64f/src/ksdk_armgcc_lib/bm/libksdk_platform.a(fsl_uart_hal.o)
                0x00006eb8                UART_HAL_Init
 .text.UART_HAL_SetBaudRate
                0x00006ee2       0x42 C:/ProgramData/MATLAB/SupportPackages/R2022a/toolbox/target/supportpackages/freedomk64f/src/ksdk_armgcc_lib/bm/libksdk_platform.a(fsl_uart_hal.o)
                0x00006ee2                UART_HAL_SetBaudRate
 .text.UART_HAL_SetParityMode
                0x00006f24       0x18 C:/ProgramData/MATLAB/SupportPackages/R2022a/toolbox/target/supportpackages/freedomk64f/src/ksdk_armgcc_lib/bm/libksdk_platform.a(fsl_uart_hal.o)
                0x00006f24                UART_HAL_SetParityMode
 .text.UART_HAL_Putchar
                0x00006f3c        0x6 C:/ProgramData/MATLAB/SupportPackages/R2022a/toolbox/target/supportpackages/freedomk64f/src/ksdk_armgcc_lib/bm/libksdk_platform.a(fsl_uart_hal.o)
                0x00006f3c                UART_HAL_Putchar
 .text.UART_HAL_Getchar
                0x00006f42        0x8 C:/ProgramData/MATLAB/SupportPackages/R2022a/toolbox/target/supportpackages/freedomk64f/src/ksdk_armgcc_lib/bm/libksdk_platform.a(fsl_uart_hal.o)
                0x00006f42                UART_HAL_Getchar
 .text.UART_HAL_SetIntMode
                0x00006f4a       0x66 C:/ProgramData/MATLAB/SupportPackages/R2022a/toolbox/target/supportpackages/freedomk64f/src/ksdk_armgcc_lib/bm/libksdk_platform.a(fsl_uart_hal.o)
                0x00006f4a                UART_HAL_SetIntMode
 .text.UART_HAL_SetTxDmaCmd
                0x00006fb0       0x28 C:/ProgramData/MATLAB/SupportPackages/R2022a/toolbox/target/supportpackages/freedomk64f/src/ksdk_armgcc_lib/bm/libksdk_platform.a(fsl_uart_hal.o)
                0x00006fb0                UART_HAL_SetTxDmaCmd
 .text.UART_HAL_SetRxDmaCmd
                0x00006fd8       0x1c C:/ProgramData/MATLAB/SupportPackages/R2022a/toolbox/target/supportpackages/freedomk64f/src/ksdk_armgcc_lib/bm/libksdk_platform.a(fsl_uart_hal.o)
                0x00006fd8                UART_HAL_SetRxDmaCmd
 .text.UART_HAL_GetStatusFlag
                0x00006ff4       0x30 C:/ProgramData/MATLAB/SupportPackages/R2022a/toolbox/target/supportpackages/freedomk64f/src/ksdk_armgcc_lib/bm/libksdk_platform.a(fsl_uart_hal.o)
                0x00006ff4                UART_HAL_GetStatusFlag
 .text.UART_HAL_ClearStatusFlag
                0x00007024       0x7a C:/ProgramData/MATLAB/SupportPackages/R2022a/toolbox/target/supportpackages/freedomk64f/src/ksdk_armgcc_lib/bm/libksdk_platform.a(fsl_uart_hal.o)
                0x00007024                UART_HAL_ClearStatusFlag
 *fill*         0x0000709e        0x2 
 .text.abort    0x000070a0       0x10 c:/progra~3/matlab/suppor~1/r2022a/3p778c~1.ins/gnuarm~1.ins/win/bin/../lib/gcc/arm-none-eabi/9.3.1/../../../../arm-none-eabi/lib/thumb/v7e-m+fp/hard\libg.a(lib_a-abort.o)
                0x000070a0                abort
 .text.__assert_func
                0x000070b0       0x3c c:/progra~3/matlab/suppor~1/r2022a/3p778c~1.ins/gnuarm~1.ins/win/bin/../lib/gcc/arm-none-eabi/9.3.1/../../../../arm-none-eabi/lib/thumb/v7e-m+fp/hard\libg.a(lib_a-assert.o)
                0x000070b0                __assert_func
 .text.atexit   0x000070ec        0xc c:/progra~3/matlab/suppor~1/r2022a/3p778c~1.ins/gnuarm~1.ins/win/bin/../lib/gcc/arm-none-eabi/9.3.1/../../../../arm-none-eabi/lib/thumb/v7e-m+fp/hard\libg.a(lib_a-atexit.o)
                0x000070ec                atexit
 .text.__errno  0x000070f8        0xc c:/progra~3/matlab/suppor~1/r2022a/3p778c~1.ins/gnuarm~1.ins/win/bin/../lib/gcc/arm-none-eabi/9.3.1/../../../../arm-none-eabi/lib/thumb/v7e-m+fp/hard\libg.a(lib_a-errno.o)
                0x000070f8                __errno
 .text.exit     0x00007104       0x20 c:/progra~3/matlab/suppor~1/r2022a/3p778c~1.ins/gnuarm~1.ins/win/bin/../lib/gcc/arm-none-eabi/9.3.1/../../../../arm-none-eabi/lib/thumb/v7e-m+fp/hard\libg.a(lib_a-exit.o)
                0x00007104                exit
 .text.__libc_fini_array
                0x00007124       0x2c c:/progra~3/matlab/suppor~1/r2022a/3p778c~1.ins/gnuarm~1.ins/win/bin/../lib/gcc/arm-none-eabi/9.3.1/../../../../arm-none-eabi/lib/thumb/v7e-m+fp/hard\libg.a(lib_a-fini.o)
                0x00007124                __libc_fini_array
 .text.fiprintf
                0x00007150       0x28 c:/progra~3/matlab/suppor~1/r2022a/3p778c~1.ins/gnuarm~1.ins/win/bin/../lib/gcc/arm-none-eabi/9.3.1/../../../../arm-none-eabi/lib/thumb/v7e-m+fp/hard\libg.a(lib_a-fiprintf.o)
                0x00007150                fiprintf
 .text.__libc_init_array
                0x00007178       0x48 c:/progra~3/matlab/suppor~1/r2022a/3p778c~1.ins/gnuarm~1.ins/win/bin/../lib/gcc/arm-none-eabi/9.3.1/../../../../arm-none-eabi/lib/thumb/v7e-m+fp/hard\libg.a(lib_a-init.o)
                0x00007178                __libc_init_array
 .text._malloc_r
                0x000071c0      0x574 c:/progra~3/matlab/suppor~1/r2022a/3p778c~1.ins/gnuarm~1.ins/win/bin/../lib/gcc/arm-none-eabi/9.3.1/../../../../arm-none-eabi/lib/thumb/v7e-m+fp/hard\libg.a(lib_a-mallocr.o)
                0x000071c0                _malloc_r
 .text.memset   0x00007734       0xa0 c:/progra~3/matlab/suppor~1/r2022a/3p778c~1.ins/gnuarm~1.ins/win/bin/../lib/gcc/arm-none-eabi/9.3.1/../../../../arm-none-eabi/lib/thumb/v7e-m+fp/hard\libg.a(lib_a-memset.o)
                0x00007734                memset
 .text.__malloc_lock
                0x000077d4        0xc c:/progra~3/matlab/suppor~1/r2022a/3p778c~1.ins/gnuarm~1.ins/win/bin/../lib/gcc/arm-none-eabi/9.3.1/../../../../arm-none-eabi/lib/thumb/v7e-m+fp/hard\libg.a(lib_a-mlock.o)
                0x000077d4                __malloc_lock
 .text.__malloc_unlock
                0x000077e0        0xc c:/progra~3/matlab/suppor~1/r2022a/3p778c~1.ins/gnuarm~1.ins/win/bin/../lib/gcc/arm-none-eabi/9.3.1/../../../../arm-none-eabi/lib/thumb/v7e-m+fp/hard\libg.a(lib_a-mlock.o)
                0x000077e0                __malloc_unlock
 .text._sbrk_r  0x000077ec       0x24 c:/progra~3/matlab/suppor~1/r2022a/3p778c~1.ins/gnuarm~1.ins/win/bin/../lib/gcc/arm-none-eabi/9.3.1/../../../../arm-none-eabi/lib/thumb/v7e-m+fp/hard\libg.a(lib_a-sbrkr.o)
                0x000077ec                _sbrk_r
 .text._raise_r
                0x00007810       0x58 c:/progra~3/matlab/suppor~1/r2022a/3p778c~1.ins/gnuarm~1.ins/win/bin/../lib/gcc/arm-none-eabi/9.3.1/../../../../arm-none-eabi/lib/thumb/v7e-m+fp/hard\libg.a(lib_a-signal.o)
                0x00007810                _raise_r
 .text.raise    0x00007868       0x10 c:/progra~3/matlab/suppor~1/r2022a/3p778c~1.ins/gnuarm~1.ins/win/bin/../lib/gcc/arm-none-eabi/9.3.1/../../../../arm-none-eabi/lib/thumb/v7e-m+fp/hard\libg.a(lib_a-signal.o)
                0x00007868                raise
 .text._kill_r  0x00007878       0x2c c:/progra~3/matlab/suppor~1/r2022a/3p778c~1.ins/gnuarm~1.ins/win/bin/../lib/gcc/arm-none-eabi/9.3.1/../../../../arm-none-eabi/lib/thumb/v7e-m+fp/hard\libg.a(lib_a-signalr.o)
                0x00007878                _kill_r
 .text._getpid_r
                0x000078a4        0x4 c:/progra~3/matlab/suppor~1/r2022a/3p778c~1.ins/gnuarm~1.ins/win/bin/../lib/gcc/arm-none-eabi/9.3.1/../../../../arm-none-eabi/lib/thumb/v7e-m+fp/hard\libg.a(lib_a-signalr.o)
                0x000078a4                _getpid_r
 .text.__sprint_r.part.0
                0x000078a8       0x78 c:/progra~3/matlab/suppor~1/r2022a/3p778c~1.ins/gnuarm~1.ins/win/bin/../lib/gcc/arm-none-eabi/9.3.1/../../../../arm-none-eabi/lib/thumb/v7e-m+fp/hard\libg.a(lib_a-vfiprintf.o)
 .text._vfiprintf_r
                0x00007920      0xd4c c:/progra~3/matlab/suppor~1/r2022a/3p778c~1.ins/gnuarm~1.ins/win/bin/../lib/gcc/arm-none-eabi/9.3.1/../../../../arm-none-eabi/lib/thumb/v7e-m+fp/hard\libg.a(lib_a-vfiprintf.o)
                0x00007920                _vfiprintf_r
 .text.__sbprintf
                0x0000866c       0x84 c:/progra~3/matlab/suppor~1/r2022a/3p778c~1.ins/gnuarm~1.ins/win/bin/../lib/gcc/arm-none-eabi/9.3.1/../../../../arm-none-eabi/lib/thumb/v7e-m+fp/hard\libg.a(lib_a-vfiprintf.o)
 .text.__swsetup_r
                0x000086f0       0xd0 c:/progra~3/matlab/suppor~1/r2022a/3p778c~1.ins/gnuarm~1.ins/win/bin/../lib/gcc/arm-none-eabi/9.3.1/../../../../arm-none-eabi/lib/thumb/v7e-m+fp/hard\libg.a(lib_a-wsetup.o)
                0x000086f0                __swsetup_r
 .text.__register_exitproc
                0x000087c0       0x8c c:/progra~3/matlab/suppor~1/r2022a/3p778c~1.ins/gnuarm~1.ins/win/bin/../lib/gcc/arm-none-eabi/9.3.1/../../../../arm-none-eabi/lib/thumb/v7e-m+fp/hard\libg.a(lib_a-__atexit.o)
                0x000087c0                __register_exitproc
 .text.startup.register_fini
                0x0000884c       0x14 c:/progra~3/matlab/suppor~1/r2022a/3p778c~1.ins/gnuarm~1.ins/win/bin/../lib/gcc/arm-none-eabi/9.3.1/../../../../arm-none-eabi/lib/thumb/v7e-m+fp/hard\libg.a(lib_a-__call_atexit.o)
 .text.__call_exitprocs
                0x00008860       0xcc c:/progra~3/matlab/suppor~1/r2022a/3p778c~1.ins/gnuarm~1.ins/win/bin/../lib/gcc/arm-none-eabi/9.3.1/../../../../arm-none-eabi/lib/thumb/v7e-m+fp/hard\libg.a(lib_a-__call_atexit.o)
                0x00008860                __call_exitprocs
 .text.__sflush_r
                0x0000892c      0x130 c:/progra~3/matlab/suppor~1/r2022a/3p778c~1.ins/gnuarm~1.ins/win/bin/../lib/gcc/arm-none-eabi/9.3.1/../../../../arm-none-eabi/lib/thumb/v7e-m+fp/hard\libg.a(lib_a-fflush.o)
                0x0000892c                __sflush_r
 .text._fflush_r
                0x00008a5c       0x5c c:/progra~3/matlab/suppor~1/r2022a/3p778c~1.ins/gnuarm~1.ins/win/bin/../lib/gcc/arm-none-eabi/9.3.1/../../../../arm-none-eabi/lib/thumb/v7e-m+fp/hard\libg.a(lib_a-fflush.o)
                0x00008a5c                _fflush_r
 .text.std      0x00008ab8       0x50 c:/progra~3/matlab/suppor~1/r2022a/3p778c~1.ins/gnuarm~1.ins/win/bin/../lib/gcc/arm-none-eabi/9.3.1/../../../../arm-none-eabi/lib/thumb/v7e-m+fp/hard\libg.a(lib_a-findfp.o)
 .text._cleanup_r
                0x00008b08        0xc c:/progra~3/matlab/suppor~1/r2022a/3p778c~1.ins/gnuarm~1.ins/win/bin/../lib/gcc/arm-none-eabi/9.3.1/../../../../arm-none-eabi/lib/thumb/v7e-m+fp/hard\libg.a(lib_a-findfp.o)
                0x00008b08                _cleanup_r
 .text.__sinit  0x00008b14       0x54 c:/progra~3/matlab/suppor~1/r2022a/3p778c~1.ins/gnuarm~1.ins/win/bin/../lib/gcc/arm-none-eabi/9.3.1/../../../../arm-none-eabi/lib/thumb/v7e-m+fp/hard\libg.a(lib_a-findfp.o)
                0x00008b14                __sinit
 .text.__sfp_lock_acquire
                0x00008b68        0xc c:/progra~3/matlab/suppor~1/r2022a/3p778c~1.ins/gnuarm~1.ins/win/bin/../lib/gcc/arm-none-eabi/9.3.1/../../../../arm-none-eabi/lib/thumb/v7e-m+fp/hard\libg.a(lib_a-findfp.o)
                0x00008b68                __sfp_lock_acquire
 .text.__sfp_lock_release
                0x00008b74        0xc c:/progra~3/matlab/suppor~1/r2022a/3p778c~1.ins/gnuarm~1.ins/win/bin/../lib/gcc/arm-none-eabi/9.3.1/../../../../arm-none-eabi/lib/thumb/v7e-m+fp/hard\libg.a(lib_a-findfp.o)
                0x00008b74                __sfp_lock_release
 .text.__fputwc
                0x00008b80       0xa8 c:/progra~3/matlab/suppor~1/r2022a/3p778c~1.ins/gnuarm~1.ins/win/bin/../lib/gcc/arm-none-eabi/9.3.1/../../../../arm-none-eabi/lib/thumb/v7e-m+fp/hard\libg.a(lib_a-fputwc.o)
                0x00008b80                __fputwc
 .text._fputwc_r
                0x00008c28       0x68 c:/progra~3/matlab/suppor~1/r2022a/3p778c~1.ins/gnuarm~1.ins/win/bin/../lib/gcc/arm-none-eabi/9.3.1/../../../../arm-none-eabi/lib/thumb/v7e-m+fp/hard\libg.a(lib_a-fputwc.o)
                0x00008c28                _fputwc_r
 .text._malloc_trim_r
                0x00008c90       0xa0 c:/progra~3/matlab/suppor~1/r2022a/3p778c~1.ins/gnuarm~1.ins/win/bin/../lib/gcc/arm-none-eabi/9.3.1/../../../../arm-none-eabi/lib/thumb/v7e-m+fp/hard\libg.a(lib_a-freer.o)
                0x00008c90                _malloc_trim_r
 .text._free_r  0x00008d30      0x208 c:/progra~3/matlab/suppor~1/r2022a/3p778c~1.ins/gnuarm~1.ins/win/bin/../lib/gcc/arm-none-eabi/9.3.1/../../../../arm-none-eabi/lib/thumb/v7e-m+fp/hard\libg.a(lib_a-freer.o)
                0x00008d30                _free_r
 .text.__sfvwrite_r
                0x00008f38      0x2e0 c:/progra~3/matlab/suppor~1/r2022a/3p778c~1.ins/gnuarm~1.ins/win/bin/../lib/gcc/arm-none-eabi/9.3.1/../../../../arm-none-eabi/lib/thumb/v7e-m+fp/hard\libg.a(lib_a-fvwrite.o)
                0x00008f38                __sfvwrite_r
 .text._fwalk_reent
                0x00009218       0x48 c:/progra~3/matlab/suppor~1/r2022a/3p778c~1.ins/gnuarm~1.ins/win/bin/../lib/gcc/arm-none-eabi/9.3.1/../../../../arm-none-eabi/lib/thumb/v7e-m+fp/hard\libg.a(lib_a-fwalk.o)
                0x00009218                _fwalk_reent
 .text.__locale_mb_cur_max
                0x00009260        0xc c:/progra~3/matlab/suppor~1/r2022a/3p778c~1.ins/gnuarm~1.ins/win/bin/../lib/gcc/arm-none-eabi/9.3.1/../../../../arm-none-eabi/lib/thumb/v7e-m+fp/hard\libg.a(lib_a-locale.o)
                0x00009260                __locale_mb_cur_max
 .text._localeconv_r
                0x0000926c        0x8 c:/progra~3/matlab/suppor~1/r2022a/3p778c~1.ins/gnuarm~1.ins/win/bin/../lib/gcc/arm-none-eabi/9.3.1/../../../../arm-none-eabi/lib/thumb/v7e-m+fp/hard\libg.a(lib_a-localeconv.o)
                0x0000926c                _localeconv_r
 .text.__retarget_lock_init_recursive
                0x00009274        0x4 c:/progra~3/matlab/suppor~1/r2022a/3p778c~1.ins/gnuarm~1.ins/win/bin/../lib/gcc/arm-none-eabi/9.3.1/../../../../arm-none-eabi/lib/thumb/v7e-m+fp/hard\libg.a(lib_a-lock.o)
                0x00009274                __retarget_lock_init_recursive
 .text.__retarget_lock_close_recursive
                0x00009278        0x4 c:/progra~3/matlab/suppor~1/r2022a/3p778c~1.ins/gnuarm~1.ins/win/bin/../lib/gcc/arm-none-eabi/9.3.1/../../../../arm-none-eabi/lib/thumb/v7e-m+fp/hard\libg.a(lib_a-lock.o)
                0x00009278                __retarget_lock_close_recursive
 .text.__retarget_lock_acquire_recursive
                0x0000927c        0x4 c:/progra~3/matlab/suppor~1/r2022a/3p778c~1.ins/gnuarm~1.ins/win/bin/../lib/gcc/arm-none-eabi/9.3.1/../../../../arm-none-eabi/lib/thumb/v7e-m+fp/hard\libg.a(lib_a-lock.o)
                0x0000927c                __retarget_lock_acquire_recursive
 .text.__retarget_lock_release_recursive
                0x00009280        0x4 c:/progra~3/matlab/suppor~1/r2022a/3p778c~1.ins/gnuarm~1.ins/win/bin/../lib/gcc/arm-none-eabi/9.3.1/../../../../arm-none-eabi/lib/thumb/v7e-m+fp/hard\libg.a(lib_a-lock.o)
                0x00009280                __retarget_lock_release_recursive
 .text.__swhatbuf_r
                0x00009284       0x5c c:/progra~3/matlab/suppor~1/r2022a/3p778c~1.ins/gnuarm~1.ins/win/bin/../lib/gcc/arm-none-eabi/9.3.1/../../../../arm-none-eabi/lib/thumb/v7e-m+fp/hard\libg.a(lib_a-makebuf.o)
                0x00009284                __swhatbuf_r
 .text.__smakebuf_r
                0x000092e0       0x98 c:/progra~3/matlab/suppor~1/r2022a/3p778c~1.ins/gnuarm~1.ins/win/bin/../lib/gcc/arm-none-eabi/9.3.1/../../../../arm-none-eabi/lib/thumb/v7e-m+fp/hard\libg.a(lib_a-makebuf.o)
                0x000092e0                __smakebuf_r
 .text.__ascii_mbtowc
                0x00009378       0x2c c:/progra~3/matlab/suppor~1/r2022a/3p778c~1.ins/gnuarm~1.ins/win/bin/../lib/gcc/arm-none-eabi/9.3.1/../../../../arm-none-eabi/lib/thumb/v7e-m+fp/hard\libg.a(lib_a-mbtowc_r.o)
                0x00009378                __ascii_mbtowc
 .text.memmove  0x000093a4       0xd8 c:/progra~3/matlab/suppor~1/r2022a/3p778c~1.ins/gnuarm~1.ins/win/bin/../lib/gcc/arm-none-eabi/9.3.1/../../../../arm-none-eabi/lib/thumb/v7e-m+fp/hard\libg.a(lib_a-memmove.o)
                0x000093a4                memmove
 .text._realloc_r
                0x0000947c      0x3e0 c:/progra~3/matlab/suppor~1/r2022a/3p778c~1.ins/gnuarm~1.ins/win/bin/../lib/gcc/arm-none-eabi/9.3.1/../../../../arm-none-eabi/lib/thumb/v7e-m+fp/hard\libg.a(lib_a-reallocr.o)
                0x0000947c                _realloc_r
 .text.__sread  0x0000985c       0x24 c:/progra~3/matlab/suppor~1/r2022a/3p778c~1.ins/gnuarm~1.ins/win/bin/../lib/gcc/arm-none-eabi/9.3.1/../../../../arm-none-eabi/lib/thumb/v7e-m+fp/hard\libg.a(lib_a-stdio.o)
                0x0000985c                __sread
 .text.__swrite
                0x00009880       0x40 c:/progra~3/matlab/suppor~1/r2022a/3p778c~1.ins/gnuarm~1.ins/win/bin/../lib/gcc/arm-none-eabi/9.3.1/../../../../arm-none-eabi/lib/thumb/v7e-m+fp/hard\libg.a(lib_a-stdio.o)
                0x00009880                __swrite
 .text.__sseek  0x000098c0       0x20 c:/progra~3/matlab/suppor~1/r2022a/3p778c~1.ins/gnuarm~1.ins/win/bin/../lib/gcc/arm-none-eabi/9.3.1/../../../../arm-none-eabi/lib/thumb/v7e-m+fp/hard\libg.a(lib_a-stdio.o)
                0x000098c0                __sseek
 .text.__sclose
                0x000098e0        0x8 c:/progra~3/matlab/suppor~1/r2022a/3p778c~1.ins/gnuarm~1.ins/win/bin/../lib/gcc/arm-none-eabi/9.3.1/../../../../arm-none-eabi/lib/thumb/v7e-m+fp/hard\libg.a(lib_a-stdio.o)
                0x000098e0                __sclose
 .text.strncpy  0x000098e8       0x68 c:/progra~3/matlab/suppor~1/r2022a/3p778c~1.ins/gnuarm~1.ins/win/bin/../lib/gcc/arm-none-eabi/9.3.1/../../../../arm-none-eabi/lib/thumb/v7e-m+fp/hard\libg.a(lib_a-strncpy.o)
                0x000098e8                strncpy
 .text.__swbuf_r
                0x00009950       0xb0 c:/progra~3/matlab/suppor~1/r2022a/3p778c~1.ins/gnuarm~1.ins/win/bin/../lib/gcc/arm-none-eabi/9.3.1/../../../../arm-none-eabi/lib/thumb/v7e-m+fp/hard\libg.a(lib_a-wbuf.o)
                0x00009950                __swbuf_r
 .text._wcrtomb_r
                0x00009a00       0x3c c:/progra~3/matlab/suppor~1/r2022a/3p778c~1.ins/gnuarm~1.ins/win/bin/../lib/gcc/arm-none-eabi/9.3.1/../../../../arm-none-eabi/lib/thumb/v7e-m+fp/hard\libg.a(lib_a-wcrtomb.o)
                0x00009a00                _wcrtomb_r
 .text.__ascii_wctomb
                0x00009a3c       0x1c c:/progra~3/matlab/suppor~1/r2022a/3p778c~1.ins/gnuarm~1.ins/win/bin/../lib/gcc/arm-none-eabi/9.3.1/../../../../arm-none-eabi/lib/thumb/v7e-m+fp/hard\libg.a(lib_a-wctomb_r.o)
                0x00009a3c                __ascii_wctomb
 .text._write_r
                0x00009a58       0x2c c:/progra~3/matlab/suppor~1/r2022a/3p778c~1.ins/gnuarm~1.ins/win/bin/../lib/gcc/arm-none-eabi/9.3.1/../../../../arm-none-eabi/lib/thumb/v7e-m+fp/hard\libg.a(lib_a-writer.o)
                0x00009a58                _write_r
 .text._close_r
                0x00009a84       0x24 c:/progra~3/matlab/suppor~1/r2022a/3p778c~1.ins/gnuarm~1.ins/win/bin/../lib/gcc/arm-none-eabi/9.3.1/../../../../arm-none-eabi/lib/thumb/v7e-m+fp/hard\libg.a(lib_a-closer.o)
                0x00009a84                _close_r
 .text._fclose_r
                0x00009aa8       0xcc c:/progra~3/matlab/suppor~1/r2022a/3p778c~1.ins/gnuarm~1.ins/win/bin/../lib/gcc/arm-none-eabi/9.3.1/../../../../arm-none-eabi/lib/thumb/v7e-m+fp/hard\libg.a(lib_a-fclose.o)
                0x00009aa8                _fclose_r
 .text._fstat_r
                0x00009b74       0x2c c:/progra~3/matlab/suppor~1/r2022a/3p778c~1.ins/gnuarm~1.ins/win/bin/../lib/gcc/arm-none-eabi/9.3.1/../../../../arm-none-eabi/lib/thumb/v7e-m+fp/hard\libg.a(lib_a-fstatr.o)
                0x00009b74                _fstat_r
 .text._isatty_r
                0x00009ba0       0x24 c:/progra~3/matlab/suppor~1/r2022a/3p778c~1.ins/gnuarm~1.ins/win/bin/../lib/gcc/arm-none-eabi/9.3.1/../../../../arm-none-eabi/lib/thumb/v7e-m+fp/hard\libg.a(lib_a-isattyr.o)
                0x00009ba0                _isatty_r
 .text._lseek_r
                0x00009bc4       0x2c c:/progra~3/matlab/suppor~1/r2022a/3p778c~1.ins/gnuarm~1.ins/win/bin/../lib/gcc/arm-none-eabi/9.3.1/../../../../arm-none-eabi/lib/thumb/v7e-m+fp/hard\libg.a(lib_a-lseekr.o)
                0x00009bc4                _lseek_r
 .text._read_r  0x00009bf0       0x2c c:/progra~3/matlab/suppor~1/r2022a/3p778c~1.ins/gnuarm~1.ins/win/bin/../lib/gcc/arm-none-eabi/9.3.1/../../../../arm-none-eabi/lib/thumb/v7e-m+fp/hard\libg.a(lib_a-readr.o)
                0x00009bf0                _read_r
 .text._close   0x00009c1c       0x10 c:/progra~3/matlab/suppor~1/r2022a/3p778c~1.ins/gnuarm~1.ins/win/bin/../lib/gcc/arm-none-eabi/9.3.1/../../../../arm-none-eabi/lib/thumb/v7e-m+fp/hard\libnosys.a(close.o)
                0x00009c1c                _close
 .text._fstat   0x00009c2c       0x10 c:/progra~3/matlab/suppor~1/r2022a/3p778c~1.ins/gnuarm~1.ins/win/bin/../lib/gcc/arm-none-eabi/9.3.1/../../../../arm-none-eabi/lib/thumb/v7e-m+fp/hard\libnosys.a(fstat.o)
                0x00009c2c                _fstat
 .text._getpid  0x00009c3c       0x10 c:/progra~3/matlab/suppor~1/r2022a/3p778c~1.ins/gnuarm~1.ins/win/bin/../lib/gcc/arm-none-eabi/9.3.1/../../../../arm-none-eabi/lib/thumb/v7e-m+fp/hard\libnosys.a(getpid.o)
                0x00009c3c                _getpid
 .text._isatty  0x00009c4c       0x10 c:/progra~3/matlab/suppor~1/r2022a/3p778c~1.ins/gnuarm~1.ins/win/bin/../lib/gcc/arm-none-eabi/9.3.1/../../../../arm-none-eabi/lib/thumb/v7e-m+fp/hard\libnosys.a(isatty.o)
                0x00009c4c                _isatty
 .text._kill    0x00009c5c       0x10 c:/progra~3/matlab/suppor~1/r2022a/3p778c~1.ins/gnuarm~1.ins/win/bin/../lib/gcc/arm-none-eabi/9.3.1/../../../../arm-none-eabi/lib/thumb/v7e-m+fp/hard\libnosys.a(kill.o)
                0x00009c5c                _kill
 .text._lseek   0x00009c6c       0x10 c:/progra~3/matlab/suppor~1/r2022a/3p778c~1.ins/gnuarm~1.ins/win/bin/../lib/gcc/arm-none-eabi/9.3.1/../../../../arm-none-eabi/lib/thumb/v7e-m+fp/hard\libnosys.a(lseek.o)
                0x00009c6c                _lseek
 .text._read    0x00009c7c       0x10 c:/progra~3/matlab/suppor~1/r2022a/3p778c~1.ins/gnuarm~1.ins/win/bin/../lib/gcc/arm-none-eabi/9.3.1/../../../../arm-none-eabi/lib/thumb/v7e-m+fp/hard\libnosys.a(read.o)
                0x00009c7c                _read
 .text._write   0x00009c8c       0x10 c:/progra~3/matlab/suppor~1/r2022a/3p778c~1.ins/gnuarm~1.ins/win/bin/../lib/gcc/arm-none-eabi/9.3.1/../../../../arm-none-eabi/lib/thumb/v7e-m+fp/hard\libnosys.a(write.o)
                0x00009c8c                _write
 .text._exit    0x00009c9c        0x4 c:/progra~3/matlab/suppor~1/r2022a/3p778c~1.ins/gnuarm~1.ins/win/bin/../lib/gcc/arm-none-eabi/9.3.1/../../../../arm-none-eabi/lib/thumb/v7e-m+fp/hard\libnosys.a(_exit.o)
                0x00009c9c                _exit
 *(.rodata)
 .rodata        0x00009ca0       0xe9 MW_SCI.o
 *fill*         0x00009d89        0x3 
 .rodata        0x00009d8c       0x50 board.o
 .rodata        0x00009ddc       0x44 pin_mux.o
 *(.rodata*)
 .rodata.__func__.11218
                0x00009e20       0x21 MW_SCI.o
 *fill*         0x00009e41        0x3 
 .rodata.__func__.9972
                0x00009e44       0x19 MW_SCI.o
 *fill*         0x00009e5d        0x3 
 .rodata.__func__.10025
                0x00009e60       0x17 MW_SCI.o
 *fill*         0x00009e77        0x1 
 .rodata.__func__.11229
                0x00009e78       0x24 MW_SCI.o
 .rodata.Serial_example_M
                0x00009e9c        0x4 Serial_example.o
                0x00009e9c                Serial_example_M
 .rodata.g_defaultClockConfigRun
                0x00009ea0       0x16 board.o
                0x00009ea0                g_defaultClockConfigRun
 *fill*         0x00009eb6        0x2 
 .rodata.__func__.7550
                0x00009eb8       0x14 board.o
 .rodata.__func__.7544
                0x00009ecc       0x14 pin_mux.o
 .rodata.os_maxtaskrun
                0x00009ee0        0x2 RTX_Conf_CM.o
                0x00009ee0                os_maxtaskrun
 *fill*         0x00009ee2        0x2 
 .rodata.os_stackinfo
                0x00009ee4        0x4 RTX_Conf_CM.o
                0x00009ee4                os_stackinfo
 .rodata.os_trv
                0x00009ee8        0x4 RTX_Conf_CM.o
                0x00009ee8                os_trv
 .rodata.os_flags
                0x00009eec        0x1 RTX_Conf_CM.o
                0x00009eec                os_flags
 *fill*         0x00009eed        0x3 
 .rodata.os_clockrate
                0x00009ef0        0x4 RTX_Conf_CM.o
                0x00009ef0                os_clockrate
 .rodata.mp_tcb_size
                0x00009ef4        0x2 RTX_Conf_CM.o
                0x00009ef4                mp_tcb_size
 *fill*         0x00009ef6        0x2 
 .rodata.mp_stk_size
                0x00009ef8        0x4 RTX_Conf_CM.o
                0x00009ef8                mp_stk_size
 .rodata.os_stack_sz
                0x00009efc        0x4 RTX_Conf_CM.o
                0x00009efc                os_stack_sz
 .rodata.os_fifo_size
                0x00009f00        0x1 RTX_Conf_CM.o
                0x00009f00                os_fifo_size
 *fill*         0x00009f01        0x3 
 .rodata.os_thread_def_osTimerThread
                0x00009f04       0x10 RTX_Conf_CM.o
                0x00009f04                os_thread_def_osTimerThread
 .rodata.os_messageQ_def_osTimerMessageQ
                0x00009f14        0x8 RTX_Conf_CM.o
                0x00009f14                os_messageQ_def_osTimerMessageQ
 .rodata.mp_tmr_size
                0x00009f1c        0x2 RTX_Conf_CM.o
                0x00009f1c                mp_tmr_size
 *fill*         0x00009f1e        0x2 